[2025-11-03 19:05:47,159][dinov2][INFO] - using MLP layer as FFN
[2025-11-03 19:05:47,203][dinov2][INFO] - using MLP layer as FFN
[2025-11-03 19:05:47,254][dinov2][INFO] - using MLP layer as FFN
[2025-11-03 19:05:53,078][__main__][INFO] - Reading 35454 samples from SceneFlow.
[2025-11-03 19:05:53,097][__main__][INFO] - Reading 4370 samples from SceneFlow.
[2025-11-03 19:05:53,100][__main__][INFO] - Reading 200 samples from KITTI.
[2025-11-03 19:05:53,101][__main__][INFO] - Reading 15 samples from Middlebury.
[2025-11-03 19:05:53,102][__main__][INFO] - Reading 27 samples from ETH3D.
[2025-11-03 19:05:53,366][dinov2][INFO] - using MLP layer as FFN
[2025-11-03 19:05:58,510][__main__][INFO] - Loading model from PromptStereo.
[2025-11-03 21:13:19,013][accelerate.accelerator][INFO] - Saving current state to /data/wxq/checkpoint/promptstereo-v6/exp14-noscale/10000
[2025-11-03 21:13:21,101][accelerate.checkpointing][INFO] - Model weights saved in /data/wxq/checkpoint/promptstereo-v6/exp14-noscale/10000/model.safetensors
[2025-11-03 21:13:21,802][accelerate.checkpointing][INFO] - Optimizer state saved in /data/wxq/checkpoint/promptstereo-v6/exp14-noscale/10000/optimizer.bin
[2025-11-03 21:13:21,803][accelerate.checkpointing][INFO] - Scheduler state saved in /data/wxq/checkpoint/promptstereo-v6/exp14-noscale/10000/scheduler.bin
[2025-11-03 21:13:21,803][accelerate.checkpointing][INFO] - Sampler state for dataloader 0 saved in /data/wxq/checkpoint/promptstereo-v6/exp14-noscale/10000/sampler.bin
[2025-11-03 21:13:21,803][accelerate.checkpointing][INFO] - Sampler state for dataloader 1 saved in /data/wxq/checkpoint/promptstereo-v6/exp14-noscale/10000/sampler_1.bin
[2025-11-03 21:13:21,803][accelerate.checkpointing][INFO] - Sampler state for dataloader 2 saved in /data/wxq/checkpoint/promptstereo-v6/exp14-noscale/10000/sampler_2.bin
[2025-11-03 21:13:21,804][accelerate.checkpointing][INFO] - Sampler state for dataloader 3 saved in /data/wxq/checkpoint/promptstereo-v6/exp14-noscale/10000/sampler_3.bin
[2025-11-03 21:13:21,804][accelerate.checkpointing][INFO] - Sampler state for dataloader 4 saved in /data/wxq/checkpoint/promptstereo-v6/exp14-noscale/10000/sampler_4.bin
[2025-11-03 21:13:21,805][accelerate.checkpointing][INFO] - Random states saved in /data/wxq/checkpoint/promptstereo-v6/exp14-noscale/10000/random_states_0.pkl
[2025-11-03 23:28:26,762][accelerate.accelerator][INFO] - Saving current state to /data/wxq/checkpoint/promptstereo-v6/exp14-noscale/20000
[2025-11-03 23:28:28,833][accelerate.checkpointing][INFO] - Model weights saved in /data/wxq/checkpoint/promptstereo-v6/exp14-noscale/20000/model.safetensors
[2025-11-03 23:28:29,539][accelerate.checkpointing][INFO] - Optimizer state saved in /data/wxq/checkpoint/promptstereo-v6/exp14-noscale/20000/optimizer.bin
[2025-11-03 23:28:29,540][accelerate.checkpointing][INFO] - Scheduler state saved in /data/wxq/checkpoint/promptstereo-v6/exp14-noscale/20000/scheduler.bin
[2025-11-03 23:28:29,540][accelerate.checkpointing][INFO] - Sampler state for dataloader 0 saved in /data/wxq/checkpoint/promptstereo-v6/exp14-noscale/20000/sampler.bin
[2025-11-03 23:28:29,540][accelerate.checkpointing][INFO] - Sampler state for dataloader 1 saved in /data/wxq/checkpoint/promptstereo-v6/exp14-noscale/20000/sampler_1.bin
[2025-11-03 23:28:29,540][accelerate.checkpointing][INFO] - Sampler state for dataloader 2 saved in /data/wxq/checkpoint/promptstereo-v6/exp14-noscale/20000/sampler_2.bin
[2025-11-03 23:28:29,540][accelerate.checkpointing][INFO] - Sampler state for dataloader 3 saved in /data/wxq/checkpoint/promptstereo-v6/exp14-noscale/20000/sampler_3.bin
[2025-11-03 23:28:29,540][accelerate.checkpointing][INFO] - Sampler state for dataloader 4 saved in /data/wxq/checkpoint/promptstereo-v6/exp14-noscale/20000/sampler_4.bin
[2025-11-03 23:28:29,541][accelerate.checkpointing][INFO] - Random states saved in /data/wxq/checkpoint/promptstereo-v6/exp14-noscale/20000/random_states_0.pkl
