[2025-11-17 15:02:37,256][dinov2][INFO] - using MLP layer as FFN
[2025-11-17 15:02:51,100][__main__][INFO] - Reading 35454 samples from SceneFlow.
[2025-11-17 15:02:51,120][__main__][INFO] - Reading 4370 samples from SceneFlow.
[2025-11-17 15:02:51,122][__main__][INFO] - Reading 200 samples from KITTI.
[2025-11-17 15:02:51,123][__main__][INFO] - Reading 15 samples from Middlebury.
[2025-11-17 15:02:51,124][__main__][INFO] - Reading 27 samples from ETH3D.
[2025-11-17 15:02:51,469][dinov2][INFO] - using MLP layer as FFN
[2025-11-17 15:02:56,928][__main__][INFO] - Loading model from PromptStereo.
[2025-11-17 17:15:39,959][accelerate.accelerator][INFO] - Saving current state to /data/wxq/checkpoint/promptstereo-v6/exp14-aug/10000
[2025-11-17 17:15:49,928][accelerate.checkpointing][INFO] - Model weights saved in /data/wxq/checkpoint/promptstereo-v6/exp14-aug/10000/model.safetensors
[2025-11-17 17:15:53,197][accelerate.checkpointing][INFO] - Optimizer state saved in /data/wxq/checkpoint/promptstereo-v6/exp14-aug/10000/optimizer.bin
[2025-11-17 17:15:53,198][accelerate.checkpointing][INFO] - Scheduler state saved in /data/wxq/checkpoint/promptstereo-v6/exp14-aug/10000/scheduler.bin
[2025-11-17 17:15:53,199][accelerate.checkpointing][INFO] - Sampler state for dataloader 0 saved in /data/wxq/checkpoint/promptstereo-v6/exp14-aug/10000/sampler.bin
[2025-11-17 17:15:53,199][accelerate.checkpointing][INFO] - Sampler state for dataloader 1 saved in /data/wxq/checkpoint/promptstereo-v6/exp14-aug/10000/sampler_1.bin
[2025-11-17 17:15:53,199][accelerate.checkpointing][INFO] - Sampler state for dataloader 2 saved in /data/wxq/checkpoint/promptstereo-v6/exp14-aug/10000/sampler_2.bin
[2025-11-17 17:15:53,200][accelerate.checkpointing][INFO] - Sampler state for dataloader 3 saved in /data/wxq/checkpoint/promptstereo-v6/exp14-aug/10000/sampler_3.bin
[2025-11-17 17:15:53,200][accelerate.checkpointing][INFO] - Sampler state for dataloader 4 saved in /data/wxq/checkpoint/promptstereo-v6/exp14-aug/10000/sampler_4.bin
[2025-11-17 17:15:53,203][accelerate.checkpointing][INFO] - Random states saved in /data/wxq/checkpoint/promptstereo-v6/exp14-aug/10000/random_states_0.pkl
[2025-11-17 19:37:09,153][accelerate.accelerator][INFO] - Saving current state to /data/wxq/checkpoint/promptstereo-v6/exp14-aug/20000
[2025-11-17 19:37:19,666][accelerate.checkpointing][INFO] - Model weights saved in /data/wxq/checkpoint/promptstereo-v6/exp14-aug/20000/model.safetensors
[2025-11-17 19:37:22,842][accelerate.checkpointing][INFO] - Optimizer state saved in /data/wxq/checkpoint/promptstereo-v6/exp14-aug/20000/optimizer.bin
[2025-11-17 19:37:22,843][accelerate.checkpointing][INFO] - Scheduler state saved in /data/wxq/checkpoint/promptstereo-v6/exp14-aug/20000/scheduler.bin
[2025-11-17 19:37:22,844][accelerate.checkpointing][INFO] - Sampler state for dataloader 0 saved in /data/wxq/checkpoint/promptstereo-v6/exp14-aug/20000/sampler.bin
[2025-11-17 19:37:22,845][accelerate.checkpointing][INFO] - Sampler state for dataloader 1 saved in /data/wxq/checkpoint/promptstereo-v6/exp14-aug/20000/sampler_1.bin
[2025-11-17 19:37:22,846][accelerate.checkpointing][INFO] - Sampler state for dataloader 2 saved in /data/wxq/checkpoint/promptstereo-v6/exp14-aug/20000/sampler_2.bin
[2025-11-17 19:37:22,846][accelerate.checkpointing][INFO] - Sampler state for dataloader 3 saved in /data/wxq/checkpoint/promptstereo-v6/exp14-aug/20000/sampler_3.bin
[2025-11-17 19:37:22,846][accelerate.checkpointing][INFO] - Sampler state for dataloader 4 saved in /data/wxq/checkpoint/promptstereo-v6/exp14-aug/20000/sampler_4.bin
[2025-11-17 19:37:22,849][accelerate.checkpointing][INFO] - Random states saved in /data/wxq/checkpoint/promptstereo-v6/exp14-aug/20000/random_states_0.pkl
[2025-11-17 21:57:35,970][accelerate.accelerator][INFO] - Saving current state to /data/wxq/checkpoint/promptstereo-v6/exp14-aug/30000
[2025-11-17 21:57:46,402][accelerate.checkpointing][INFO] - Model weights saved in /data/wxq/checkpoint/promptstereo-v6/exp14-aug/30000/model.safetensors
[2025-11-17 21:57:49,634][accelerate.checkpointing][INFO] - Optimizer state saved in /data/wxq/checkpoint/promptstereo-v6/exp14-aug/30000/optimizer.bin
[2025-11-17 21:57:49,660][accelerate.checkpointing][INFO] - Scheduler state saved in /data/wxq/checkpoint/promptstereo-v6/exp14-aug/30000/scheduler.bin
[2025-11-17 21:57:49,661][accelerate.checkpointing][INFO] - Sampler state for dataloader 0 saved in /data/wxq/checkpoint/promptstereo-v6/exp14-aug/30000/sampler.bin
[2025-11-17 21:57:49,662][accelerate.checkpointing][INFO] - Sampler state for dataloader 1 saved in /data/wxq/checkpoint/promptstereo-v6/exp14-aug/30000/sampler_1.bin
[2025-11-17 21:57:49,663][accelerate.checkpointing][INFO] - Sampler state for dataloader 2 saved in /data/wxq/checkpoint/promptstereo-v6/exp14-aug/30000/sampler_2.bin
[2025-11-17 21:57:49,664][accelerate.checkpointing][INFO] - Sampler state for dataloader 3 saved in /data/wxq/checkpoint/promptstereo-v6/exp14-aug/30000/sampler_3.bin
[2025-11-17 21:57:49,665][accelerate.checkpointing][INFO] - Sampler state for dataloader 4 saved in /data/wxq/checkpoint/promptstereo-v6/exp14-aug/30000/sampler_4.bin
[2025-11-17 21:57:49,668][accelerate.checkpointing][INFO] - Random states saved in /data/wxq/checkpoint/promptstereo-v6/exp14-aug/30000/random_states_0.pkl
[2025-11-18 00:18:27,530][accelerate.accelerator][INFO] - Saving current state to /data/wxq/checkpoint/promptstereo-v6/exp14-aug/40000
[2025-11-18 00:18:37,223][accelerate.checkpointing][INFO] - Model weights saved in /data/wxq/checkpoint/promptstereo-v6/exp14-aug/40000/model.safetensors
[2025-11-18 00:18:40,620][accelerate.checkpointing][INFO] - Optimizer state saved in /data/wxq/checkpoint/promptstereo-v6/exp14-aug/40000/optimizer.bin
[2025-11-18 00:18:40,623][accelerate.checkpointing][INFO] - Scheduler state saved in /data/wxq/checkpoint/promptstereo-v6/exp14-aug/40000/scheduler.bin
[2025-11-18 00:18:40,624][accelerate.checkpointing][INFO] - Sampler state for dataloader 0 saved in /data/wxq/checkpoint/promptstereo-v6/exp14-aug/40000/sampler.bin
[2025-11-18 00:18:40,625][accelerate.checkpointing][INFO] - Sampler state for dataloader 1 saved in /data/wxq/checkpoint/promptstereo-v6/exp14-aug/40000/sampler_1.bin
[2025-11-18 00:18:40,625][accelerate.checkpointing][INFO] - Sampler state for dataloader 2 saved in /data/wxq/checkpoint/promptstereo-v6/exp14-aug/40000/sampler_2.bin
[2025-11-18 00:18:40,625][accelerate.checkpointing][INFO] - Sampler state for dataloader 3 saved in /data/wxq/checkpoint/promptstereo-v6/exp14-aug/40000/sampler_3.bin
[2025-11-18 00:18:40,626][accelerate.checkpointing][INFO] - Sampler state for dataloader 4 saved in /data/wxq/checkpoint/promptstereo-v6/exp14-aug/40000/sampler_4.bin
[2025-11-18 00:18:40,628][accelerate.checkpointing][INFO] - Random states saved in /data/wxq/checkpoint/promptstereo-v6/exp14-aug/40000/random_states_0.pkl
[2025-11-18 02:37:43,704][accelerate.accelerator][INFO] - Saving current state to /data/wxq/checkpoint/promptstereo-v6/exp14-aug/50000
[2025-11-18 02:37:53,293][accelerate.checkpointing][INFO] - Model weights saved in /data/wxq/checkpoint/promptstereo-v6/exp14-aug/50000/model.safetensors
[2025-11-18 02:37:56,592][accelerate.checkpointing][INFO] - Optimizer state saved in /data/wxq/checkpoint/promptstereo-v6/exp14-aug/50000/optimizer.bin
[2025-11-18 02:37:56,612][accelerate.checkpointing][INFO] - Scheduler state saved in /data/wxq/checkpoint/promptstereo-v6/exp14-aug/50000/scheduler.bin
[2025-11-18 02:37:56,613][accelerate.checkpointing][INFO] - Sampler state for dataloader 0 saved in /data/wxq/checkpoint/promptstereo-v6/exp14-aug/50000/sampler.bin
[2025-11-18 02:37:56,613][accelerate.checkpointing][INFO] - Sampler state for dataloader 1 saved in /data/wxq/checkpoint/promptstereo-v6/exp14-aug/50000/sampler_1.bin
[2025-11-18 02:37:56,613][accelerate.checkpointing][INFO] - Sampler state for dataloader 2 saved in /data/wxq/checkpoint/promptstereo-v6/exp14-aug/50000/sampler_2.bin
[2025-11-18 02:37:56,614][accelerate.checkpointing][INFO] - Sampler state for dataloader 3 saved in /data/wxq/checkpoint/promptstereo-v6/exp14-aug/50000/sampler_3.bin
[2025-11-18 02:37:56,614][accelerate.checkpointing][INFO] - Sampler state for dataloader 4 saved in /data/wxq/checkpoint/promptstereo-v6/exp14-aug/50000/sampler_4.bin
[2025-11-18 02:37:56,617][accelerate.checkpointing][INFO] - Random states saved in /data/wxq/checkpoint/promptstereo-v6/exp14-aug/50000/random_states_0.pkl
[2025-11-18 04:57:34,286][accelerate.accelerator][INFO] - Saving current state to /data/wxq/checkpoint/promptstereo-v6/exp14-aug/60000
[2025-11-18 04:57:44,365][accelerate.checkpointing][INFO] - Model weights saved in /data/wxq/checkpoint/promptstereo-v6/exp14-aug/60000/model.safetensors
[2025-11-18 04:57:47,980][accelerate.checkpointing][INFO] - Optimizer state saved in /data/wxq/checkpoint/promptstereo-v6/exp14-aug/60000/optimizer.bin
[2025-11-18 04:57:47,982][accelerate.checkpointing][INFO] - Scheduler state saved in /data/wxq/checkpoint/promptstereo-v6/exp14-aug/60000/scheduler.bin
[2025-11-18 04:57:47,982][accelerate.checkpointing][INFO] - Sampler state for dataloader 0 saved in /data/wxq/checkpoint/promptstereo-v6/exp14-aug/60000/sampler.bin
[2025-11-18 04:57:47,983][accelerate.checkpointing][INFO] - Sampler state for dataloader 1 saved in /data/wxq/checkpoint/promptstereo-v6/exp14-aug/60000/sampler_1.bin
[2025-11-18 04:57:47,985][accelerate.checkpointing][INFO] - Sampler state for dataloader 2 saved in /data/wxq/checkpoint/promptstereo-v6/exp14-aug/60000/sampler_2.bin
[2025-11-18 04:57:47,986][accelerate.checkpointing][INFO] - Sampler state for dataloader 3 saved in /data/wxq/checkpoint/promptstereo-v6/exp14-aug/60000/sampler_3.bin
[2025-11-18 04:57:47,987][accelerate.checkpointing][INFO] - Sampler state for dataloader 4 saved in /data/wxq/checkpoint/promptstereo-v6/exp14-aug/60000/sampler_4.bin
[2025-11-18 04:57:47,990][accelerate.checkpointing][INFO] - Random states saved in /data/wxq/checkpoint/promptstereo-v6/exp14-aug/60000/random_states_0.pkl
[2025-11-18 07:17:38,440][accelerate.accelerator][INFO] - Saving current state to /data/wxq/checkpoint/promptstereo-v6/exp14-aug/70000
[2025-11-18 07:17:49,060][accelerate.checkpointing][INFO] - Model weights saved in /data/wxq/checkpoint/promptstereo-v6/exp14-aug/70000/model.safetensors
[2025-11-18 07:17:52,616][accelerate.checkpointing][INFO] - Optimizer state saved in /data/wxq/checkpoint/promptstereo-v6/exp14-aug/70000/optimizer.bin
[2025-11-18 07:17:52,618][accelerate.checkpointing][INFO] - Scheduler state saved in /data/wxq/checkpoint/promptstereo-v6/exp14-aug/70000/scheduler.bin
[2025-11-18 07:17:52,618][accelerate.checkpointing][INFO] - Sampler state for dataloader 0 saved in /data/wxq/checkpoint/promptstereo-v6/exp14-aug/70000/sampler.bin
[2025-11-18 07:17:52,619][accelerate.checkpointing][INFO] - Sampler state for dataloader 1 saved in /data/wxq/checkpoint/promptstereo-v6/exp14-aug/70000/sampler_1.bin
[2025-11-18 07:17:52,620][accelerate.checkpointing][INFO] - Sampler state for dataloader 2 saved in /data/wxq/checkpoint/promptstereo-v6/exp14-aug/70000/sampler_2.bin
[2025-11-18 07:17:52,621][accelerate.checkpointing][INFO] - Sampler state for dataloader 3 saved in /data/wxq/checkpoint/promptstereo-v6/exp14-aug/70000/sampler_3.bin
[2025-11-18 07:17:52,622][accelerate.checkpointing][INFO] - Sampler state for dataloader 4 saved in /data/wxq/checkpoint/promptstereo-v6/exp14-aug/70000/sampler_4.bin
[2025-11-18 07:17:52,624][accelerate.checkpointing][INFO] - Random states saved in /data/wxq/checkpoint/promptstereo-v6/exp14-aug/70000/random_states_0.pkl
[2025-11-18 09:38:05,399][accelerate.accelerator][INFO] - Saving current state to /data/wxq/checkpoint/promptstereo-v6/exp14-aug/80000
[2025-11-18 09:38:15,713][accelerate.checkpointing][INFO] - Model weights saved in /data/wxq/checkpoint/promptstereo-v6/exp14-aug/80000/model.safetensors
[2025-11-18 09:38:19,070][accelerate.checkpointing][INFO] - Optimizer state saved in /data/wxq/checkpoint/promptstereo-v6/exp14-aug/80000/optimizer.bin
[2025-11-18 09:38:19,071][accelerate.checkpointing][INFO] - Scheduler state saved in /data/wxq/checkpoint/promptstereo-v6/exp14-aug/80000/scheduler.bin
[2025-11-18 09:38:19,071][accelerate.checkpointing][INFO] - Sampler state for dataloader 0 saved in /data/wxq/checkpoint/promptstereo-v6/exp14-aug/80000/sampler.bin
[2025-11-18 09:38:19,072][accelerate.checkpointing][INFO] - Sampler state for dataloader 1 saved in /data/wxq/checkpoint/promptstereo-v6/exp14-aug/80000/sampler_1.bin
[2025-11-18 09:38:19,072][accelerate.checkpointing][INFO] - Sampler state for dataloader 2 saved in /data/wxq/checkpoint/promptstereo-v6/exp14-aug/80000/sampler_2.bin
[2025-11-18 09:38:19,073][accelerate.checkpointing][INFO] - Sampler state for dataloader 3 saved in /data/wxq/checkpoint/promptstereo-v6/exp14-aug/80000/sampler_3.bin
[2025-11-18 09:38:19,074][accelerate.checkpointing][INFO] - Sampler state for dataloader 4 saved in /data/wxq/checkpoint/promptstereo-v6/exp14-aug/80000/sampler_4.bin
[2025-11-18 09:38:19,076][accelerate.checkpointing][INFO] - Random states saved in /data/wxq/checkpoint/promptstereo-v6/exp14-aug/80000/random_states_0.pkl
[2025-11-18 11:57:29,162][accelerate.accelerator][INFO] - Saving current state to /data/wxq/checkpoint/promptstereo-v6/exp14-aug/90000
[2025-11-18 11:57:39,547][accelerate.checkpointing][INFO] - Model weights saved in /data/wxq/checkpoint/promptstereo-v6/exp14-aug/90000/model.safetensors
[2025-11-18 11:57:43,184][accelerate.checkpointing][INFO] - Optimizer state saved in /data/wxq/checkpoint/promptstereo-v6/exp14-aug/90000/optimizer.bin
[2025-11-18 11:57:43,185][accelerate.checkpointing][INFO] - Scheduler state saved in /data/wxq/checkpoint/promptstereo-v6/exp14-aug/90000/scheduler.bin
[2025-11-18 11:57:43,186][accelerate.checkpointing][INFO] - Sampler state for dataloader 0 saved in /data/wxq/checkpoint/promptstereo-v6/exp14-aug/90000/sampler.bin
[2025-11-18 11:57:43,186][accelerate.checkpointing][INFO] - Sampler state for dataloader 1 saved in /data/wxq/checkpoint/promptstereo-v6/exp14-aug/90000/sampler_1.bin
[2025-11-18 11:57:43,187][accelerate.checkpointing][INFO] - Sampler state for dataloader 2 saved in /data/wxq/checkpoint/promptstereo-v6/exp14-aug/90000/sampler_2.bin
[2025-11-18 11:57:43,187][accelerate.checkpointing][INFO] - Sampler state for dataloader 3 saved in /data/wxq/checkpoint/promptstereo-v6/exp14-aug/90000/sampler_3.bin
[2025-11-18 11:57:43,187][accelerate.checkpointing][INFO] - Sampler state for dataloader 4 saved in /data/wxq/checkpoint/promptstereo-v6/exp14-aug/90000/sampler_4.bin
[2025-11-18 11:57:43,190][accelerate.checkpointing][INFO] - Random states saved in /data/wxq/checkpoint/promptstereo-v6/exp14-aug/90000/random_states_0.pkl
[2025-11-18 14:18:34,370][accelerate.accelerator][INFO] - Saving current state to /data/wxq/checkpoint/promptstereo-v6/exp14-aug/100000
[2025-11-18 14:18:44,975][accelerate.checkpointing][INFO] - Model weights saved in /data/wxq/checkpoint/promptstereo-v6/exp14-aug/100000/model.safetensors
[2025-11-18 14:18:48,624][accelerate.checkpointing][INFO] - Optimizer state saved in /data/wxq/checkpoint/promptstereo-v6/exp14-aug/100000/optimizer.bin
[2025-11-18 14:18:48,625][accelerate.checkpointing][INFO] - Scheduler state saved in /data/wxq/checkpoint/promptstereo-v6/exp14-aug/100000/scheduler.bin
[2025-11-18 14:18:48,626][accelerate.checkpointing][INFO] - Sampler state for dataloader 0 saved in /data/wxq/checkpoint/promptstereo-v6/exp14-aug/100000/sampler.bin
[2025-11-18 14:18:48,627][accelerate.checkpointing][INFO] - Sampler state for dataloader 1 saved in /data/wxq/checkpoint/promptstereo-v6/exp14-aug/100000/sampler_1.bin
[2025-11-18 14:18:48,628][accelerate.checkpointing][INFO] - Sampler state for dataloader 2 saved in /data/wxq/checkpoint/promptstereo-v6/exp14-aug/100000/sampler_2.bin
[2025-11-18 14:18:48,629][accelerate.checkpointing][INFO] - Sampler state for dataloader 3 saved in /data/wxq/checkpoint/promptstereo-v6/exp14-aug/100000/sampler_3.bin
[2025-11-18 14:18:48,629][accelerate.checkpointing][INFO] - Sampler state for dataloader 4 saved in /data/wxq/checkpoint/promptstereo-v6/exp14-aug/100000/sampler_4.bin
[2025-11-18 14:18:48,632][accelerate.checkpointing][INFO] - Random states saved in /data/wxq/checkpoint/promptstereo-v6/exp14-aug/100000/random_states_0.pkl
[2025-11-18 16:40:10,657][accelerate.accelerator][INFO] - Saving current state to /data/wxq/checkpoint/promptstereo-v6/exp14-aug/110000
[2025-11-18 16:40:13,005][accelerate.checkpointing][INFO] - Model weights saved in /data/wxq/checkpoint/promptstereo-v6/exp14-aug/110000/model.safetensors
[2025-11-18 16:40:13,632][accelerate.checkpointing][INFO] - Optimizer state saved in /data/wxq/checkpoint/promptstereo-v6/exp14-aug/110000/optimizer.bin
[2025-11-18 16:40:13,633][accelerate.checkpointing][INFO] - Scheduler state saved in /data/wxq/checkpoint/promptstereo-v6/exp14-aug/110000/scheduler.bin
[2025-11-18 16:40:13,633][accelerate.checkpointing][INFO] - Sampler state for dataloader 0 saved in /data/wxq/checkpoint/promptstereo-v6/exp14-aug/110000/sampler.bin
[2025-11-18 16:40:13,633][accelerate.checkpointing][INFO] - Sampler state for dataloader 1 saved in /data/wxq/checkpoint/promptstereo-v6/exp14-aug/110000/sampler_1.bin
[2025-11-18 16:40:13,634][accelerate.checkpointing][INFO] - Sampler state for dataloader 2 saved in /data/wxq/checkpoint/promptstereo-v6/exp14-aug/110000/sampler_2.bin
[2025-11-18 16:40:13,634][accelerate.checkpointing][INFO] - Sampler state for dataloader 3 saved in /data/wxq/checkpoint/promptstereo-v6/exp14-aug/110000/sampler_3.bin
[2025-11-18 16:40:13,634][accelerate.checkpointing][INFO] - Sampler state for dataloader 4 saved in /data/wxq/checkpoint/promptstereo-v6/exp14-aug/110000/sampler_4.bin
[2025-11-18 16:40:13,635][accelerate.checkpointing][INFO] - Random states saved in /data/wxq/checkpoint/promptstereo-v6/exp14-aug/110000/random_states_0.pkl
[2025-11-18 19:02:06,259][accelerate.accelerator][INFO] - Saving current state to /data/wxq/checkpoint/promptstereo-v6/exp14-aug/120000
[2025-11-18 19:02:08,121][accelerate.checkpointing][INFO] - Model weights saved in /data/wxq/checkpoint/promptstereo-v6/exp14-aug/120000/model.safetensors
[2025-11-18 19:02:08,821][accelerate.checkpointing][INFO] - Optimizer state saved in /data/wxq/checkpoint/promptstereo-v6/exp14-aug/120000/optimizer.bin
[2025-11-18 19:02:08,822][accelerate.checkpointing][INFO] - Scheduler state saved in /data/wxq/checkpoint/promptstereo-v6/exp14-aug/120000/scheduler.bin
[2025-11-18 19:02:08,822][accelerate.checkpointing][INFO] - Sampler state for dataloader 0 saved in /data/wxq/checkpoint/promptstereo-v6/exp14-aug/120000/sampler.bin
[2025-11-18 19:02:08,822][accelerate.checkpointing][INFO] - Sampler state for dataloader 1 saved in /data/wxq/checkpoint/promptstereo-v6/exp14-aug/120000/sampler_1.bin
[2025-11-18 19:02:08,823][accelerate.checkpointing][INFO] - Sampler state for dataloader 2 saved in /data/wxq/checkpoint/promptstereo-v6/exp14-aug/120000/sampler_2.bin
[2025-11-18 19:02:08,823][accelerate.checkpointing][INFO] - Sampler state for dataloader 3 saved in /data/wxq/checkpoint/promptstereo-v6/exp14-aug/120000/sampler_3.bin
[2025-11-18 19:02:08,823][accelerate.checkpointing][INFO] - Sampler state for dataloader 4 saved in /data/wxq/checkpoint/promptstereo-v6/exp14-aug/120000/sampler_4.bin
[2025-11-18 19:02:08,824][accelerate.checkpointing][INFO] - Random states saved in /data/wxq/checkpoint/promptstereo-v6/exp14-aug/120000/random_states_0.pkl
[2025-11-18 21:22:09,953][accelerate.accelerator][INFO] - Saving current state to /data/wxq/checkpoint/promptstereo-v6/exp14-aug/130000
[2025-11-18 21:22:11,787][accelerate.checkpointing][INFO] - Model weights saved in /data/wxq/checkpoint/promptstereo-v6/exp14-aug/130000/model.safetensors
[2025-11-18 21:22:12,411][accelerate.checkpointing][INFO] - Optimizer state saved in /data/wxq/checkpoint/promptstereo-v6/exp14-aug/130000/optimizer.bin
[2025-11-18 21:22:12,412][accelerate.checkpointing][INFO] - Scheduler state saved in /data/wxq/checkpoint/promptstereo-v6/exp14-aug/130000/scheduler.bin
[2025-11-18 21:22:12,412][accelerate.checkpointing][INFO] - Sampler state for dataloader 0 saved in /data/wxq/checkpoint/promptstereo-v6/exp14-aug/130000/sampler.bin
[2025-11-18 21:22:12,412][accelerate.checkpointing][INFO] - Sampler state for dataloader 1 saved in /data/wxq/checkpoint/promptstereo-v6/exp14-aug/130000/sampler_1.bin
[2025-11-18 21:22:12,412][accelerate.checkpointing][INFO] - Sampler state for dataloader 2 saved in /data/wxq/checkpoint/promptstereo-v6/exp14-aug/130000/sampler_2.bin
[2025-11-18 21:22:12,413][accelerate.checkpointing][INFO] - Sampler state for dataloader 3 saved in /data/wxq/checkpoint/promptstereo-v6/exp14-aug/130000/sampler_3.bin
[2025-11-18 21:22:12,413][accelerate.checkpointing][INFO] - Sampler state for dataloader 4 saved in /data/wxq/checkpoint/promptstereo-v6/exp14-aug/130000/sampler_4.bin
[2025-11-18 21:22:12,414][accelerate.checkpointing][INFO] - Random states saved in /data/wxq/checkpoint/promptstereo-v6/exp14-aug/130000/random_states_0.pkl
[2025-11-18 23:42:31,434][accelerate.accelerator][INFO] - Saving current state to /data/wxq/checkpoint/promptstereo-v6/exp14-aug/140000
[2025-11-18 23:42:33,397][accelerate.checkpointing][INFO] - Model weights saved in /data/wxq/checkpoint/promptstereo-v6/exp14-aug/140000/model.safetensors
[2025-11-18 23:42:34,093][accelerate.checkpointing][INFO] - Optimizer state saved in /data/wxq/checkpoint/promptstereo-v6/exp14-aug/140000/optimizer.bin
[2025-11-18 23:42:34,094][accelerate.checkpointing][INFO] - Scheduler state saved in /data/wxq/checkpoint/promptstereo-v6/exp14-aug/140000/scheduler.bin
[2025-11-18 23:42:34,094][accelerate.checkpointing][INFO] - Sampler state for dataloader 0 saved in /data/wxq/checkpoint/promptstereo-v6/exp14-aug/140000/sampler.bin
[2025-11-18 23:42:34,094][accelerate.checkpointing][INFO] - Sampler state for dataloader 1 saved in /data/wxq/checkpoint/promptstereo-v6/exp14-aug/140000/sampler_1.bin
[2025-11-18 23:42:34,094][accelerate.checkpointing][INFO] - Sampler state for dataloader 2 saved in /data/wxq/checkpoint/promptstereo-v6/exp14-aug/140000/sampler_2.bin
[2025-11-18 23:42:34,095][accelerate.checkpointing][INFO] - Sampler state for dataloader 3 saved in /data/wxq/checkpoint/promptstereo-v6/exp14-aug/140000/sampler_3.bin
[2025-11-18 23:42:34,095][accelerate.checkpointing][INFO] - Sampler state for dataloader 4 saved in /data/wxq/checkpoint/promptstereo-v6/exp14-aug/140000/sampler_4.bin
[2025-11-18 23:42:34,096][accelerate.checkpointing][INFO] - Random states saved in /data/wxq/checkpoint/promptstereo-v6/exp14-aug/140000/random_states_0.pkl
[2025-11-19 02:02:56,257][accelerate.accelerator][INFO] - Saving current state to /data/wxq/checkpoint/promptstereo-v6/exp14-aug/150000
[2025-11-19 02:02:58,236][accelerate.checkpointing][INFO] - Model weights saved in /data/wxq/checkpoint/promptstereo-v6/exp14-aug/150000/model.safetensors
[2025-11-19 02:02:58,822][accelerate.checkpointing][INFO] - Optimizer state saved in /data/wxq/checkpoint/promptstereo-v6/exp14-aug/150000/optimizer.bin
[2025-11-19 02:02:58,823][accelerate.checkpointing][INFO] - Scheduler state saved in /data/wxq/checkpoint/promptstereo-v6/exp14-aug/150000/scheduler.bin
[2025-11-19 02:02:58,823][accelerate.checkpointing][INFO] - Sampler state for dataloader 0 saved in /data/wxq/checkpoint/promptstereo-v6/exp14-aug/150000/sampler.bin
[2025-11-19 02:02:58,824][accelerate.checkpointing][INFO] - Sampler state for dataloader 1 saved in /data/wxq/checkpoint/promptstereo-v6/exp14-aug/150000/sampler_1.bin
[2025-11-19 02:02:58,824][accelerate.checkpointing][INFO] - Sampler state for dataloader 2 saved in /data/wxq/checkpoint/promptstereo-v6/exp14-aug/150000/sampler_2.bin
[2025-11-19 02:02:58,825][accelerate.checkpointing][INFO] - Sampler state for dataloader 3 saved in /data/wxq/checkpoint/promptstereo-v6/exp14-aug/150000/sampler_3.bin
[2025-11-19 02:02:58,825][accelerate.checkpointing][INFO] - Sampler state for dataloader 4 saved in /data/wxq/checkpoint/promptstereo-v6/exp14-aug/150000/sampler_4.bin
[2025-11-19 02:02:58,827][accelerate.checkpointing][INFO] - Random states saved in /data/wxq/checkpoint/promptstereo-v6/exp14-aug/150000/random_states_0.pkl
[2025-11-19 04:23:45,655][accelerate.accelerator][INFO] - Saving current state to /data/wxq/checkpoint/promptstereo-v6/exp14-aug/160000
[2025-11-19 04:23:47,919][accelerate.checkpointing][INFO] - Model weights saved in /data/wxq/checkpoint/promptstereo-v6/exp14-aug/160000/model.safetensors
[2025-11-19 04:23:48,574][accelerate.checkpointing][INFO] - Optimizer state saved in /data/wxq/checkpoint/promptstereo-v6/exp14-aug/160000/optimizer.bin
[2025-11-19 04:23:48,587][accelerate.checkpointing][INFO] - Scheduler state saved in /data/wxq/checkpoint/promptstereo-v6/exp14-aug/160000/scheduler.bin
[2025-11-19 04:23:48,587][accelerate.checkpointing][INFO] - Sampler state for dataloader 0 saved in /data/wxq/checkpoint/promptstereo-v6/exp14-aug/160000/sampler.bin
[2025-11-19 04:23:48,587][accelerate.checkpointing][INFO] - Sampler state for dataloader 1 saved in /data/wxq/checkpoint/promptstereo-v6/exp14-aug/160000/sampler_1.bin
[2025-11-19 04:23:48,588][accelerate.checkpointing][INFO] - Sampler state for dataloader 2 saved in /data/wxq/checkpoint/promptstereo-v6/exp14-aug/160000/sampler_2.bin
[2025-11-19 04:23:48,588][accelerate.checkpointing][INFO] - Sampler state for dataloader 3 saved in /data/wxq/checkpoint/promptstereo-v6/exp14-aug/160000/sampler_3.bin
[2025-11-19 04:23:48,588][accelerate.checkpointing][INFO] - Sampler state for dataloader 4 saved in /data/wxq/checkpoint/promptstereo-v6/exp14-aug/160000/sampler_4.bin
[2025-11-19 04:23:48,589][accelerate.checkpointing][INFO] - Random states saved in /data/wxq/checkpoint/promptstereo-v6/exp14-aug/160000/random_states_0.pkl
[2025-11-19 06:43:31,453][accelerate.accelerator][INFO] - Saving current state to /data/wxq/checkpoint/promptstereo-v6/exp14-aug/170000
[2025-11-19 06:43:33,596][accelerate.checkpointing][INFO] - Model weights saved in /data/wxq/checkpoint/promptstereo-v6/exp14-aug/170000/model.safetensors
[2025-11-19 06:43:34,271][accelerate.checkpointing][INFO] - Optimizer state saved in /data/wxq/checkpoint/promptstereo-v6/exp14-aug/170000/optimizer.bin
[2025-11-19 06:43:34,272][accelerate.checkpointing][INFO] - Scheduler state saved in /data/wxq/checkpoint/promptstereo-v6/exp14-aug/170000/scheduler.bin
[2025-11-19 06:43:34,272][accelerate.checkpointing][INFO] - Sampler state for dataloader 0 saved in /data/wxq/checkpoint/promptstereo-v6/exp14-aug/170000/sampler.bin
[2025-11-19 06:43:34,272][accelerate.checkpointing][INFO] - Sampler state for dataloader 1 saved in /data/wxq/checkpoint/promptstereo-v6/exp14-aug/170000/sampler_1.bin
[2025-11-19 06:43:34,272][accelerate.checkpointing][INFO] - Sampler state for dataloader 2 saved in /data/wxq/checkpoint/promptstereo-v6/exp14-aug/170000/sampler_2.bin
[2025-11-19 06:43:34,272][accelerate.checkpointing][INFO] - Sampler state for dataloader 3 saved in /data/wxq/checkpoint/promptstereo-v6/exp14-aug/170000/sampler_3.bin
[2025-11-19 06:43:34,273][accelerate.checkpointing][INFO] - Sampler state for dataloader 4 saved in /data/wxq/checkpoint/promptstereo-v6/exp14-aug/170000/sampler_4.bin
[2025-11-19 06:43:34,276][accelerate.checkpointing][INFO] - Random states saved in /data/wxq/checkpoint/promptstereo-v6/exp14-aug/170000/random_states_0.pkl
[2025-11-19 09:03:42,339][accelerate.accelerator][INFO] - Saving current state to /data/wxq/checkpoint/promptstereo-v6/exp14-aug/180000
[2025-11-19 09:03:44,173][accelerate.checkpointing][INFO] - Model weights saved in /data/wxq/checkpoint/promptstereo-v6/exp14-aug/180000/model.safetensors
[2025-11-19 09:03:44,841][accelerate.checkpointing][INFO] - Optimizer state saved in /data/wxq/checkpoint/promptstereo-v6/exp14-aug/180000/optimizer.bin
[2025-11-19 09:03:44,842][accelerate.checkpointing][INFO] - Scheduler state saved in /data/wxq/checkpoint/promptstereo-v6/exp14-aug/180000/scheduler.bin
[2025-11-19 09:03:44,843][accelerate.checkpointing][INFO] - Sampler state for dataloader 0 saved in /data/wxq/checkpoint/promptstereo-v6/exp14-aug/180000/sampler.bin
[2025-11-19 09:03:44,843][accelerate.checkpointing][INFO] - Sampler state for dataloader 1 saved in /data/wxq/checkpoint/promptstereo-v6/exp14-aug/180000/sampler_1.bin
[2025-11-19 09:03:44,844][accelerate.checkpointing][INFO] - Sampler state for dataloader 2 saved in /data/wxq/checkpoint/promptstereo-v6/exp14-aug/180000/sampler_2.bin
[2025-11-19 09:03:44,844][accelerate.checkpointing][INFO] - Sampler state for dataloader 3 saved in /data/wxq/checkpoint/promptstereo-v6/exp14-aug/180000/sampler_3.bin
[2025-11-19 09:03:44,845][accelerate.checkpointing][INFO] - Sampler state for dataloader 4 saved in /data/wxq/checkpoint/promptstereo-v6/exp14-aug/180000/sampler_4.bin
[2025-11-19 09:03:44,846][accelerate.checkpointing][INFO] - Random states saved in /data/wxq/checkpoint/promptstereo-v6/exp14-aug/180000/random_states_0.pkl
[2025-11-19 11:23:56,456][accelerate.accelerator][INFO] - Saving current state to /data/wxq/checkpoint/promptstereo-v6/exp14-aug/190000
[2025-11-19 11:23:58,535][accelerate.checkpointing][INFO] - Model weights saved in /data/wxq/checkpoint/promptstereo-v6/exp14-aug/190000/model.safetensors
[2025-11-19 11:23:59,190][accelerate.checkpointing][INFO] - Optimizer state saved in /data/wxq/checkpoint/promptstereo-v6/exp14-aug/190000/optimizer.bin
[2025-11-19 11:23:59,191][accelerate.checkpointing][INFO] - Scheduler state saved in /data/wxq/checkpoint/promptstereo-v6/exp14-aug/190000/scheduler.bin
[2025-11-19 11:23:59,192][accelerate.checkpointing][INFO] - Sampler state for dataloader 0 saved in /data/wxq/checkpoint/promptstereo-v6/exp14-aug/190000/sampler.bin
[2025-11-19 11:23:59,192][accelerate.checkpointing][INFO] - Sampler state for dataloader 1 saved in /data/wxq/checkpoint/promptstereo-v6/exp14-aug/190000/sampler_1.bin
[2025-11-19 11:23:59,192][accelerate.checkpointing][INFO] - Sampler state for dataloader 2 saved in /data/wxq/checkpoint/promptstereo-v6/exp14-aug/190000/sampler_2.bin
[2025-11-19 11:23:59,193][accelerate.checkpointing][INFO] - Sampler state for dataloader 3 saved in /data/wxq/checkpoint/promptstereo-v6/exp14-aug/190000/sampler_3.bin
[2025-11-19 11:23:59,193][accelerate.checkpointing][INFO] - Sampler state for dataloader 4 saved in /data/wxq/checkpoint/promptstereo-v6/exp14-aug/190000/sampler_4.bin
[2025-11-19 11:23:59,194][accelerate.checkpointing][INFO] - Random states saved in /data/wxq/checkpoint/promptstereo-v6/exp14-aug/190000/random_states_0.pkl
[2025-11-19 13:44:19,541][accelerate.accelerator][INFO] - Saving current state to /data/wxq/checkpoint/promptstereo-v6/exp14-aug/200000
[2025-11-19 13:44:21,442][accelerate.checkpointing][INFO] - Model weights saved in /data/wxq/checkpoint/promptstereo-v6/exp14-aug/200000/model.safetensors
[2025-11-19 13:44:22,139][accelerate.checkpointing][INFO] - Optimizer state saved in /data/wxq/checkpoint/promptstereo-v6/exp14-aug/200000/optimizer.bin
[2025-11-19 13:44:22,140][accelerate.checkpointing][INFO] - Scheduler state saved in /data/wxq/checkpoint/promptstereo-v6/exp14-aug/200000/scheduler.bin
[2025-11-19 13:44:22,140][accelerate.checkpointing][INFO] - Sampler state for dataloader 0 saved in /data/wxq/checkpoint/promptstereo-v6/exp14-aug/200000/sampler.bin
[2025-11-19 13:44:22,140][accelerate.checkpointing][INFO] - Sampler state for dataloader 1 saved in /data/wxq/checkpoint/promptstereo-v6/exp14-aug/200000/sampler_1.bin
[2025-11-19 13:44:22,140][accelerate.checkpointing][INFO] - Sampler state for dataloader 2 saved in /data/wxq/checkpoint/promptstereo-v6/exp14-aug/200000/sampler_2.bin
[2025-11-19 13:44:22,141][accelerate.checkpointing][INFO] - Sampler state for dataloader 3 saved in /data/wxq/checkpoint/promptstereo-v6/exp14-aug/200000/sampler_3.bin
[2025-11-19 13:44:22,141][accelerate.checkpointing][INFO] - Sampler state for dataloader 4 saved in /data/wxq/checkpoint/promptstereo-v6/exp14-aug/200000/sampler_4.bin
[2025-11-19 13:44:22,143][accelerate.checkpointing][INFO] - Random states saved in /data/wxq/checkpoint/promptstereo-v6/exp14-aug/200000/random_states_0.pkl
[2025-11-19 13:52:51,799][accelerate.accelerator][INFO] - Model weights saved in /data/wxq/checkpoint/promptstereo-v6/exp14-aug/final/pytorch_model.bin
