[2025-11-11 19:22:16,847][__main__][INFO] - Reading 35454 samples from SceneFlow.
[2025-11-11 19:22:19,520][__main__][INFO] - Reading 4370 samples from SceneFlow.
[2025-11-11 19:22:19,547][__main__][INFO] - Reading 200 samples from KITTI.
[2025-11-11 19:22:19,559][__main__][INFO] - Reading 15 samples from Middlebury.
[2025-11-11 19:22:19,584][__main__][INFO] - Reading 27 samples from ETH3D.
[2025-11-11 19:22:19,901][dinov2][INFO] - using MLP layer as FFN
[2025-11-11 19:22:19,901][dinov2][INFO] - using MLP layer as FFN
[2025-11-11 19:22:19,901][dinov2][INFO] - using MLP layer as FFN
[2025-11-11 19:22:19,901][dinov2][INFO] - using MLP layer as FFN
[2025-11-11 19:22:32,158][__main__][INFO] - Loading model from PromptStereo.
[2025-11-11 21:40:18,044][accelerate.accelerator][INFO] - Saving current state to /data/wxq/checkpoint/promptstereo-v6/exp14-conv/10000
[2025-11-11 21:40:20,224][accelerate.checkpointing][INFO] - Model weights saved in /data/wxq/checkpoint/promptstereo-v6/exp14-conv/10000/model.safetensors
[2025-11-11 21:40:20,794][accelerate.checkpointing][INFO] - Optimizer state saved in /data/wxq/checkpoint/promptstereo-v6/exp14-conv/10000/optimizer.bin
[2025-11-11 21:40:20,794][accelerate.checkpointing][INFO] - Scheduler state saved in /data/wxq/checkpoint/promptstereo-v6/exp14-conv/10000/scheduler.bin
[2025-11-11 21:40:20,795][accelerate.checkpointing][INFO] - Sampler state for dataloader 0 saved in /data/wxq/checkpoint/promptstereo-v6/exp14-conv/10000/sampler.bin
[2025-11-11 21:40:20,795][accelerate.checkpointing][INFO] - Sampler state for dataloader 1 saved in /data/wxq/checkpoint/promptstereo-v6/exp14-conv/10000/sampler_1.bin
[2025-11-11 21:40:20,795][accelerate.checkpointing][INFO] - Sampler state for dataloader 2 saved in /data/wxq/checkpoint/promptstereo-v6/exp14-conv/10000/sampler_2.bin
[2025-11-11 21:40:20,795][accelerate.checkpointing][INFO] - Sampler state for dataloader 3 saved in /data/wxq/checkpoint/promptstereo-v6/exp14-conv/10000/sampler_3.bin
[2025-11-11 21:40:20,795][accelerate.checkpointing][INFO] - Sampler state for dataloader 4 saved in /data/wxq/checkpoint/promptstereo-v6/exp14-conv/10000/sampler_4.bin
[2025-11-11 21:40:20,797][accelerate.checkpointing][INFO] - Random states saved in /data/wxq/checkpoint/promptstereo-v6/exp14-conv/10000/random_states_0.pkl
[2025-11-12 00:06:55,121][accelerate.accelerator][INFO] - Saving current state to /data/wxq/checkpoint/promptstereo-v6/exp14-conv/20000
[2025-11-12 00:06:56,949][accelerate.checkpointing][INFO] - Model weights saved in /data/wxq/checkpoint/promptstereo-v6/exp14-conv/20000/model.safetensors
[2025-11-12 00:06:57,563][accelerate.checkpointing][INFO] - Optimizer state saved in /data/wxq/checkpoint/promptstereo-v6/exp14-conv/20000/optimizer.bin
[2025-11-12 00:06:57,564][accelerate.checkpointing][INFO] - Scheduler state saved in /data/wxq/checkpoint/promptstereo-v6/exp14-conv/20000/scheduler.bin
[2025-11-12 00:06:57,564][accelerate.checkpointing][INFO] - Sampler state for dataloader 0 saved in /data/wxq/checkpoint/promptstereo-v6/exp14-conv/20000/sampler.bin
[2025-11-12 00:06:57,564][accelerate.checkpointing][INFO] - Sampler state for dataloader 1 saved in /data/wxq/checkpoint/promptstereo-v6/exp14-conv/20000/sampler_1.bin
[2025-11-12 00:06:57,564][accelerate.checkpointing][INFO] - Sampler state for dataloader 2 saved in /data/wxq/checkpoint/promptstereo-v6/exp14-conv/20000/sampler_2.bin
[2025-11-12 00:06:57,564][accelerate.checkpointing][INFO] - Sampler state for dataloader 3 saved in /data/wxq/checkpoint/promptstereo-v6/exp14-conv/20000/sampler_3.bin
[2025-11-12 00:06:57,565][accelerate.checkpointing][INFO] - Sampler state for dataloader 4 saved in /data/wxq/checkpoint/promptstereo-v6/exp14-conv/20000/sampler_4.bin
[2025-11-12 00:06:57,566][accelerate.checkpointing][INFO] - Random states saved in /data/wxq/checkpoint/promptstereo-v6/exp14-conv/20000/random_states_0.pkl
[2025-11-12 02:33:40,120][accelerate.accelerator][INFO] - Saving current state to /data/wxq/checkpoint/promptstereo-v6/exp14-conv/30000
[2025-11-12 02:33:42,099][accelerate.checkpointing][INFO] - Model weights saved in /data/wxq/checkpoint/promptstereo-v6/exp14-conv/30000/model.safetensors
[2025-11-12 02:33:42,673][accelerate.checkpointing][INFO] - Optimizer state saved in /data/wxq/checkpoint/promptstereo-v6/exp14-conv/30000/optimizer.bin
[2025-11-12 02:33:42,674][accelerate.checkpointing][INFO] - Scheduler state saved in /data/wxq/checkpoint/promptstereo-v6/exp14-conv/30000/scheduler.bin
[2025-11-12 02:33:42,674][accelerate.checkpointing][INFO] - Sampler state for dataloader 0 saved in /data/wxq/checkpoint/promptstereo-v6/exp14-conv/30000/sampler.bin
[2025-11-12 02:33:42,674][accelerate.checkpointing][INFO] - Sampler state for dataloader 1 saved in /data/wxq/checkpoint/promptstereo-v6/exp14-conv/30000/sampler_1.bin
[2025-11-12 02:33:42,674][accelerate.checkpointing][INFO] - Sampler state for dataloader 2 saved in /data/wxq/checkpoint/promptstereo-v6/exp14-conv/30000/sampler_2.bin
[2025-11-12 02:33:42,674][accelerate.checkpointing][INFO] - Sampler state for dataloader 3 saved in /data/wxq/checkpoint/promptstereo-v6/exp14-conv/30000/sampler_3.bin
[2025-11-12 02:33:42,674][accelerate.checkpointing][INFO] - Sampler state for dataloader 4 saved in /data/wxq/checkpoint/promptstereo-v6/exp14-conv/30000/sampler_4.bin
[2025-11-12 02:33:42,676][accelerate.checkpointing][INFO] - Random states saved in /data/wxq/checkpoint/promptstereo-v6/exp14-conv/30000/random_states_0.pkl
[2025-11-12 05:00:02,764][accelerate.accelerator][INFO] - Saving current state to /data/wxq/checkpoint/promptstereo-v6/exp14-conv/40000
[2025-11-12 05:00:04,707][accelerate.checkpointing][INFO] - Model weights saved in /data/wxq/checkpoint/promptstereo-v6/exp14-conv/40000/model.safetensors
[2025-11-12 05:00:05,318][accelerate.checkpointing][INFO] - Optimizer state saved in /data/wxq/checkpoint/promptstereo-v6/exp14-conv/40000/optimizer.bin
[2025-11-12 05:00:05,319][accelerate.checkpointing][INFO] - Scheduler state saved in /data/wxq/checkpoint/promptstereo-v6/exp14-conv/40000/scheduler.bin
[2025-11-12 05:00:05,319][accelerate.checkpointing][INFO] - Sampler state for dataloader 0 saved in /data/wxq/checkpoint/promptstereo-v6/exp14-conv/40000/sampler.bin
[2025-11-12 05:00:05,319][accelerate.checkpointing][INFO] - Sampler state for dataloader 1 saved in /data/wxq/checkpoint/promptstereo-v6/exp14-conv/40000/sampler_1.bin
[2025-11-12 05:00:05,320][accelerate.checkpointing][INFO] - Sampler state for dataloader 2 saved in /data/wxq/checkpoint/promptstereo-v6/exp14-conv/40000/sampler_2.bin
[2025-11-12 05:00:05,320][accelerate.checkpointing][INFO] - Sampler state for dataloader 3 saved in /data/wxq/checkpoint/promptstereo-v6/exp14-conv/40000/sampler_3.bin
[2025-11-12 05:00:05,320][accelerate.checkpointing][INFO] - Sampler state for dataloader 4 saved in /data/wxq/checkpoint/promptstereo-v6/exp14-conv/40000/sampler_4.bin
[2025-11-12 05:00:05,322][accelerate.checkpointing][INFO] - Random states saved in /data/wxq/checkpoint/promptstereo-v6/exp14-conv/40000/random_states_0.pkl
[2025-11-12 07:26:42,837][accelerate.accelerator][INFO] - Saving current state to /data/wxq/checkpoint/promptstereo-v6/exp14-conv/50000
[2025-11-12 07:26:44,638][accelerate.checkpointing][INFO] - Model weights saved in /data/wxq/checkpoint/promptstereo-v6/exp14-conv/50000/model.safetensors
[2025-11-12 07:26:45,272][accelerate.checkpointing][INFO] - Optimizer state saved in /data/wxq/checkpoint/promptstereo-v6/exp14-conv/50000/optimizer.bin
[2025-11-12 07:26:45,273][accelerate.checkpointing][INFO] - Scheduler state saved in /data/wxq/checkpoint/promptstereo-v6/exp14-conv/50000/scheduler.bin
[2025-11-12 07:26:45,273][accelerate.checkpointing][INFO] - Sampler state for dataloader 0 saved in /data/wxq/checkpoint/promptstereo-v6/exp14-conv/50000/sampler.bin
[2025-11-12 07:26:45,273][accelerate.checkpointing][INFO] - Sampler state for dataloader 1 saved in /data/wxq/checkpoint/promptstereo-v6/exp14-conv/50000/sampler_1.bin
[2025-11-12 07:26:45,274][accelerate.checkpointing][INFO] - Sampler state for dataloader 2 saved in /data/wxq/checkpoint/promptstereo-v6/exp14-conv/50000/sampler_2.bin
[2025-11-12 07:26:45,274][accelerate.checkpointing][INFO] - Sampler state for dataloader 3 saved in /data/wxq/checkpoint/promptstereo-v6/exp14-conv/50000/sampler_3.bin
[2025-11-12 07:26:45,274][accelerate.checkpointing][INFO] - Sampler state for dataloader 4 saved in /data/wxq/checkpoint/promptstereo-v6/exp14-conv/50000/sampler_4.bin
[2025-11-12 07:26:45,276][accelerate.checkpointing][INFO] - Random states saved in /data/wxq/checkpoint/promptstereo-v6/exp14-conv/50000/random_states_0.pkl
[2025-11-12 09:53:29,678][accelerate.accelerator][INFO] - Saving current state to /data/wxq/checkpoint/promptstereo-v6/exp14-conv/60000
[2025-11-12 09:53:31,563][accelerate.checkpointing][INFO] - Model weights saved in /data/wxq/checkpoint/promptstereo-v6/exp14-conv/60000/model.safetensors
[2025-11-12 09:53:32,130][accelerate.checkpointing][INFO] - Optimizer state saved in /data/wxq/checkpoint/promptstereo-v6/exp14-conv/60000/optimizer.bin
[2025-11-12 09:53:32,131][accelerate.checkpointing][INFO] - Scheduler state saved in /data/wxq/checkpoint/promptstereo-v6/exp14-conv/60000/scheduler.bin
[2025-11-12 09:53:32,132][accelerate.checkpointing][INFO] - Sampler state for dataloader 0 saved in /data/wxq/checkpoint/promptstereo-v6/exp14-conv/60000/sampler.bin
[2025-11-12 09:53:32,132][accelerate.checkpointing][INFO] - Sampler state for dataloader 1 saved in /data/wxq/checkpoint/promptstereo-v6/exp14-conv/60000/sampler_1.bin
[2025-11-12 09:53:32,132][accelerate.checkpointing][INFO] - Sampler state for dataloader 2 saved in /data/wxq/checkpoint/promptstereo-v6/exp14-conv/60000/sampler_2.bin
[2025-11-12 09:53:32,132][accelerate.checkpointing][INFO] - Sampler state for dataloader 3 saved in /data/wxq/checkpoint/promptstereo-v6/exp14-conv/60000/sampler_3.bin
[2025-11-12 09:53:32,132][accelerate.checkpointing][INFO] - Sampler state for dataloader 4 saved in /data/wxq/checkpoint/promptstereo-v6/exp14-conv/60000/sampler_4.bin
[2025-11-12 09:53:32,134][accelerate.checkpointing][INFO] - Random states saved in /data/wxq/checkpoint/promptstereo-v6/exp14-conv/60000/random_states_0.pkl
[2025-11-12 12:19:53,317][accelerate.accelerator][INFO] - Saving current state to /data/wxq/checkpoint/promptstereo-v6/exp14-conv/70000
[2025-11-12 12:19:55,163][accelerate.checkpointing][INFO] - Model weights saved in /data/wxq/checkpoint/promptstereo-v6/exp14-conv/70000/model.safetensors
[2025-11-12 12:19:55,773][accelerate.checkpointing][INFO] - Optimizer state saved in /data/wxq/checkpoint/promptstereo-v6/exp14-conv/70000/optimizer.bin
[2025-11-12 12:19:55,774][accelerate.checkpointing][INFO] - Scheduler state saved in /data/wxq/checkpoint/promptstereo-v6/exp14-conv/70000/scheduler.bin
[2025-11-12 12:19:55,774][accelerate.checkpointing][INFO] - Sampler state for dataloader 0 saved in /data/wxq/checkpoint/promptstereo-v6/exp14-conv/70000/sampler.bin
[2025-11-12 12:19:55,774][accelerate.checkpointing][INFO] - Sampler state for dataloader 1 saved in /data/wxq/checkpoint/promptstereo-v6/exp14-conv/70000/sampler_1.bin
[2025-11-12 12:19:55,774][accelerate.checkpointing][INFO] - Sampler state for dataloader 2 saved in /data/wxq/checkpoint/promptstereo-v6/exp14-conv/70000/sampler_2.bin
[2025-11-12 12:19:55,774][accelerate.checkpointing][INFO] - Sampler state for dataloader 3 saved in /data/wxq/checkpoint/promptstereo-v6/exp14-conv/70000/sampler_3.bin
[2025-11-12 12:19:55,775][accelerate.checkpointing][INFO] - Sampler state for dataloader 4 saved in /data/wxq/checkpoint/promptstereo-v6/exp14-conv/70000/sampler_4.bin
[2025-11-12 12:19:55,776][accelerate.checkpointing][INFO] - Random states saved in /data/wxq/checkpoint/promptstereo-v6/exp14-conv/70000/random_states_0.pkl
[2025-11-12 14:46:31,106][accelerate.accelerator][INFO] - Saving current state to /data/wxq/checkpoint/promptstereo-v6/exp14-conv/80000
[2025-11-12 14:46:32,937][accelerate.checkpointing][INFO] - Model weights saved in /data/wxq/checkpoint/promptstereo-v6/exp14-conv/80000/model.safetensors
[2025-11-12 14:46:33,490][accelerate.checkpointing][INFO] - Optimizer state saved in /data/wxq/checkpoint/promptstereo-v6/exp14-conv/80000/optimizer.bin
[2025-11-12 14:46:33,490][accelerate.checkpointing][INFO] - Scheduler state saved in /data/wxq/checkpoint/promptstereo-v6/exp14-conv/80000/scheduler.bin
[2025-11-12 14:46:33,490][accelerate.checkpointing][INFO] - Sampler state for dataloader 0 saved in /data/wxq/checkpoint/promptstereo-v6/exp14-conv/80000/sampler.bin
[2025-11-12 14:46:33,491][accelerate.checkpointing][INFO] - Sampler state for dataloader 1 saved in /data/wxq/checkpoint/promptstereo-v6/exp14-conv/80000/sampler_1.bin
[2025-11-12 14:46:33,491][accelerate.checkpointing][INFO] - Sampler state for dataloader 2 saved in /data/wxq/checkpoint/promptstereo-v6/exp14-conv/80000/sampler_2.bin
[2025-11-12 14:46:33,491][accelerate.checkpointing][INFO] - Sampler state for dataloader 3 saved in /data/wxq/checkpoint/promptstereo-v6/exp14-conv/80000/sampler_3.bin
[2025-11-12 14:46:33,491][accelerate.checkpointing][INFO] - Sampler state for dataloader 4 saved in /data/wxq/checkpoint/promptstereo-v6/exp14-conv/80000/sampler_4.bin
[2025-11-12 14:46:33,493][accelerate.checkpointing][INFO] - Random states saved in /data/wxq/checkpoint/promptstereo-v6/exp14-conv/80000/random_states_0.pkl
[2025-11-12 17:13:11,024][accelerate.accelerator][INFO] - Saving current state to /data/wxq/checkpoint/promptstereo-v6/exp14-conv/90000
[2025-11-12 17:13:13,161][accelerate.checkpointing][INFO] - Model weights saved in /data/wxq/checkpoint/promptstereo-v6/exp14-conv/90000/model.safetensors
[2025-11-12 17:13:13,815][accelerate.checkpointing][INFO] - Optimizer state saved in /data/wxq/checkpoint/promptstereo-v6/exp14-conv/90000/optimizer.bin
[2025-11-12 17:13:13,815][accelerate.checkpointing][INFO] - Scheduler state saved in /data/wxq/checkpoint/promptstereo-v6/exp14-conv/90000/scheduler.bin
[2025-11-12 17:13:13,816][accelerate.checkpointing][INFO] - Sampler state for dataloader 0 saved in /data/wxq/checkpoint/promptstereo-v6/exp14-conv/90000/sampler.bin
[2025-11-12 17:13:13,816][accelerate.checkpointing][INFO] - Sampler state for dataloader 1 saved in /data/wxq/checkpoint/promptstereo-v6/exp14-conv/90000/sampler_1.bin
[2025-11-12 17:13:13,816][accelerate.checkpointing][INFO] - Sampler state for dataloader 2 saved in /data/wxq/checkpoint/promptstereo-v6/exp14-conv/90000/sampler_2.bin
[2025-11-12 17:13:13,816][accelerate.checkpointing][INFO] - Sampler state for dataloader 3 saved in /data/wxq/checkpoint/promptstereo-v6/exp14-conv/90000/sampler_3.bin
[2025-11-12 17:13:13,816][accelerate.checkpointing][INFO] - Sampler state for dataloader 4 saved in /data/wxq/checkpoint/promptstereo-v6/exp14-conv/90000/sampler_4.bin
[2025-11-12 17:13:13,818][accelerate.checkpointing][INFO] - Random states saved in /data/wxq/checkpoint/promptstereo-v6/exp14-conv/90000/random_states_0.pkl
[2025-11-12 19:39:49,784][accelerate.accelerator][INFO] - Saving current state to /data/wxq/checkpoint/promptstereo-v6/exp14-conv/100000
[2025-11-12 19:39:51,583][accelerate.checkpointing][INFO] - Model weights saved in /data/wxq/checkpoint/promptstereo-v6/exp14-conv/100000/model.safetensors
[2025-11-12 19:39:52,200][accelerate.checkpointing][INFO] - Optimizer state saved in /data/wxq/checkpoint/promptstereo-v6/exp14-conv/100000/optimizer.bin
[2025-11-12 19:39:52,201][accelerate.checkpointing][INFO] - Scheduler state saved in /data/wxq/checkpoint/promptstereo-v6/exp14-conv/100000/scheduler.bin
[2025-11-12 19:39:52,201][accelerate.checkpointing][INFO] - Sampler state for dataloader 0 saved in /data/wxq/checkpoint/promptstereo-v6/exp14-conv/100000/sampler.bin
[2025-11-12 19:39:52,201][accelerate.checkpointing][INFO] - Sampler state for dataloader 1 saved in /data/wxq/checkpoint/promptstereo-v6/exp14-conv/100000/sampler_1.bin
[2025-11-12 19:39:52,201][accelerate.checkpointing][INFO] - Sampler state for dataloader 2 saved in /data/wxq/checkpoint/promptstereo-v6/exp14-conv/100000/sampler_2.bin
[2025-11-12 19:39:52,201][accelerate.checkpointing][INFO] - Sampler state for dataloader 3 saved in /data/wxq/checkpoint/promptstereo-v6/exp14-conv/100000/sampler_3.bin
[2025-11-12 19:39:52,202][accelerate.checkpointing][INFO] - Sampler state for dataloader 4 saved in /data/wxq/checkpoint/promptstereo-v6/exp14-conv/100000/sampler_4.bin
[2025-11-12 19:39:52,203][accelerate.checkpointing][INFO] - Random states saved in /data/wxq/checkpoint/promptstereo-v6/exp14-conv/100000/random_states_0.pkl
[2025-11-12 22:06:32,013][accelerate.accelerator][INFO] - Saving current state to /data/wxq/checkpoint/promptstereo-v6/exp14-conv/110000
[2025-11-12 22:06:34,243][accelerate.checkpointing][INFO] - Model weights saved in /data/wxq/checkpoint/promptstereo-v6/exp14-conv/110000/model.safetensors
[2025-11-12 22:06:34,837][accelerate.checkpointing][INFO] - Optimizer state saved in /data/wxq/checkpoint/promptstereo-v6/exp14-conv/110000/optimizer.bin
[2025-11-12 22:06:34,838][accelerate.checkpointing][INFO] - Scheduler state saved in /data/wxq/checkpoint/promptstereo-v6/exp14-conv/110000/scheduler.bin
[2025-11-12 22:06:34,838][accelerate.checkpointing][INFO] - Sampler state for dataloader 0 saved in /data/wxq/checkpoint/promptstereo-v6/exp14-conv/110000/sampler.bin
[2025-11-12 22:06:34,839][accelerate.checkpointing][INFO] - Sampler state for dataloader 1 saved in /data/wxq/checkpoint/promptstereo-v6/exp14-conv/110000/sampler_1.bin
[2025-11-12 22:06:34,839][accelerate.checkpointing][INFO] - Sampler state for dataloader 2 saved in /data/wxq/checkpoint/promptstereo-v6/exp14-conv/110000/sampler_2.bin
[2025-11-12 22:06:34,839][accelerate.checkpointing][INFO] - Sampler state for dataloader 3 saved in /data/wxq/checkpoint/promptstereo-v6/exp14-conv/110000/sampler_3.bin
[2025-11-12 22:06:34,839][accelerate.checkpointing][INFO] - Sampler state for dataloader 4 saved in /data/wxq/checkpoint/promptstereo-v6/exp14-conv/110000/sampler_4.bin
[2025-11-12 22:06:34,840][accelerate.checkpointing][INFO] - Random states saved in /data/wxq/checkpoint/promptstereo-v6/exp14-conv/110000/random_states_0.pkl
[2025-11-13 00:33:06,043][accelerate.accelerator][INFO] - Saving current state to /data/wxq/checkpoint/promptstereo-v6/exp14-conv/120000
[2025-11-13 00:33:08,172][accelerate.checkpointing][INFO] - Model weights saved in /data/wxq/checkpoint/promptstereo-v6/exp14-conv/120000/model.safetensors
[2025-11-13 00:33:08,776][accelerate.checkpointing][INFO] - Optimizer state saved in /data/wxq/checkpoint/promptstereo-v6/exp14-conv/120000/optimizer.bin
[2025-11-13 00:33:08,777][accelerate.checkpointing][INFO] - Scheduler state saved in /data/wxq/checkpoint/promptstereo-v6/exp14-conv/120000/scheduler.bin
[2025-11-13 00:33:08,777][accelerate.checkpointing][INFO] - Sampler state for dataloader 0 saved in /data/wxq/checkpoint/promptstereo-v6/exp14-conv/120000/sampler.bin
[2025-11-13 00:33:08,777][accelerate.checkpointing][INFO] - Sampler state for dataloader 1 saved in /data/wxq/checkpoint/promptstereo-v6/exp14-conv/120000/sampler_1.bin
[2025-11-13 00:33:08,777][accelerate.checkpointing][INFO] - Sampler state for dataloader 2 saved in /data/wxq/checkpoint/promptstereo-v6/exp14-conv/120000/sampler_2.bin
[2025-11-13 00:33:08,778][accelerate.checkpointing][INFO] - Sampler state for dataloader 3 saved in /data/wxq/checkpoint/promptstereo-v6/exp14-conv/120000/sampler_3.bin
[2025-11-13 00:33:08,778][accelerate.checkpointing][INFO] - Sampler state for dataloader 4 saved in /data/wxq/checkpoint/promptstereo-v6/exp14-conv/120000/sampler_4.bin
[2025-11-13 00:33:08,779][accelerate.checkpointing][INFO] - Random states saved in /data/wxq/checkpoint/promptstereo-v6/exp14-conv/120000/random_states_0.pkl
[2025-11-13 02:59:47,542][accelerate.accelerator][INFO] - Saving current state to /data/wxq/checkpoint/promptstereo-v6/exp14-conv/130000
[2025-11-13 02:59:49,439][accelerate.checkpointing][INFO] - Model weights saved in /data/wxq/checkpoint/promptstereo-v6/exp14-conv/130000/model.safetensors
[2025-11-13 02:59:49,993][accelerate.checkpointing][INFO] - Optimizer state saved in /data/wxq/checkpoint/promptstereo-v6/exp14-conv/130000/optimizer.bin
[2025-11-13 02:59:49,993][accelerate.checkpointing][INFO] - Scheduler state saved in /data/wxq/checkpoint/promptstereo-v6/exp14-conv/130000/scheduler.bin
[2025-11-13 02:59:49,993][accelerate.checkpointing][INFO] - Sampler state for dataloader 0 saved in /data/wxq/checkpoint/promptstereo-v6/exp14-conv/130000/sampler.bin
[2025-11-13 02:59:49,994][accelerate.checkpointing][INFO] - Sampler state for dataloader 1 saved in /data/wxq/checkpoint/promptstereo-v6/exp14-conv/130000/sampler_1.bin
[2025-11-13 02:59:49,994][accelerate.checkpointing][INFO] - Sampler state for dataloader 2 saved in /data/wxq/checkpoint/promptstereo-v6/exp14-conv/130000/sampler_2.bin
[2025-11-13 02:59:49,994][accelerate.checkpointing][INFO] - Sampler state for dataloader 3 saved in /data/wxq/checkpoint/promptstereo-v6/exp14-conv/130000/sampler_3.bin
[2025-11-13 02:59:49,994][accelerate.checkpointing][INFO] - Sampler state for dataloader 4 saved in /data/wxq/checkpoint/promptstereo-v6/exp14-conv/130000/sampler_4.bin
[2025-11-13 02:59:49,996][accelerate.checkpointing][INFO] - Random states saved in /data/wxq/checkpoint/promptstereo-v6/exp14-conv/130000/random_states_0.pkl
[2025-11-13 05:26:21,486][accelerate.accelerator][INFO] - Saving current state to /data/wxq/checkpoint/promptstereo-v6/exp14-conv/140000
[2025-11-13 05:26:23,436][accelerate.checkpointing][INFO] - Model weights saved in /data/wxq/checkpoint/promptstereo-v6/exp14-conv/140000/model.safetensors
[2025-11-13 05:26:24,079][accelerate.checkpointing][INFO] - Optimizer state saved in /data/wxq/checkpoint/promptstereo-v6/exp14-conv/140000/optimizer.bin
[2025-11-13 05:26:24,079][accelerate.checkpointing][INFO] - Scheduler state saved in /data/wxq/checkpoint/promptstereo-v6/exp14-conv/140000/scheduler.bin
[2025-11-13 05:26:24,079][accelerate.checkpointing][INFO] - Sampler state for dataloader 0 saved in /data/wxq/checkpoint/promptstereo-v6/exp14-conv/140000/sampler.bin
[2025-11-13 05:26:24,080][accelerate.checkpointing][INFO] - Sampler state for dataloader 1 saved in /data/wxq/checkpoint/promptstereo-v6/exp14-conv/140000/sampler_1.bin
[2025-11-13 05:26:24,080][accelerate.checkpointing][INFO] - Sampler state for dataloader 2 saved in /data/wxq/checkpoint/promptstereo-v6/exp14-conv/140000/sampler_2.bin
[2025-11-13 05:26:24,080][accelerate.checkpointing][INFO] - Sampler state for dataloader 3 saved in /data/wxq/checkpoint/promptstereo-v6/exp14-conv/140000/sampler_3.bin
[2025-11-13 05:26:24,080][accelerate.checkpointing][INFO] - Sampler state for dataloader 4 saved in /data/wxq/checkpoint/promptstereo-v6/exp14-conv/140000/sampler_4.bin
[2025-11-13 05:26:24,081][accelerate.checkpointing][INFO] - Random states saved in /data/wxq/checkpoint/promptstereo-v6/exp14-conv/140000/random_states_0.pkl
[2025-11-13 07:52:44,608][accelerate.accelerator][INFO] - Saving current state to /data/wxq/checkpoint/promptstereo-v6/exp14-conv/150000
[2025-11-13 07:52:46,635][accelerate.checkpointing][INFO] - Model weights saved in /data/wxq/checkpoint/promptstereo-v6/exp14-conv/150000/model.safetensors
[2025-11-13 07:52:47,271][accelerate.checkpointing][INFO] - Optimizer state saved in /data/wxq/checkpoint/promptstereo-v6/exp14-conv/150000/optimizer.bin
[2025-11-13 07:52:47,272][accelerate.checkpointing][INFO] - Scheduler state saved in /data/wxq/checkpoint/promptstereo-v6/exp14-conv/150000/scheduler.bin
[2025-11-13 07:52:47,273][accelerate.checkpointing][INFO] - Sampler state for dataloader 0 saved in /data/wxq/checkpoint/promptstereo-v6/exp14-conv/150000/sampler.bin
[2025-11-13 07:52:47,273][accelerate.checkpointing][INFO] - Sampler state for dataloader 1 saved in /data/wxq/checkpoint/promptstereo-v6/exp14-conv/150000/sampler_1.bin
[2025-11-13 07:52:47,273][accelerate.checkpointing][INFO] - Sampler state for dataloader 2 saved in /data/wxq/checkpoint/promptstereo-v6/exp14-conv/150000/sampler_2.bin
[2025-11-13 07:52:47,273][accelerate.checkpointing][INFO] - Sampler state for dataloader 3 saved in /data/wxq/checkpoint/promptstereo-v6/exp14-conv/150000/sampler_3.bin
[2025-11-13 07:52:47,274][accelerate.checkpointing][INFO] - Sampler state for dataloader 4 saved in /data/wxq/checkpoint/promptstereo-v6/exp14-conv/150000/sampler_4.bin
[2025-11-13 07:52:47,276][accelerate.checkpointing][INFO] - Random states saved in /data/wxq/checkpoint/promptstereo-v6/exp14-conv/150000/random_states_0.pkl
[2025-11-13 10:19:18,965][accelerate.accelerator][INFO] - Saving current state to /data/wxq/checkpoint/promptstereo-v6/exp14-conv/160000
[2025-11-13 10:19:21,134][accelerate.checkpointing][INFO] - Model weights saved in /data/wxq/checkpoint/promptstereo-v6/exp14-conv/160000/model.safetensors
[2025-11-13 10:19:21,785][accelerate.checkpointing][INFO] - Optimizer state saved in /data/wxq/checkpoint/promptstereo-v6/exp14-conv/160000/optimizer.bin
[2025-11-13 10:19:21,785][accelerate.checkpointing][INFO] - Scheduler state saved in /data/wxq/checkpoint/promptstereo-v6/exp14-conv/160000/scheduler.bin
[2025-11-13 10:19:21,786][accelerate.checkpointing][INFO] - Sampler state for dataloader 0 saved in /data/wxq/checkpoint/promptstereo-v6/exp14-conv/160000/sampler.bin
[2025-11-13 10:19:21,786][accelerate.checkpointing][INFO] - Sampler state for dataloader 1 saved in /data/wxq/checkpoint/promptstereo-v6/exp14-conv/160000/sampler_1.bin
[2025-11-13 10:19:21,786][accelerate.checkpointing][INFO] - Sampler state for dataloader 2 saved in /data/wxq/checkpoint/promptstereo-v6/exp14-conv/160000/sampler_2.bin
[2025-11-13 10:19:21,786][accelerate.checkpointing][INFO] - Sampler state for dataloader 3 saved in /data/wxq/checkpoint/promptstereo-v6/exp14-conv/160000/sampler_3.bin
[2025-11-13 10:19:21,786][accelerate.checkpointing][INFO] - Sampler state for dataloader 4 saved in /data/wxq/checkpoint/promptstereo-v6/exp14-conv/160000/sampler_4.bin
[2025-11-13 10:19:21,788][accelerate.checkpointing][INFO] - Random states saved in /data/wxq/checkpoint/promptstereo-v6/exp14-conv/160000/random_states_0.pkl
[2025-11-13 12:45:42,605][accelerate.accelerator][INFO] - Saving current state to /data/wxq/checkpoint/promptstereo-v6/exp14-conv/170000
[2025-11-13 12:45:44,588][accelerate.checkpointing][INFO] - Model weights saved in /data/wxq/checkpoint/promptstereo-v6/exp14-conv/170000/model.safetensors
[2025-11-13 12:45:45,269][accelerate.checkpointing][INFO] - Optimizer state saved in /data/wxq/checkpoint/promptstereo-v6/exp14-conv/170000/optimizer.bin
[2025-11-13 12:45:45,270][accelerate.checkpointing][INFO] - Scheduler state saved in /data/wxq/checkpoint/promptstereo-v6/exp14-conv/170000/scheduler.bin
[2025-11-13 12:45:45,270][accelerate.checkpointing][INFO] - Sampler state for dataloader 0 saved in /data/wxq/checkpoint/promptstereo-v6/exp14-conv/170000/sampler.bin
[2025-11-13 12:45:45,270][accelerate.checkpointing][INFO] - Sampler state for dataloader 1 saved in /data/wxq/checkpoint/promptstereo-v6/exp14-conv/170000/sampler_1.bin
[2025-11-13 12:45:45,271][accelerate.checkpointing][INFO] - Sampler state for dataloader 2 saved in /data/wxq/checkpoint/promptstereo-v6/exp14-conv/170000/sampler_2.bin
[2025-11-13 12:45:45,271][accelerate.checkpointing][INFO] - Sampler state for dataloader 3 saved in /data/wxq/checkpoint/promptstereo-v6/exp14-conv/170000/sampler_3.bin
[2025-11-13 12:45:45,271][accelerate.checkpointing][INFO] - Sampler state for dataloader 4 saved in /data/wxq/checkpoint/promptstereo-v6/exp14-conv/170000/sampler_4.bin
[2025-11-13 12:45:45,273][accelerate.checkpointing][INFO] - Random states saved in /data/wxq/checkpoint/promptstereo-v6/exp14-conv/170000/random_states_0.pkl
[2025-11-13 15:12:07,762][accelerate.accelerator][INFO] - Saving current state to /data/wxq/checkpoint/promptstereo-v6/exp14-conv/180000
[2025-11-13 15:12:09,560][accelerate.checkpointing][INFO] - Model weights saved in /data/wxq/checkpoint/promptstereo-v6/exp14-conv/180000/model.safetensors
[2025-11-13 15:12:10,189][accelerate.checkpointing][INFO] - Optimizer state saved in /data/wxq/checkpoint/promptstereo-v6/exp14-conv/180000/optimizer.bin
[2025-11-13 15:12:10,190][accelerate.checkpointing][INFO] - Scheduler state saved in /data/wxq/checkpoint/promptstereo-v6/exp14-conv/180000/scheduler.bin
[2025-11-13 15:12:10,190][accelerate.checkpointing][INFO] - Sampler state for dataloader 0 saved in /data/wxq/checkpoint/promptstereo-v6/exp14-conv/180000/sampler.bin
[2025-11-13 15:12:10,190][accelerate.checkpointing][INFO] - Sampler state for dataloader 1 saved in /data/wxq/checkpoint/promptstereo-v6/exp14-conv/180000/sampler_1.bin
[2025-11-13 15:12:10,191][accelerate.checkpointing][INFO] - Sampler state for dataloader 2 saved in /data/wxq/checkpoint/promptstereo-v6/exp14-conv/180000/sampler_2.bin
[2025-11-13 15:12:10,191][accelerate.checkpointing][INFO] - Sampler state for dataloader 3 saved in /data/wxq/checkpoint/promptstereo-v6/exp14-conv/180000/sampler_3.bin
[2025-11-13 15:12:10,191][accelerate.checkpointing][INFO] - Sampler state for dataloader 4 saved in /data/wxq/checkpoint/promptstereo-v6/exp14-conv/180000/sampler_4.bin
[2025-11-13 15:12:10,193][accelerate.checkpointing][INFO] - Random states saved in /data/wxq/checkpoint/promptstereo-v6/exp14-conv/180000/random_states_0.pkl
[2025-11-13 17:38:32,711][accelerate.accelerator][INFO] - Saving current state to /data/wxq/checkpoint/promptstereo-v6/exp14-conv/190000
[2025-11-13 17:38:34,716][accelerate.checkpointing][INFO] - Model weights saved in /data/wxq/checkpoint/promptstereo-v6/exp14-conv/190000/model.safetensors
[2025-11-13 17:38:35,379][accelerate.checkpointing][INFO] - Optimizer state saved in /data/wxq/checkpoint/promptstereo-v6/exp14-conv/190000/optimizer.bin
[2025-11-13 17:38:35,379][accelerate.checkpointing][INFO] - Scheduler state saved in /data/wxq/checkpoint/promptstereo-v6/exp14-conv/190000/scheduler.bin
[2025-11-13 17:38:35,380][accelerate.checkpointing][INFO] - Sampler state for dataloader 0 saved in /data/wxq/checkpoint/promptstereo-v6/exp14-conv/190000/sampler.bin
[2025-11-13 17:38:35,380][accelerate.checkpointing][INFO] - Sampler state for dataloader 1 saved in /data/wxq/checkpoint/promptstereo-v6/exp14-conv/190000/sampler_1.bin
[2025-11-13 17:38:35,380][accelerate.checkpointing][INFO] - Sampler state for dataloader 2 saved in /data/wxq/checkpoint/promptstereo-v6/exp14-conv/190000/sampler_2.bin
[2025-11-13 17:38:35,380][accelerate.checkpointing][INFO] - Sampler state for dataloader 3 saved in /data/wxq/checkpoint/promptstereo-v6/exp14-conv/190000/sampler_3.bin
[2025-11-13 17:38:35,380][accelerate.checkpointing][INFO] - Sampler state for dataloader 4 saved in /data/wxq/checkpoint/promptstereo-v6/exp14-conv/190000/sampler_4.bin
[2025-11-13 17:38:35,382][accelerate.checkpointing][INFO] - Random states saved in /data/wxq/checkpoint/promptstereo-v6/exp14-conv/190000/random_states_0.pkl
[2025-11-13 20:05:11,836][accelerate.accelerator][INFO] - Saving current state to /data/wxq/checkpoint/promptstereo-v6/exp14-conv/200000
[2025-11-13 20:05:13,674][accelerate.checkpointing][INFO] - Model weights saved in /data/wxq/checkpoint/promptstereo-v6/exp14-conv/200000/model.safetensors
[2025-11-13 20:05:14,296][accelerate.checkpointing][INFO] - Optimizer state saved in /data/wxq/checkpoint/promptstereo-v6/exp14-conv/200000/optimizer.bin
[2025-11-13 20:05:14,297][accelerate.checkpointing][INFO] - Scheduler state saved in /data/wxq/checkpoint/promptstereo-v6/exp14-conv/200000/scheduler.bin
[2025-11-13 20:05:14,297][accelerate.checkpointing][INFO] - Sampler state for dataloader 0 saved in /data/wxq/checkpoint/promptstereo-v6/exp14-conv/200000/sampler.bin
[2025-11-13 20:05:14,297][accelerate.checkpointing][INFO] - Sampler state for dataloader 1 saved in /data/wxq/checkpoint/promptstereo-v6/exp14-conv/200000/sampler_1.bin
[2025-11-13 20:05:14,297][accelerate.checkpointing][INFO] - Sampler state for dataloader 2 saved in /data/wxq/checkpoint/promptstereo-v6/exp14-conv/200000/sampler_2.bin
[2025-11-13 20:05:14,297][accelerate.checkpointing][INFO] - Sampler state for dataloader 3 saved in /data/wxq/checkpoint/promptstereo-v6/exp14-conv/200000/sampler_3.bin
[2025-11-13 20:05:14,297][accelerate.checkpointing][INFO] - Sampler state for dataloader 4 saved in /data/wxq/checkpoint/promptstereo-v6/exp14-conv/200000/sampler_4.bin
[2025-11-13 20:05:14,299][accelerate.checkpointing][INFO] - Random states saved in /data/wxq/checkpoint/promptstereo-v6/exp14-conv/200000/random_states_0.pkl
[2025-11-13 20:13:35,773][accelerate.accelerator][INFO] - Model weights saved in /data/wxq/checkpoint/promptstereo-v6/exp14-conv/final/pytorch_model.bin
