[2025-11-01 19:39:57,117][dinov2][INFO] - using MLP layer as FFN
[2025-11-01 19:40:03,094][__main__][INFO] - Reading 35454 samples from SceneFlow.
[2025-11-01 19:40:03,114][__main__][INFO] - Reading 4370 samples from SceneFlow.
[2025-11-01 19:40:03,116][__main__][INFO] - Reading 200 samples from KITTI.
[2025-11-01 19:40:03,117][__main__][INFO] - Reading 15 samples from Middlebury.
[2025-11-01 19:40:03,119][__main__][INFO] - Reading 27 samples from ETH3D.
[2025-11-01 19:40:03,381][dinov2][INFO] - using MLP layer as FFN
[2025-11-01 19:40:08,432][__main__][INFO] - Loading model from PromptStereo.
[2025-11-01 21:32:21,869][accelerate.accelerator][INFO] - Saving current state to /data/wxq/checkpoint/promptstereo-v6/exp15/10000
[2025-11-01 21:32:23,828][accelerate.checkpointing][INFO] - Model weights saved in /data/wxq/checkpoint/promptstereo-v6/exp15/10000/model.safetensors
[2025-11-01 21:32:24,518][accelerate.checkpointing][INFO] - Optimizer state saved in /data/wxq/checkpoint/promptstereo-v6/exp15/10000/optimizer.bin
[2025-11-01 21:32:24,519][accelerate.checkpointing][INFO] - Scheduler state saved in /data/wxq/checkpoint/promptstereo-v6/exp15/10000/scheduler.bin
[2025-11-01 21:32:24,519][accelerate.checkpointing][INFO] - Sampler state for dataloader 0 saved in /data/wxq/checkpoint/promptstereo-v6/exp15/10000/sampler.bin
[2025-11-01 21:32:24,519][accelerate.checkpointing][INFO] - Sampler state for dataloader 1 saved in /data/wxq/checkpoint/promptstereo-v6/exp15/10000/sampler_1.bin
[2025-11-01 21:32:24,520][accelerate.checkpointing][INFO] - Sampler state for dataloader 2 saved in /data/wxq/checkpoint/promptstereo-v6/exp15/10000/sampler_2.bin
[2025-11-01 21:32:24,520][accelerate.checkpointing][INFO] - Sampler state for dataloader 3 saved in /data/wxq/checkpoint/promptstereo-v6/exp15/10000/sampler_3.bin
[2025-11-01 21:32:24,520][accelerate.checkpointing][INFO] - Sampler state for dataloader 4 saved in /data/wxq/checkpoint/promptstereo-v6/exp15/10000/sampler_4.bin
[2025-11-01 21:32:24,522][accelerate.checkpointing][INFO] - Random states saved in /data/wxq/checkpoint/promptstereo-v6/exp15/10000/random_states_0.pkl
[2025-11-01 23:36:27,428][accelerate.accelerator][INFO] - Saving current state to /data/wxq/checkpoint/promptstereo-v6/exp15/20000
[2025-11-01 23:36:29,389][accelerate.checkpointing][INFO] - Model weights saved in /data/wxq/checkpoint/promptstereo-v6/exp15/20000/model.safetensors
[2025-11-01 23:36:30,068][accelerate.checkpointing][INFO] - Optimizer state saved in /data/wxq/checkpoint/promptstereo-v6/exp15/20000/optimizer.bin
[2025-11-01 23:36:30,069][accelerate.checkpointing][INFO] - Scheduler state saved in /data/wxq/checkpoint/promptstereo-v6/exp15/20000/scheduler.bin
[2025-11-01 23:36:30,069][accelerate.checkpointing][INFO] - Sampler state for dataloader 0 saved in /data/wxq/checkpoint/promptstereo-v6/exp15/20000/sampler.bin
[2025-11-01 23:36:30,069][accelerate.checkpointing][INFO] - Sampler state for dataloader 1 saved in /data/wxq/checkpoint/promptstereo-v6/exp15/20000/sampler_1.bin
[2025-11-01 23:36:30,069][accelerate.checkpointing][INFO] - Sampler state for dataloader 2 saved in /data/wxq/checkpoint/promptstereo-v6/exp15/20000/sampler_2.bin
[2025-11-01 23:36:30,070][accelerate.checkpointing][INFO] - Sampler state for dataloader 3 saved in /data/wxq/checkpoint/promptstereo-v6/exp15/20000/sampler_3.bin
[2025-11-01 23:36:30,070][accelerate.checkpointing][INFO] - Sampler state for dataloader 4 saved in /data/wxq/checkpoint/promptstereo-v6/exp15/20000/sampler_4.bin
[2025-11-01 23:36:30,072][accelerate.checkpointing][INFO] - Random states saved in /data/wxq/checkpoint/promptstereo-v6/exp15/20000/random_states_0.pkl
[2025-11-02 01:41:04,737][accelerate.accelerator][INFO] - Saving current state to /data/wxq/checkpoint/promptstereo-v6/exp15/30000
[2025-11-02 01:41:07,158][accelerate.checkpointing][INFO] - Model weights saved in /data/wxq/checkpoint/promptstereo-v6/exp15/30000/model.safetensors
[2025-11-02 01:41:07,787][accelerate.checkpointing][INFO] - Optimizer state saved in /data/wxq/checkpoint/promptstereo-v6/exp15/30000/optimizer.bin
[2025-11-02 01:41:07,788][accelerate.checkpointing][INFO] - Scheduler state saved in /data/wxq/checkpoint/promptstereo-v6/exp15/30000/scheduler.bin
[2025-11-02 01:41:07,789][accelerate.checkpointing][INFO] - Sampler state for dataloader 0 saved in /data/wxq/checkpoint/promptstereo-v6/exp15/30000/sampler.bin
[2025-11-02 01:41:07,789][accelerate.checkpointing][INFO] - Sampler state for dataloader 1 saved in /data/wxq/checkpoint/promptstereo-v6/exp15/30000/sampler_1.bin
[2025-11-02 01:41:07,789][accelerate.checkpointing][INFO] - Sampler state for dataloader 2 saved in /data/wxq/checkpoint/promptstereo-v6/exp15/30000/sampler_2.bin
[2025-11-02 01:41:07,790][accelerate.checkpointing][INFO] - Sampler state for dataloader 3 saved in /data/wxq/checkpoint/promptstereo-v6/exp15/30000/sampler_3.bin
[2025-11-02 01:41:07,790][accelerate.checkpointing][INFO] - Sampler state for dataloader 4 saved in /data/wxq/checkpoint/promptstereo-v6/exp15/30000/sampler_4.bin
[2025-11-02 01:41:07,791][accelerate.checkpointing][INFO] - Random states saved in /data/wxq/checkpoint/promptstereo-v6/exp15/30000/random_states_0.pkl
[2025-11-02 03:45:15,354][accelerate.accelerator][INFO] - Saving current state to /data/wxq/checkpoint/promptstereo-v6/exp15/40000
[2025-11-02 03:45:17,274][accelerate.checkpointing][INFO] - Model weights saved in /data/wxq/checkpoint/promptstereo-v6/exp15/40000/model.safetensors
[2025-11-02 03:45:17,931][accelerate.checkpointing][INFO] - Optimizer state saved in /data/wxq/checkpoint/promptstereo-v6/exp15/40000/optimizer.bin
[2025-11-02 03:45:17,932][accelerate.checkpointing][INFO] - Scheduler state saved in /data/wxq/checkpoint/promptstereo-v6/exp15/40000/scheduler.bin
[2025-11-02 03:45:17,932][accelerate.checkpointing][INFO] - Sampler state for dataloader 0 saved in /data/wxq/checkpoint/promptstereo-v6/exp15/40000/sampler.bin
[2025-11-02 03:45:17,932][accelerate.checkpointing][INFO] - Sampler state for dataloader 1 saved in /data/wxq/checkpoint/promptstereo-v6/exp15/40000/sampler_1.bin
[2025-11-02 03:45:17,933][accelerate.checkpointing][INFO] - Sampler state for dataloader 2 saved in /data/wxq/checkpoint/promptstereo-v6/exp15/40000/sampler_2.bin
[2025-11-02 03:45:17,933][accelerate.checkpointing][INFO] - Sampler state for dataloader 3 saved in /data/wxq/checkpoint/promptstereo-v6/exp15/40000/sampler_3.bin
[2025-11-02 03:45:17,933][accelerate.checkpointing][INFO] - Sampler state for dataloader 4 saved in /data/wxq/checkpoint/promptstereo-v6/exp15/40000/sampler_4.bin
[2025-11-02 03:45:17,935][accelerate.checkpointing][INFO] - Random states saved in /data/wxq/checkpoint/promptstereo-v6/exp15/40000/random_states_0.pkl
[2025-11-02 05:49:21,964][accelerate.accelerator][INFO] - Saving current state to /data/wxq/checkpoint/promptstereo-v6/exp15/50000
[2025-11-02 05:49:24,136][accelerate.checkpointing][INFO] - Model weights saved in /data/wxq/checkpoint/promptstereo-v6/exp15/50000/model.safetensors
[2025-11-02 05:49:24,851][accelerate.checkpointing][INFO] - Optimizer state saved in /data/wxq/checkpoint/promptstereo-v6/exp15/50000/optimizer.bin
[2025-11-02 05:49:24,852][accelerate.checkpointing][INFO] - Scheduler state saved in /data/wxq/checkpoint/promptstereo-v6/exp15/50000/scheduler.bin
[2025-11-02 05:49:24,852][accelerate.checkpointing][INFO] - Sampler state for dataloader 0 saved in /data/wxq/checkpoint/promptstereo-v6/exp15/50000/sampler.bin
[2025-11-02 05:49:24,852][accelerate.checkpointing][INFO] - Sampler state for dataloader 1 saved in /data/wxq/checkpoint/promptstereo-v6/exp15/50000/sampler_1.bin
[2025-11-02 05:49:24,853][accelerate.checkpointing][INFO] - Sampler state for dataloader 2 saved in /data/wxq/checkpoint/promptstereo-v6/exp15/50000/sampler_2.bin
[2025-11-02 05:49:24,853][accelerate.checkpointing][INFO] - Sampler state for dataloader 3 saved in /data/wxq/checkpoint/promptstereo-v6/exp15/50000/sampler_3.bin
[2025-11-02 05:49:24,853][accelerate.checkpointing][INFO] - Sampler state for dataloader 4 saved in /data/wxq/checkpoint/promptstereo-v6/exp15/50000/sampler_4.bin
[2025-11-02 05:49:24,855][accelerate.checkpointing][INFO] - Random states saved in /data/wxq/checkpoint/promptstereo-v6/exp15/50000/random_states_0.pkl
[2025-11-02 07:53:41,621][accelerate.accelerator][INFO] - Saving current state to /data/wxq/checkpoint/promptstereo-v6/exp15/60000
[2025-11-02 07:53:43,640][accelerate.checkpointing][INFO] - Model weights saved in /data/wxq/checkpoint/promptstereo-v6/exp15/60000/model.safetensors
[2025-11-02 07:53:44,307][accelerate.checkpointing][INFO] - Optimizer state saved in /data/wxq/checkpoint/promptstereo-v6/exp15/60000/optimizer.bin
[2025-11-02 07:53:44,308][accelerate.checkpointing][INFO] - Scheduler state saved in /data/wxq/checkpoint/promptstereo-v6/exp15/60000/scheduler.bin
[2025-11-02 07:53:44,308][accelerate.checkpointing][INFO] - Sampler state for dataloader 0 saved in /data/wxq/checkpoint/promptstereo-v6/exp15/60000/sampler.bin
[2025-11-02 07:53:44,309][accelerate.checkpointing][INFO] - Sampler state for dataloader 1 saved in /data/wxq/checkpoint/promptstereo-v6/exp15/60000/sampler_1.bin
[2025-11-02 07:53:44,309][accelerate.checkpointing][INFO] - Sampler state for dataloader 2 saved in /data/wxq/checkpoint/promptstereo-v6/exp15/60000/sampler_2.bin
[2025-11-02 07:53:44,309][accelerate.checkpointing][INFO] - Sampler state for dataloader 3 saved in /data/wxq/checkpoint/promptstereo-v6/exp15/60000/sampler_3.bin
[2025-11-02 07:53:44,309][accelerate.checkpointing][INFO] - Sampler state for dataloader 4 saved in /data/wxq/checkpoint/promptstereo-v6/exp15/60000/sampler_4.bin
[2025-11-02 07:53:44,311][accelerate.checkpointing][INFO] - Random states saved in /data/wxq/checkpoint/promptstereo-v6/exp15/60000/random_states_0.pkl
[2025-11-02 09:58:02,656][accelerate.accelerator][INFO] - Saving current state to /data/wxq/checkpoint/promptstereo-v6/exp15/70000
