[2025-11-09 21:05:36,887][dinov2][INFO] - using MLP layer as FFN
[2025-11-09 21:05:36,888][dinov2][INFO] - using MLP layer as FFN
[2025-11-09 21:05:36,893][dinov2][INFO] - using MLP layer as FFN
[2025-11-09 21:05:42,813][__main__][INFO] - Reading 35454 samples from SceneFlow.
[2025-11-09 21:05:42,832][__main__][INFO] - Reading 4370 samples from SceneFlow.
[2025-11-09 21:05:42,835][__main__][INFO] - Reading 200 samples from KITTI.
[2025-11-09 21:05:42,836][__main__][INFO] - Reading 15 samples from Middlebury.
[2025-11-09 21:05:42,837][__main__][INFO] - Reading 27 samples from ETH3D.
[2025-11-09 21:05:43,118][dinov2][INFO] - using MLP layer as FFN
[2025-11-09 21:05:48,142][__main__][INFO] - Loading model from PromptStereo.
[2025-11-09 23:14:39,994][accelerate.accelerator][INFO] - Saving current state to /data/wxq/checkpoint/promptstereo-v6/exp14-noinit/10000
[2025-11-09 23:14:41,920][accelerate.checkpointing][INFO] - Model weights saved in /data/wxq/checkpoint/promptstereo-v6/exp14-noinit/10000/model.safetensors
[2025-11-09 23:14:42,632][accelerate.checkpointing][INFO] - Optimizer state saved in /data/wxq/checkpoint/promptstereo-v6/exp14-noinit/10000/optimizer.bin
[2025-11-09 23:14:42,633][accelerate.checkpointing][INFO] - Scheduler state saved in /data/wxq/checkpoint/promptstereo-v6/exp14-noinit/10000/scheduler.bin
[2025-11-09 23:14:42,633][accelerate.checkpointing][INFO] - Sampler state for dataloader 0 saved in /data/wxq/checkpoint/promptstereo-v6/exp14-noinit/10000/sampler.bin
[2025-11-09 23:14:42,633][accelerate.checkpointing][INFO] - Sampler state for dataloader 1 saved in /data/wxq/checkpoint/promptstereo-v6/exp14-noinit/10000/sampler_1.bin
[2025-11-09 23:14:42,633][accelerate.checkpointing][INFO] - Sampler state for dataloader 2 saved in /data/wxq/checkpoint/promptstereo-v6/exp14-noinit/10000/sampler_2.bin
[2025-11-09 23:14:42,634][accelerate.checkpointing][INFO] - Sampler state for dataloader 3 saved in /data/wxq/checkpoint/promptstereo-v6/exp14-noinit/10000/sampler_3.bin
[2025-11-09 23:14:42,634][accelerate.checkpointing][INFO] - Sampler state for dataloader 4 saved in /data/wxq/checkpoint/promptstereo-v6/exp14-noinit/10000/sampler_4.bin
[2025-11-09 23:14:42,635][accelerate.checkpointing][INFO] - Random states saved in /data/wxq/checkpoint/promptstereo-v6/exp14-noinit/10000/random_states_0.pkl
[2025-11-10 01:31:40,211][accelerate.accelerator][INFO] - Saving current state to /data/wxq/checkpoint/promptstereo-v6/exp14-noinit/20000
[2025-11-10 01:31:42,216][accelerate.checkpointing][INFO] - Model weights saved in /data/wxq/checkpoint/promptstereo-v6/exp14-noinit/20000/model.safetensors
[2025-11-10 01:31:42,940][accelerate.checkpointing][INFO] - Optimizer state saved in /data/wxq/checkpoint/promptstereo-v6/exp14-noinit/20000/optimizer.bin
[2025-11-10 01:31:42,941][accelerate.checkpointing][INFO] - Scheduler state saved in /data/wxq/checkpoint/promptstereo-v6/exp14-noinit/20000/scheduler.bin
[2025-11-10 01:31:42,941][accelerate.checkpointing][INFO] - Sampler state for dataloader 0 saved in /data/wxq/checkpoint/promptstereo-v6/exp14-noinit/20000/sampler.bin
[2025-11-10 01:31:42,941][accelerate.checkpointing][INFO] - Sampler state for dataloader 1 saved in /data/wxq/checkpoint/promptstereo-v6/exp14-noinit/20000/sampler_1.bin
[2025-11-10 01:31:42,941][accelerate.checkpointing][INFO] - Sampler state for dataloader 2 saved in /data/wxq/checkpoint/promptstereo-v6/exp14-noinit/20000/sampler_2.bin
[2025-11-10 01:31:42,941][accelerate.checkpointing][INFO] - Sampler state for dataloader 3 saved in /data/wxq/checkpoint/promptstereo-v6/exp14-noinit/20000/sampler_3.bin
[2025-11-10 01:31:42,942][accelerate.checkpointing][INFO] - Sampler state for dataloader 4 saved in /data/wxq/checkpoint/promptstereo-v6/exp14-noinit/20000/sampler_4.bin
[2025-11-10 01:31:42,943][accelerate.checkpointing][INFO] - Random states saved in /data/wxq/checkpoint/promptstereo-v6/exp14-noinit/20000/random_states_0.pkl
[2025-11-10 03:48:32,955][accelerate.accelerator][INFO] - Saving current state to /data/wxq/checkpoint/promptstereo-v6/exp14-noinit/30000
[2025-11-10 03:48:34,890][accelerate.checkpointing][INFO] - Model weights saved in /data/wxq/checkpoint/promptstereo-v6/exp14-noinit/30000/model.safetensors
[2025-11-10 03:48:35,700][accelerate.checkpointing][INFO] - Optimizer state saved in /data/wxq/checkpoint/promptstereo-v6/exp14-noinit/30000/optimizer.bin
[2025-11-10 03:48:35,701][accelerate.checkpointing][INFO] - Scheduler state saved in /data/wxq/checkpoint/promptstereo-v6/exp14-noinit/30000/scheduler.bin
[2025-11-10 03:48:35,701][accelerate.checkpointing][INFO] - Sampler state for dataloader 0 saved in /data/wxq/checkpoint/promptstereo-v6/exp14-noinit/30000/sampler.bin
[2025-11-10 03:48:35,701][accelerate.checkpointing][INFO] - Sampler state for dataloader 1 saved in /data/wxq/checkpoint/promptstereo-v6/exp14-noinit/30000/sampler_1.bin
[2025-11-10 03:48:35,701][accelerate.checkpointing][INFO] - Sampler state for dataloader 2 saved in /data/wxq/checkpoint/promptstereo-v6/exp14-noinit/30000/sampler_2.bin
[2025-11-10 03:48:35,701][accelerate.checkpointing][INFO] - Sampler state for dataloader 3 saved in /data/wxq/checkpoint/promptstereo-v6/exp14-noinit/30000/sampler_3.bin
[2025-11-10 03:48:35,702][accelerate.checkpointing][INFO] - Sampler state for dataloader 4 saved in /data/wxq/checkpoint/promptstereo-v6/exp14-noinit/30000/sampler_4.bin
[2025-11-10 03:48:35,703][accelerate.checkpointing][INFO] - Random states saved in /data/wxq/checkpoint/promptstereo-v6/exp14-noinit/30000/random_states_0.pkl
[2025-11-10 06:05:17,176][accelerate.accelerator][INFO] - Saving current state to /data/wxq/checkpoint/promptstereo-v6/exp14-noinit/40000
[2025-11-10 06:05:19,392][accelerate.checkpointing][INFO] - Model weights saved in /data/wxq/checkpoint/promptstereo-v6/exp14-noinit/40000/model.safetensors
[2025-11-10 06:05:20,204][accelerate.checkpointing][INFO] - Optimizer state saved in /data/wxq/checkpoint/promptstereo-v6/exp14-noinit/40000/optimizer.bin
[2025-11-10 06:05:20,205][accelerate.checkpointing][INFO] - Scheduler state saved in /data/wxq/checkpoint/promptstereo-v6/exp14-noinit/40000/scheduler.bin
[2025-11-10 06:05:20,205][accelerate.checkpointing][INFO] - Sampler state for dataloader 0 saved in /data/wxq/checkpoint/promptstereo-v6/exp14-noinit/40000/sampler.bin
[2025-11-10 06:05:20,205][accelerate.checkpointing][INFO] - Sampler state for dataloader 1 saved in /data/wxq/checkpoint/promptstereo-v6/exp14-noinit/40000/sampler_1.bin
[2025-11-10 06:05:20,206][accelerate.checkpointing][INFO] - Sampler state for dataloader 2 saved in /data/wxq/checkpoint/promptstereo-v6/exp14-noinit/40000/sampler_2.bin
[2025-11-10 06:05:20,206][accelerate.checkpointing][INFO] - Sampler state for dataloader 3 saved in /data/wxq/checkpoint/promptstereo-v6/exp14-noinit/40000/sampler_3.bin
[2025-11-10 06:05:20,206][accelerate.checkpointing][INFO] - Sampler state for dataloader 4 saved in /data/wxq/checkpoint/promptstereo-v6/exp14-noinit/40000/sampler_4.bin
[2025-11-10 06:05:20,208][accelerate.checkpointing][INFO] - Random states saved in /data/wxq/checkpoint/promptstereo-v6/exp14-noinit/40000/random_states_0.pkl
[2025-11-10 08:22:08,488][accelerate.accelerator][INFO] - Saving current state to /data/wxq/checkpoint/promptstereo-v6/exp14-noinit/50000
[2025-11-10 08:22:10,338][accelerate.checkpointing][INFO] - Model weights saved in /data/wxq/checkpoint/promptstereo-v6/exp14-noinit/50000/model.safetensors
[2025-11-10 08:22:11,012][accelerate.checkpointing][INFO] - Optimizer state saved in /data/wxq/checkpoint/promptstereo-v6/exp14-noinit/50000/optimizer.bin
[2025-11-10 08:22:11,013][accelerate.checkpointing][INFO] - Scheduler state saved in /data/wxq/checkpoint/promptstereo-v6/exp14-noinit/50000/scheduler.bin
[2025-11-10 08:22:11,013][accelerate.checkpointing][INFO] - Sampler state for dataloader 0 saved in /data/wxq/checkpoint/promptstereo-v6/exp14-noinit/50000/sampler.bin
[2025-11-10 08:22:11,013][accelerate.checkpointing][INFO] - Sampler state for dataloader 1 saved in /data/wxq/checkpoint/promptstereo-v6/exp14-noinit/50000/sampler_1.bin
[2025-11-10 08:22:11,013][accelerate.checkpointing][INFO] - Sampler state for dataloader 2 saved in /data/wxq/checkpoint/promptstereo-v6/exp14-noinit/50000/sampler_2.bin
[2025-11-10 08:22:11,013][accelerate.checkpointing][INFO] - Sampler state for dataloader 3 saved in /data/wxq/checkpoint/promptstereo-v6/exp14-noinit/50000/sampler_3.bin
[2025-11-10 08:22:11,013][accelerate.checkpointing][INFO] - Sampler state for dataloader 4 saved in /data/wxq/checkpoint/promptstereo-v6/exp14-noinit/50000/sampler_4.bin
[2025-11-10 08:22:11,015][accelerate.checkpointing][INFO] - Random states saved in /data/wxq/checkpoint/promptstereo-v6/exp14-noinit/50000/random_states_0.pkl
[2025-11-10 10:38:52,580][accelerate.accelerator][INFO] - Saving current state to /data/wxq/checkpoint/promptstereo-v6/exp14-noinit/60000
[2025-11-10 10:38:54,486][accelerate.checkpointing][INFO] - Model weights saved in /data/wxq/checkpoint/promptstereo-v6/exp14-noinit/60000/model.safetensors
[2025-11-10 10:38:55,268][accelerate.checkpointing][INFO] - Optimizer state saved in /data/wxq/checkpoint/promptstereo-v6/exp14-noinit/60000/optimizer.bin
[2025-11-10 10:38:55,279][accelerate.checkpointing][INFO] - Scheduler state saved in /data/wxq/checkpoint/promptstereo-v6/exp14-noinit/60000/scheduler.bin
[2025-11-10 10:38:55,280][accelerate.checkpointing][INFO] - Sampler state for dataloader 0 saved in /data/wxq/checkpoint/promptstereo-v6/exp14-noinit/60000/sampler.bin
[2025-11-10 10:38:55,280][accelerate.checkpointing][INFO] - Sampler state for dataloader 1 saved in /data/wxq/checkpoint/promptstereo-v6/exp14-noinit/60000/sampler_1.bin
[2025-11-10 10:38:55,280][accelerate.checkpointing][INFO] - Sampler state for dataloader 2 saved in /data/wxq/checkpoint/promptstereo-v6/exp14-noinit/60000/sampler_2.bin
[2025-11-10 10:38:55,280][accelerate.checkpointing][INFO] - Sampler state for dataloader 3 saved in /data/wxq/checkpoint/promptstereo-v6/exp14-noinit/60000/sampler_3.bin
[2025-11-10 10:38:55,280][accelerate.checkpointing][INFO] - Sampler state for dataloader 4 saved in /data/wxq/checkpoint/promptstereo-v6/exp14-noinit/60000/sampler_4.bin
[2025-11-10 10:38:55,282][accelerate.checkpointing][INFO] - Random states saved in /data/wxq/checkpoint/promptstereo-v6/exp14-noinit/60000/random_states_0.pkl
[2025-11-10 12:55:25,713][accelerate.accelerator][INFO] - Saving current state to /data/wxq/checkpoint/promptstereo-v6/exp14-noinit/70000
[2025-11-10 12:55:27,778][accelerate.checkpointing][INFO] - Model weights saved in /data/wxq/checkpoint/promptstereo-v6/exp14-noinit/70000/model.safetensors
[2025-11-10 12:55:28,485][accelerate.checkpointing][INFO] - Optimizer state saved in /data/wxq/checkpoint/promptstereo-v6/exp14-noinit/70000/optimizer.bin
[2025-11-10 12:55:28,486][accelerate.checkpointing][INFO] - Scheduler state saved in /data/wxq/checkpoint/promptstereo-v6/exp14-noinit/70000/scheduler.bin
[2025-11-10 12:55:28,486][accelerate.checkpointing][INFO] - Sampler state for dataloader 0 saved in /data/wxq/checkpoint/promptstereo-v6/exp14-noinit/70000/sampler.bin
[2025-11-10 12:55:28,486][accelerate.checkpointing][INFO] - Sampler state for dataloader 1 saved in /data/wxq/checkpoint/promptstereo-v6/exp14-noinit/70000/sampler_1.bin
[2025-11-10 12:55:28,486][accelerate.checkpointing][INFO] - Sampler state for dataloader 2 saved in /data/wxq/checkpoint/promptstereo-v6/exp14-noinit/70000/sampler_2.bin
[2025-11-10 12:55:28,487][accelerate.checkpointing][INFO] - Sampler state for dataloader 3 saved in /data/wxq/checkpoint/promptstereo-v6/exp14-noinit/70000/sampler_3.bin
[2025-11-10 12:55:28,487][accelerate.checkpointing][INFO] - Sampler state for dataloader 4 saved in /data/wxq/checkpoint/promptstereo-v6/exp14-noinit/70000/sampler_4.bin
[2025-11-10 12:55:28,488][accelerate.checkpointing][INFO] - Random states saved in /data/wxq/checkpoint/promptstereo-v6/exp14-noinit/70000/random_states_0.pkl
[2025-11-10 15:12:50,588][accelerate.accelerator][INFO] - Saving current state to /data/wxq/checkpoint/promptstereo-v6/exp14-noinit/80000
[2025-11-10 15:12:52,636][accelerate.checkpointing][INFO] - Model weights saved in /data/wxq/checkpoint/promptstereo-v6/exp14-noinit/80000/model.safetensors
[2025-11-10 15:12:53,367][accelerate.checkpointing][INFO] - Optimizer state saved in /data/wxq/checkpoint/promptstereo-v6/exp14-noinit/80000/optimizer.bin
[2025-11-10 15:12:53,368][accelerate.checkpointing][INFO] - Scheduler state saved in /data/wxq/checkpoint/promptstereo-v6/exp14-noinit/80000/scheduler.bin
[2025-11-10 15:12:53,369][accelerate.checkpointing][INFO] - Sampler state for dataloader 0 saved in /data/wxq/checkpoint/promptstereo-v6/exp14-noinit/80000/sampler.bin
[2025-11-10 15:12:53,369][accelerate.checkpointing][INFO] - Sampler state for dataloader 1 saved in /data/wxq/checkpoint/promptstereo-v6/exp14-noinit/80000/sampler_1.bin
[2025-11-10 15:12:53,369][accelerate.checkpointing][INFO] - Sampler state for dataloader 2 saved in /data/wxq/checkpoint/promptstereo-v6/exp14-noinit/80000/sampler_2.bin
[2025-11-10 15:12:53,370][accelerate.checkpointing][INFO] - Sampler state for dataloader 3 saved in /data/wxq/checkpoint/promptstereo-v6/exp14-noinit/80000/sampler_3.bin
[2025-11-10 15:12:53,370][accelerate.checkpointing][INFO] - Sampler state for dataloader 4 saved in /data/wxq/checkpoint/promptstereo-v6/exp14-noinit/80000/sampler_4.bin
[2025-11-10 15:12:53,372][accelerate.checkpointing][INFO] - Random states saved in /data/wxq/checkpoint/promptstereo-v6/exp14-noinit/80000/random_states_0.pkl
[2025-11-10 17:29:35,398][accelerate.accelerator][INFO] - Saving current state to /data/wxq/checkpoint/promptstereo-v6/exp14-noinit/90000
[2025-11-10 17:29:37,160][accelerate.checkpointing][INFO] - Model weights saved in /data/wxq/checkpoint/promptstereo-v6/exp14-noinit/90000/model.safetensors
[2025-11-10 17:29:37,869][accelerate.checkpointing][INFO] - Optimizer state saved in /data/wxq/checkpoint/promptstereo-v6/exp14-noinit/90000/optimizer.bin
[2025-11-10 17:29:37,870][accelerate.checkpointing][INFO] - Scheduler state saved in /data/wxq/checkpoint/promptstereo-v6/exp14-noinit/90000/scheduler.bin
[2025-11-10 17:29:37,870][accelerate.checkpointing][INFO] - Sampler state for dataloader 0 saved in /data/wxq/checkpoint/promptstereo-v6/exp14-noinit/90000/sampler.bin
[2025-11-10 17:29:37,870][accelerate.checkpointing][INFO] - Sampler state for dataloader 1 saved in /data/wxq/checkpoint/promptstereo-v6/exp14-noinit/90000/sampler_1.bin
[2025-11-10 17:29:37,870][accelerate.checkpointing][INFO] - Sampler state for dataloader 2 saved in /data/wxq/checkpoint/promptstereo-v6/exp14-noinit/90000/sampler_2.bin
[2025-11-10 17:29:37,871][accelerate.checkpointing][INFO] - Sampler state for dataloader 3 saved in /data/wxq/checkpoint/promptstereo-v6/exp14-noinit/90000/sampler_3.bin
[2025-11-10 17:29:37,871][accelerate.checkpointing][INFO] - Sampler state for dataloader 4 saved in /data/wxq/checkpoint/promptstereo-v6/exp14-noinit/90000/sampler_4.bin
[2025-11-10 17:29:37,872][accelerate.checkpointing][INFO] - Random states saved in /data/wxq/checkpoint/promptstereo-v6/exp14-noinit/90000/random_states_0.pkl
[2025-11-10 19:46:16,214][accelerate.accelerator][INFO] - Saving current state to /data/wxq/checkpoint/promptstereo-v6/exp14-noinit/100000
[2025-11-10 19:46:18,334][accelerate.checkpointing][INFO] - Model weights saved in /data/wxq/checkpoint/promptstereo-v6/exp14-noinit/100000/model.safetensors
[2025-11-10 19:46:19,029][accelerate.checkpointing][INFO] - Optimizer state saved in /data/wxq/checkpoint/promptstereo-v6/exp14-noinit/100000/optimizer.bin
[2025-11-10 19:46:19,030][accelerate.checkpointing][INFO] - Scheduler state saved in /data/wxq/checkpoint/promptstereo-v6/exp14-noinit/100000/scheduler.bin
[2025-11-10 19:46:19,030][accelerate.checkpointing][INFO] - Sampler state for dataloader 0 saved in /data/wxq/checkpoint/promptstereo-v6/exp14-noinit/100000/sampler.bin
[2025-11-10 19:46:19,031][accelerate.checkpointing][INFO] - Sampler state for dataloader 1 saved in /data/wxq/checkpoint/promptstereo-v6/exp14-noinit/100000/sampler_1.bin
[2025-11-10 19:46:19,031][accelerate.checkpointing][INFO] - Sampler state for dataloader 2 saved in /data/wxq/checkpoint/promptstereo-v6/exp14-noinit/100000/sampler_2.bin
[2025-11-10 19:46:19,031][accelerate.checkpointing][INFO] - Sampler state for dataloader 3 saved in /data/wxq/checkpoint/promptstereo-v6/exp14-noinit/100000/sampler_3.bin
[2025-11-10 19:46:19,032][accelerate.checkpointing][INFO] - Sampler state for dataloader 4 saved in /data/wxq/checkpoint/promptstereo-v6/exp14-noinit/100000/sampler_4.bin
[2025-11-10 19:46:19,033][accelerate.checkpointing][INFO] - Random states saved in /data/wxq/checkpoint/promptstereo-v6/exp14-noinit/100000/random_states_0.pkl
[2025-11-10 22:02:55,974][accelerate.accelerator][INFO] - Saving current state to /data/wxq/checkpoint/promptstereo-v6/exp14-noinit/110000
[2025-11-10 22:02:58,068][accelerate.checkpointing][INFO] - Model weights saved in /data/wxq/checkpoint/promptstereo-v6/exp14-noinit/110000/model.safetensors
[2025-11-10 22:02:58,674][accelerate.checkpointing][INFO] - Optimizer state saved in /data/wxq/checkpoint/promptstereo-v6/exp14-noinit/110000/optimizer.bin
[2025-11-10 22:02:58,675][accelerate.checkpointing][INFO] - Scheduler state saved in /data/wxq/checkpoint/promptstereo-v6/exp14-noinit/110000/scheduler.bin
[2025-11-10 22:02:58,675][accelerate.checkpointing][INFO] - Sampler state for dataloader 0 saved in /data/wxq/checkpoint/promptstereo-v6/exp14-noinit/110000/sampler.bin
[2025-11-10 22:02:58,675][accelerate.checkpointing][INFO] - Sampler state for dataloader 1 saved in /data/wxq/checkpoint/promptstereo-v6/exp14-noinit/110000/sampler_1.bin
[2025-11-10 22:02:58,675][accelerate.checkpointing][INFO] - Sampler state for dataloader 2 saved in /data/wxq/checkpoint/promptstereo-v6/exp14-noinit/110000/sampler_2.bin
[2025-11-10 22:02:58,675][accelerate.checkpointing][INFO] - Sampler state for dataloader 3 saved in /data/wxq/checkpoint/promptstereo-v6/exp14-noinit/110000/sampler_3.bin
[2025-11-10 22:02:58,675][accelerate.checkpointing][INFO] - Sampler state for dataloader 4 saved in /data/wxq/checkpoint/promptstereo-v6/exp14-noinit/110000/sampler_4.bin
[2025-11-10 22:02:58,677][accelerate.checkpointing][INFO] - Random states saved in /data/wxq/checkpoint/promptstereo-v6/exp14-noinit/110000/random_states_0.pkl
[2025-11-11 00:19:36,660][accelerate.accelerator][INFO] - Saving current state to /data/wxq/checkpoint/promptstereo-v6/exp14-noinit/120000
[2025-11-11 00:19:38,425][accelerate.checkpointing][INFO] - Model weights saved in /data/wxq/checkpoint/promptstereo-v6/exp14-noinit/120000/model.safetensors
[2025-11-11 00:19:39,125][accelerate.checkpointing][INFO] - Optimizer state saved in /data/wxq/checkpoint/promptstereo-v6/exp14-noinit/120000/optimizer.bin
[2025-11-11 00:19:39,137][accelerate.checkpointing][INFO] - Scheduler state saved in /data/wxq/checkpoint/promptstereo-v6/exp14-noinit/120000/scheduler.bin
[2025-11-11 00:19:39,137][accelerate.checkpointing][INFO] - Sampler state for dataloader 0 saved in /data/wxq/checkpoint/promptstereo-v6/exp14-noinit/120000/sampler.bin
[2025-11-11 00:19:39,138][accelerate.checkpointing][INFO] - Sampler state for dataloader 1 saved in /data/wxq/checkpoint/promptstereo-v6/exp14-noinit/120000/sampler_1.bin
[2025-11-11 00:19:39,138][accelerate.checkpointing][INFO] - Sampler state for dataloader 2 saved in /data/wxq/checkpoint/promptstereo-v6/exp14-noinit/120000/sampler_2.bin
[2025-11-11 00:19:39,138][accelerate.checkpointing][INFO] - Sampler state for dataloader 3 saved in /data/wxq/checkpoint/promptstereo-v6/exp14-noinit/120000/sampler_3.bin
[2025-11-11 00:19:39,138][accelerate.checkpointing][INFO] - Sampler state for dataloader 4 saved in /data/wxq/checkpoint/promptstereo-v6/exp14-noinit/120000/sampler_4.bin
[2025-11-11 00:19:39,139][accelerate.checkpointing][INFO] - Random states saved in /data/wxq/checkpoint/promptstereo-v6/exp14-noinit/120000/random_states_0.pkl
[2025-11-11 02:36:15,055][accelerate.accelerator][INFO] - Saving current state to /data/wxq/checkpoint/promptstereo-v6/exp14-noinit/130000
[2025-11-11 02:36:16,923][accelerate.checkpointing][INFO] - Model weights saved in /data/wxq/checkpoint/promptstereo-v6/exp14-noinit/130000/model.safetensors
[2025-11-11 02:36:17,595][accelerate.checkpointing][INFO] - Optimizer state saved in /data/wxq/checkpoint/promptstereo-v6/exp14-noinit/130000/optimizer.bin
[2025-11-11 02:36:17,595][accelerate.checkpointing][INFO] - Scheduler state saved in /data/wxq/checkpoint/promptstereo-v6/exp14-noinit/130000/scheduler.bin
[2025-11-11 02:36:17,596][accelerate.checkpointing][INFO] - Sampler state for dataloader 0 saved in /data/wxq/checkpoint/promptstereo-v6/exp14-noinit/130000/sampler.bin
[2025-11-11 02:36:17,596][accelerate.checkpointing][INFO] - Sampler state for dataloader 1 saved in /data/wxq/checkpoint/promptstereo-v6/exp14-noinit/130000/sampler_1.bin
[2025-11-11 02:36:17,596][accelerate.checkpointing][INFO] - Sampler state for dataloader 2 saved in /data/wxq/checkpoint/promptstereo-v6/exp14-noinit/130000/sampler_2.bin
[2025-11-11 02:36:17,596][accelerate.checkpointing][INFO] - Sampler state for dataloader 3 saved in /data/wxq/checkpoint/promptstereo-v6/exp14-noinit/130000/sampler_3.bin
[2025-11-11 02:36:17,596][accelerate.checkpointing][INFO] - Sampler state for dataloader 4 saved in /data/wxq/checkpoint/promptstereo-v6/exp14-noinit/130000/sampler_4.bin
[2025-11-11 02:36:17,597][accelerate.checkpointing][INFO] - Random states saved in /data/wxq/checkpoint/promptstereo-v6/exp14-noinit/130000/random_states_0.pkl
[2025-11-11 04:52:50,911][accelerate.accelerator][INFO] - Saving current state to /data/wxq/checkpoint/promptstereo-v6/exp14-noinit/140000
[2025-11-11 04:52:52,768][accelerate.checkpointing][INFO] - Model weights saved in /data/wxq/checkpoint/promptstereo-v6/exp14-noinit/140000/model.safetensors
[2025-11-11 04:52:53,337][accelerate.checkpointing][INFO] - Optimizer state saved in /data/wxq/checkpoint/promptstereo-v6/exp14-noinit/140000/optimizer.bin
[2025-11-11 04:52:53,338][accelerate.checkpointing][INFO] - Scheduler state saved in /data/wxq/checkpoint/promptstereo-v6/exp14-noinit/140000/scheduler.bin
[2025-11-11 04:52:53,338][accelerate.checkpointing][INFO] - Sampler state for dataloader 0 saved in /data/wxq/checkpoint/promptstereo-v6/exp14-noinit/140000/sampler.bin
[2025-11-11 04:52:53,338][accelerate.checkpointing][INFO] - Sampler state for dataloader 1 saved in /data/wxq/checkpoint/promptstereo-v6/exp14-noinit/140000/sampler_1.bin
[2025-11-11 04:52:53,338][accelerate.checkpointing][INFO] - Sampler state for dataloader 2 saved in /data/wxq/checkpoint/promptstereo-v6/exp14-noinit/140000/sampler_2.bin
[2025-11-11 04:52:53,338][accelerate.checkpointing][INFO] - Sampler state for dataloader 3 saved in /data/wxq/checkpoint/promptstereo-v6/exp14-noinit/140000/sampler_3.bin
[2025-11-11 04:52:53,338][accelerate.checkpointing][INFO] - Sampler state for dataloader 4 saved in /data/wxq/checkpoint/promptstereo-v6/exp14-noinit/140000/sampler_4.bin
[2025-11-11 04:52:53,340][accelerate.checkpointing][INFO] - Random states saved in /data/wxq/checkpoint/promptstereo-v6/exp14-noinit/140000/random_states_0.pkl
[2025-11-11 07:09:17,895][accelerate.accelerator][INFO] - Saving current state to /data/wxq/checkpoint/promptstereo-v6/exp14-noinit/150000
[2025-11-11 07:09:19,719][accelerate.checkpointing][INFO] - Model weights saved in /data/wxq/checkpoint/promptstereo-v6/exp14-noinit/150000/model.safetensors
[2025-11-11 07:09:20,436][accelerate.checkpointing][INFO] - Optimizer state saved in /data/wxq/checkpoint/promptstereo-v6/exp14-noinit/150000/optimizer.bin
[2025-11-11 07:09:20,437][accelerate.checkpointing][INFO] - Scheduler state saved in /data/wxq/checkpoint/promptstereo-v6/exp14-noinit/150000/scheduler.bin
[2025-11-11 07:09:20,438][accelerate.checkpointing][INFO] - Sampler state for dataloader 0 saved in /data/wxq/checkpoint/promptstereo-v6/exp14-noinit/150000/sampler.bin
[2025-11-11 07:09:20,438][accelerate.checkpointing][INFO] - Sampler state for dataloader 1 saved in /data/wxq/checkpoint/promptstereo-v6/exp14-noinit/150000/sampler_1.bin
[2025-11-11 07:09:20,438][accelerate.checkpointing][INFO] - Sampler state for dataloader 2 saved in /data/wxq/checkpoint/promptstereo-v6/exp14-noinit/150000/sampler_2.bin
[2025-11-11 07:09:20,438][accelerate.checkpointing][INFO] - Sampler state for dataloader 3 saved in /data/wxq/checkpoint/promptstereo-v6/exp14-noinit/150000/sampler_3.bin
[2025-11-11 07:09:20,438][accelerate.checkpointing][INFO] - Sampler state for dataloader 4 saved in /data/wxq/checkpoint/promptstereo-v6/exp14-noinit/150000/sampler_4.bin
[2025-11-11 07:09:20,440][accelerate.checkpointing][INFO] - Random states saved in /data/wxq/checkpoint/promptstereo-v6/exp14-noinit/150000/random_states_0.pkl
[2025-11-11 09:25:59,857][accelerate.accelerator][INFO] - Saving current state to /data/wxq/checkpoint/promptstereo-v6/exp14-noinit/160000
[2025-11-11 09:26:01,624][accelerate.checkpointing][INFO] - Model weights saved in /data/wxq/checkpoint/promptstereo-v6/exp14-noinit/160000/model.safetensors
[2025-11-11 09:26:02,361][accelerate.checkpointing][INFO] - Optimizer state saved in /data/wxq/checkpoint/promptstereo-v6/exp14-noinit/160000/optimizer.bin
[2025-11-11 09:26:02,362][accelerate.checkpointing][INFO] - Scheduler state saved in /data/wxq/checkpoint/promptstereo-v6/exp14-noinit/160000/scheduler.bin
[2025-11-11 09:26:02,362][accelerate.checkpointing][INFO] - Sampler state for dataloader 0 saved in /data/wxq/checkpoint/promptstereo-v6/exp14-noinit/160000/sampler.bin
[2025-11-11 09:26:02,362][accelerate.checkpointing][INFO] - Sampler state for dataloader 1 saved in /data/wxq/checkpoint/promptstereo-v6/exp14-noinit/160000/sampler_1.bin
[2025-11-11 09:26:02,362][accelerate.checkpointing][INFO] - Sampler state for dataloader 2 saved in /data/wxq/checkpoint/promptstereo-v6/exp14-noinit/160000/sampler_2.bin
[2025-11-11 09:26:02,363][accelerate.checkpointing][INFO] - Sampler state for dataloader 3 saved in /data/wxq/checkpoint/promptstereo-v6/exp14-noinit/160000/sampler_3.bin
[2025-11-11 09:26:02,363][accelerate.checkpointing][INFO] - Sampler state for dataloader 4 saved in /data/wxq/checkpoint/promptstereo-v6/exp14-noinit/160000/sampler_4.bin
[2025-11-11 09:26:02,364][accelerate.checkpointing][INFO] - Random states saved in /data/wxq/checkpoint/promptstereo-v6/exp14-noinit/160000/random_states_0.pkl
[2025-11-11 11:42:37,195][accelerate.accelerator][INFO] - Saving current state to /data/wxq/checkpoint/promptstereo-v6/exp14-noinit/170000
[2025-11-11 11:42:39,164][accelerate.checkpointing][INFO] - Model weights saved in /data/wxq/checkpoint/promptstereo-v6/exp14-noinit/170000/model.safetensors
[2025-11-11 11:42:39,939][accelerate.checkpointing][INFO] - Optimizer state saved in /data/wxq/checkpoint/promptstereo-v6/exp14-noinit/170000/optimizer.bin
[2025-11-11 11:42:39,940][accelerate.checkpointing][INFO] - Scheduler state saved in /data/wxq/checkpoint/promptstereo-v6/exp14-noinit/170000/scheduler.bin
[2025-11-11 11:42:39,940][accelerate.checkpointing][INFO] - Sampler state for dataloader 0 saved in /data/wxq/checkpoint/promptstereo-v6/exp14-noinit/170000/sampler.bin
[2025-11-11 11:42:39,941][accelerate.checkpointing][INFO] - Sampler state for dataloader 1 saved in /data/wxq/checkpoint/promptstereo-v6/exp14-noinit/170000/sampler_1.bin
[2025-11-11 11:42:39,941][accelerate.checkpointing][INFO] - Sampler state for dataloader 2 saved in /data/wxq/checkpoint/promptstereo-v6/exp14-noinit/170000/sampler_2.bin
[2025-11-11 11:42:39,941][accelerate.checkpointing][INFO] - Sampler state for dataloader 3 saved in /data/wxq/checkpoint/promptstereo-v6/exp14-noinit/170000/sampler_3.bin
[2025-11-11 11:42:39,941][accelerate.checkpointing][INFO] - Sampler state for dataloader 4 saved in /data/wxq/checkpoint/promptstereo-v6/exp14-noinit/170000/sampler_4.bin
[2025-11-11 11:42:39,954][accelerate.checkpointing][INFO] - Random states saved in /data/wxq/checkpoint/promptstereo-v6/exp14-noinit/170000/random_states_0.pkl
[2025-11-11 13:59:18,910][accelerate.accelerator][INFO] - Saving current state to /data/wxq/checkpoint/promptstereo-v6/exp14-noinit/180000
[2025-11-11 13:59:20,742][accelerate.checkpointing][INFO] - Model weights saved in /data/wxq/checkpoint/promptstereo-v6/exp14-noinit/180000/model.safetensors
[2025-11-11 13:59:21,385][accelerate.checkpointing][INFO] - Optimizer state saved in /data/wxq/checkpoint/promptstereo-v6/exp14-noinit/180000/optimizer.bin
[2025-11-11 13:59:21,406][accelerate.checkpointing][INFO] - Scheduler state saved in /data/wxq/checkpoint/promptstereo-v6/exp14-noinit/180000/scheduler.bin
[2025-11-11 13:59:21,406][accelerate.checkpointing][INFO] - Sampler state for dataloader 0 saved in /data/wxq/checkpoint/promptstereo-v6/exp14-noinit/180000/sampler.bin
[2025-11-11 13:59:21,407][accelerate.checkpointing][INFO] - Sampler state for dataloader 1 saved in /data/wxq/checkpoint/promptstereo-v6/exp14-noinit/180000/sampler_1.bin
[2025-11-11 13:59:21,407][accelerate.checkpointing][INFO] - Sampler state for dataloader 2 saved in /data/wxq/checkpoint/promptstereo-v6/exp14-noinit/180000/sampler_2.bin
[2025-11-11 13:59:21,407][accelerate.checkpointing][INFO] - Sampler state for dataloader 3 saved in /data/wxq/checkpoint/promptstereo-v6/exp14-noinit/180000/sampler_3.bin
[2025-11-11 13:59:21,407][accelerate.checkpointing][INFO] - Sampler state for dataloader 4 saved in /data/wxq/checkpoint/promptstereo-v6/exp14-noinit/180000/sampler_4.bin
[2025-11-11 13:59:21,409][accelerate.checkpointing][INFO] - Random states saved in /data/wxq/checkpoint/promptstereo-v6/exp14-noinit/180000/random_states_0.pkl
[2025-11-11 16:16:44,845][accelerate.accelerator][INFO] - Saving current state to /data/wxq/checkpoint/promptstereo-v6/exp14-noinit/190000
[2025-11-11 16:16:46,659][accelerate.checkpointing][INFO] - Model weights saved in /data/wxq/checkpoint/promptstereo-v6/exp14-noinit/190000/model.safetensors
[2025-11-11 16:16:47,279][accelerate.checkpointing][INFO] - Optimizer state saved in /data/wxq/checkpoint/promptstereo-v6/exp14-noinit/190000/optimizer.bin
[2025-11-11 16:16:47,280][accelerate.checkpointing][INFO] - Scheduler state saved in /data/wxq/checkpoint/promptstereo-v6/exp14-noinit/190000/scheduler.bin
[2025-11-11 16:16:47,280][accelerate.checkpointing][INFO] - Sampler state for dataloader 0 saved in /data/wxq/checkpoint/promptstereo-v6/exp14-noinit/190000/sampler.bin
[2025-11-11 16:16:47,280][accelerate.checkpointing][INFO] - Sampler state for dataloader 1 saved in /data/wxq/checkpoint/promptstereo-v6/exp14-noinit/190000/sampler_1.bin
[2025-11-11 16:16:47,281][accelerate.checkpointing][INFO] - Sampler state for dataloader 2 saved in /data/wxq/checkpoint/promptstereo-v6/exp14-noinit/190000/sampler_2.bin
[2025-11-11 16:16:47,281][accelerate.checkpointing][INFO] - Sampler state for dataloader 3 saved in /data/wxq/checkpoint/promptstereo-v6/exp14-noinit/190000/sampler_3.bin
[2025-11-11 16:16:47,281][accelerate.checkpointing][INFO] - Sampler state for dataloader 4 saved in /data/wxq/checkpoint/promptstereo-v6/exp14-noinit/190000/sampler_4.bin
[2025-11-11 16:16:47,282][accelerate.checkpointing][INFO] - Random states saved in /data/wxq/checkpoint/promptstereo-v6/exp14-noinit/190000/random_states_0.pkl
[2025-11-11 18:33:45,005][accelerate.accelerator][INFO] - Saving current state to /data/wxq/checkpoint/promptstereo-v6/exp14-noinit/200000
[2025-11-11 18:33:46,870][accelerate.checkpointing][INFO] - Model weights saved in /data/wxq/checkpoint/promptstereo-v6/exp14-noinit/200000/model.safetensors
[2025-11-11 18:33:47,593][accelerate.checkpointing][INFO] - Optimizer state saved in /data/wxq/checkpoint/promptstereo-v6/exp14-noinit/200000/optimizer.bin
[2025-11-11 18:33:47,607][accelerate.checkpointing][INFO] - Scheduler state saved in /data/wxq/checkpoint/promptstereo-v6/exp14-noinit/200000/scheduler.bin
[2025-11-11 18:33:47,608][accelerate.checkpointing][INFO] - Sampler state for dataloader 0 saved in /data/wxq/checkpoint/promptstereo-v6/exp14-noinit/200000/sampler.bin
[2025-11-11 18:33:47,608][accelerate.checkpointing][INFO] - Sampler state for dataloader 1 saved in /data/wxq/checkpoint/promptstereo-v6/exp14-noinit/200000/sampler_1.bin
[2025-11-11 18:33:47,608][accelerate.checkpointing][INFO] - Sampler state for dataloader 2 saved in /data/wxq/checkpoint/promptstereo-v6/exp14-noinit/200000/sampler_2.bin
[2025-11-11 18:33:47,608][accelerate.checkpointing][INFO] - Sampler state for dataloader 3 saved in /data/wxq/checkpoint/promptstereo-v6/exp14-noinit/200000/sampler_3.bin
[2025-11-11 18:33:47,608][accelerate.checkpointing][INFO] - Sampler state for dataloader 4 saved in /data/wxq/checkpoint/promptstereo-v6/exp14-noinit/200000/sampler_4.bin
[2025-11-11 18:33:47,610][accelerate.checkpointing][INFO] - Random states saved in /data/wxq/checkpoint/promptstereo-v6/exp14-noinit/200000/random_states_0.pkl
[2025-11-11 18:41:36,232][accelerate.accelerator][INFO] - Model weights saved in /data/wxq/checkpoint/promptstereo-v6/exp14-noinit/final/pytorch_model.bin
