[2025-11-03 10:18:32,507][__main__][INFO] - Reading 35454 samples from SceneFlow.
[2025-11-03 10:18:34,590][__main__][INFO] - Reading 4370 samples from SceneFlow.
[2025-11-03 10:18:34,606][__main__][INFO] - Reading 200 samples from KITTI.
[2025-11-03 10:18:34,617][__main__][INFO] - Reading 15 samples from Middlebury.
[2025-11-03 10:18:34,626][__main__][INFO] - Reading 27 samples from ETH3D.
[2025-11-03 10:18:35,039][dinov2][INFO] - using MLP layer as FFN
[2025-11-03 10:18:40,470][dinov2][INFO] - using MLP layer as FFN
[2025-11-03 10:18:40,525][dinov2][INFO] - using MLP layer as FFN
[2025-11-03 10:18:40,529][dinov2][INFO] - using MLP layer as FFN
[2025-11-03 10:18:46,404][timm.models.helpers][INFO] - Loading pretrained weights from url (https://github.com/rwightman/pytorch-image-models/releases/download/v0.1-weights/mobilenetv2_100_ra-b33bc2c4.pth)
[2025-11-03 10:18:46,410][timm.models.helpers][INFO] - Loading pretrained weights from url (https://github.com/rwightman/pytorch-image-models/releases/download/v0.1-weights/mobilenetv2_100_ra-b33bc2c4.pth)
[2025-11-03 10:18:46,413][timm.models.helpers][INFO] - Loading pretrained weights from url (https://github.com/rwightman/pytorch-image-models/releases/download/v0.1-weights/mobilenetv2_100_ra-b33bc2c4.pth)
[2025-11-03 10:18:46,418][timm.models.helpers][INFO] - Loading pretrained weights from url (https://github.com/rwightman/pytorch-image-models/releases/download/v0.1-weights/mobilenetv2_100_ra-b33bc2c4.pth)
[2025-11-03 10:18:46,666][__main__][INFO] - Loading model from PromptStereo.
[2025-11-03 12:18:18,830][accelerate.accelerator][INFO] - Saving current state to /data/wxq/checkpoint/promptstereo-v6/IGEV/10000
[2025-11-03 12:18:28,247][accelerate.checkpointing][INFO] - Model weights saved in /data/wxq/checkpoint/promptstereo-v6/IGEV/10000/model.safetensors
[2025-11-03 12:18:29,946][accelerate.checkpointing][INFO] - Optimizer state saved in /data/wxq/checkpoint/promptstereo-v6/IGEV/10000/optimizer.bin
[2025-11-03 12:18:29,948][accelerate.checkpointing][INFO] - Scheduler state saved in /data/wxq/checkpoint/promptstereo-v6/IGEV/10000/scheduler.bin
[2025-11-03 12:18:29,949][accelerate.checkpointing][INFO] - Sampler state for dataloader 0 saved in /data/wxq/checkpoint/promptstereo-v6/IGEV/10000/sampler.bin
[2025-11-03 12:18:29,949][accelerate.checkpointing][INFO] - Sampler state for dataloader 1 saved in /data/wxq/checkpoint/promptstereo-v6/IGEV/10000/sampler_1.bin
[2025-11-03 12:18:29,949][accelerate.checkpointing][INFO] - Sampler state for dataloader 2 saved in /data/wxq/checkpoint/promptstereo-v6/IGEV/10000/sampler_2.bin
[2025-11-03 12:18:29,950][accelerate.checkpointing][INFO] - Sampler state for dataloader 3 saved in /data/wxq/checkpoint/promptstereo-v6/IGEV/10000/sampler_3.bin
[2025-11-03 12:18:29,950][accelerate.checkpointing][INFO] - Sampler state for dataloader 4 saved in /data/wxq/checkpoint/promptstereo-v6/IGEV/10000/sampler_4.bin
[2025-11-03 12:18:29,953][accelerate.checkpointing][INFO] - Random states saved in /data/wxq/checkpoint/promptstereo-v6/IGEV/10000/random_states_0.pkl
[2025-11-03 14:29:24,137][accelerate.accelerator][INFO] - Saving current state to /data/wxq/checkpoint/promptstereo-v6/IGEV/20000
[2025-11-03 14:29:33,957][accelerate.checkpointing][INFO] - Model weights saved in /data/wxq/checkpoint/promptstereo-v6/IGEV/20000/model.safetensors
[2025-11-03 14:29:35,643][accelerate.checkpointing][INFO] - Optimizer state saved in /data/wxq/checkpoint/promptstereo-v6/IGEV/20000/optimizer.bin
[2025-11-03 14:29:35,645][accelerate.checkpointing][INFO] - Scheduler state saved in /data/wxq/checkpoint/promptstereo-v6/IGEV/20000/scheduler.bin
[2025-11-03 14:29:35,645][accelerate.checkpointing][INFO] - Sampler state for dataloader 0 saved in /data/wxq/checkpoint/promptstereo-v6/IGEV/20000/sampler.bin
[2025-11-03 14:29:35,646][accelerate.checkpointing][INFO] - Sampler state for dataloader 1 saved in /data/wxq/checkpoint/promptstereo-v6/IGEV/20000/sampler_1.bin
[2025-11-03 14:29:35,646][accelerate.checkpointing][INFO] - Sampler state for dataloader 2 saved in /data/wxq/checkpoint/promptstereo-v6/IGEV/20000/sampler_2.bin
[2025-11-03 14:29:35,648][accelerate.checkpointing][INFO] - Sampler state for dataloader 3 saved in /data/wxq/checkpoint/promptstereo-v6/IGEV/20000/sampler_3.bin
[2025-11-03 14:29:35,648][accelerate.checkpointing][INFO] - Sampler state for dataloader 4 saved in /data/wxq/checkpoint/promptstereo-v6/IGEV/20000/sampler_4.bin
[2025-11-03 14:29:35,651][accelerate.checkpointing][INFO] - Random states saved in /data/wxq/checkpoint/promptstereo-v6/IGEV/20000/random_states_0.pkl
[2025-11-03 16:37:31,307][accelerate.accelerator][INFO] - Saving current state to /data/wxq/checkpoint/promptstereo-v6/IGEV/30000
[2025-11-03 16:37:40,861][accelerate.checkpointing][INFO] - Model weights saved in /data/wxq/checkpoint/promptstereo-v6/IGEV/30000/model.safetensors
[2025-11-03 16:37:42,555][accelerate.checkpointing][INFO] - Optimizer state saved in /data/wxq/checkpoint/promptstereo-v6/IGEV/30000/optimizer.bin
[2025-11-03 16:37:42,556][accelerate.checkpointing][INFO] - Scheduler state saved in /data/wxq/checkpoint/promptstereo-v6/IGEV/30000/scheduler.bin
[2025-11-03 16:37:42,556][accelerate.checkpointing][INFO] - Sampler state for dataloader 0 saved in /data/wxq/checkpoint/promptstereo-v6/IGEV/30000/sampler.bin
[2025-11-03 16:37:42,557][accelerate.checkpointing][INFO] - Sampler state for dataloader 1 saved in /data/wxq/checkpoint/promptstereo-v6/IGEV/30000/sampler_1.bin
[2025-11-03 16:37:42,557][accelerate.checkpointing][INFO] - Sampler state for dataloader 2 saved in /data/wxq/checkpoint/promptstereo-v6/IGEV/30000/sampler_2.bin
[2025-11-03 16:37:42,558][accelerate.checkpointing][INFO] - Sampler state for dataloader 3 saved in /data/wxq/checkpoint/promptstereo-v6/IGEV/30000/sampler_3.bin
[2025-11-03 16:37:42,558][accelerate.checkpointing][INFO] - Sampler state for dataloader 4 saved in /data/wxq/checkpoint/promptstereo-v6/IGEV/30000/sampler_4.bin
[2025-11-03 16:37:42,561][accelerate.checkpointing][INFO] - Random states saved in /data/wxq/checkpoint/promptstereo-v6/IGEV/30000/random_states_0.pkl
[2025-11-03 18:45:19,022][accelerate.accelerator][INFO] - Saving current state to /data/wxq/checkpoint/promptstereo-v6/IGEV/40000
[2025-11-03 18:45:28,654][accelerate.checkpointing][INFO] - Model weights saved in /data/wxq/checkpoint/promptstereo-v6/IGEV/40000/model.safetensors
[2025-11-03 18:45:30,348][accelerate.checkpointing][INFO] - Optimizer state saved in /data/wxq/checkpoint/promptstereo-v6/IGEV/40000/optimizer.bin
[2025-11-03 18:45:30,349][accelerate.checkpointing][INFO] - Scheduler state saved in /data/wxq/checkpoint/promptstereo-v6/IGEV/40000/scheduler.bin
[2025-11-03 18:45:30,350][accelerate.checkpointing][INFO] - Sampler state for dataloader 0 saved in /data/wxq/checkpoint/promptstereo-v6/IGEV/40000/sampler.bin
[2025-11-03 18:45:30,350][accelerate.checkpointing][INFO] - Sampler state for dataloader 1 saved in /data/wxq/checkpoint/promptstereo-v6/IGEV/40000/sampler_1.bin
[2025-11-03 18:45:30,350][accelerate.checkpointing][INFO] - Sampler state for dataloader 2 saved in /data/wxq/checkpoint/promptstereo-v6/IGEV/40000/sampler_2.bin
[2025-11-03 18:45:30,351][accelerate.checkpointing][INFO] - Sampler state for dataloader 3 saved in /data/wxq/checkpoint/promptstereo-v6/IGEV/40000/sampler_3.bin
[2025-11-03 18:45:30,351][accelerate.checkpointing][INFO] - Sampler state for dataloader 4 saved in /data/wxq/checkpoint/promptstereo-v6/IGEV/40000/sampler_4.bin
[2025-11-03 18:45:30,354][accelerate.checkpointing][INFO] - Random states saved in /data/wxq/checkpoint/promptstereo-v6/IGEV/40000/random_states_0.pkl
