[2025-11-13 23:01:12,844][__main__][INFO] - Reading 35454 samples from SceneFlow.
[2025-11-13 23:01:15,530][__main__][INFO] - Reading 4370 samples from SceneFlow.
[2025-11-13 23:01:15,550][__main__][INFO] - Reading 200 samples from KITTI.
[2025-11-13 23:01:15,562][__main__][INFO] - Reading 15 samples from Middlebury.
[2025-11-13 23:01:15,579][__main__][INFO] - Reading 27 samples from ETH3D.
[2025-11-13 23:01:15,897][dinov2][INFO] - using MLP layer as FFN
[2025-11-13 23:01:15,897][dinov2][INFO] - using MLP layer as FFN
[2025-11-13 23:01:15,897][dinov2][INFO] - using MLP layer as FFN
[2025-11-13 23:01:15,898][dinov2][INFO] - using MLP layer as FFN
[2025-11-13 23:01:27,948][__main__][INFO] - Loading model from PromptStereo.
[2025-11-14 01:18:38,707][accelerate.accelerator][INFO] - Saving current state to /data/wxq/checkpoint/promptstereo-v6/exp14-zero/10000
[2025-11-14 01:18:40,720][accelerate.checkpointing][INFO] - Model weights saved in /data/wxq/checkpoint/promptstereo-v6/exp14-zero/10000/model.safetensors
[2025-11-14 01:18:41,302][accelerate.checkpointing][INFO] - Optimizer state saved in /data/wxq/checkpoint/promptstereo-v6/exp14-zero/10000/optimizer.bin
[2025-11-14 01:18:41,302][accelerate.checkpointing][INFO] - Scheduler state saved in /data/wxq/checkpoint/promptstereo-v6/exp14-zero/10000/scheduler.bin
[2025-11-14 01:18:41,302][accelerate.checkpointing][INFO] - Sampler state for dataloader 0 saved in /data/wxq/checkpoint/promptstereo-v6/exp14-zero/10000/sampler.bin
[2025-11-14 01:18:41,303][accelerate.checkpointing][INFO] - Sampler state for dataloader 1 saved in /data/wxq/checkpoint/promptstereo-v6/exp14-zero/10000/sampler_1.bin
[2025-11-14 01:18:41,303][accelerate.checkpointing][INFO] - Sampler state for dataloader 2 saved in /data/wxq/checkpoint/promptstereo-v6/exp14-zero/10000/sampler_2.bin
[2025-11-14 01:18:41,303][accelerate.checkpointing][INFO] - Sampler state for dataloader 3 saved in /data/wxq/checkpoint/promptstereo-v6/exp14-zero/10000/sampler_3.bin
[2025-11-14 01:18:41,303][accelerate.checkpointing][INFO] - Sampler state for dataloader 4 saved in /data/wxq/checkpoint/promptstereo-v6/exp14-zero/10000/sampler_4.bin
[2025-11-14 01:18:41,304][accelerate.checkpointing][INFO] - Random states saved in /data/wxq/checkpoint/promptstereo-v6/exp14-zero/10000/random_states_0.pkl
[2025-11-14 03:44:22,232][accelerate.accelerator][INFO] - Saving current state to /data/wxq/checkpoint/promptstereo-v6/exp14-zero/20000
[2025-11-14 03:44:24,296][accelerate.checkpointing][INFO] - Model weights saved in /data/wxq/checkpoint/promptstereo-v6/exp14-zero/20000/model.safetensors
[2025-11-14 03:44:24,885][accelerate.checkpointing][INFO] - Optimizer state saved in /data/wxq/checkpoint/promptstereo-v6/exp14-zero/20000/optimizer.bin
[2025-11-14 03:44:24,886][accelerate.checkpointing][INFO] - Scheduler state saved in /data/wxq/checkpoint/promptstereo-v6/exp14-zero/20000/scheduler.bin
[2025-11-14 03:44:24,886][accelerate.checkpointing][INFO] - Sampler state for dataloader 0 saved in /data/wxq/checkpoint/promptstereo-v6/exp14-zero/20000/sampler.bin
[2025-11-14 03:44:24,886][accelerate.checkpointing][INFO] - Sampler state for dataloader 1 saved in /data/wxq/checkpoint/promptstereo-v6/exp14-zero/20000/sampler_1.bin
[2025-11-14 03:44:24,886][accelerate.checkpointing][INFO] - Sampler state for dataloader 2 saved in /data/wxq/checkpoint/promptstereo-v6/exp14-zero/20000/sampler_2.bin
[2025-11-14 03:44:24,887][accelerate.checkpointing][INFO] - Sampler state for dataloader 3 saved in /data/wxq/checkpoint/promptstereo-v6/exp14-zero/20000/sampler_3.bin
[2025-11-14 03:44:24,887][accelerate.checkpointing][INFO] - Sampler state for dataloader 4 saved in /data/wxq/checkpoint/promptstereo-v6/exp14-zero/20000/sampler_4.bin
[2025-11-14 03:44:24,888][accelerate.checkpointing][INFO] - Random states saved in /data/wxq/checkpoint/promptstereo-v6/exp14-zero/20000/random_states_0.pkl
[2025-11-14 06:10:07,338][accelerate.accelerator][INFO] - Saving current state to /data/wxq/checkpoint/promptstereo-v6/exp14-zero/30000
[2025-11-14 06:10:09,230][accelerate.checkpointing][INFO] - Model weights saved in /data/wxq/checkpoint/promptstereo-v6/exp14-zero/30000/model.safetensors
[2025-11-14 06:10:09,784][accelerate.checkpointing][INFO] - Optimizer state saved in /data/wxq/checkpoint/promptstereo-v6/exp14-zero/30000/optimizer.bin
[2025-11-14 06:10:09,785][accelerate.checkpointing][INFO] - Scheduler state saved in /data/wxq/checkpoint/promptstereo-v6/exp14-zero/30000/scheduler.bin
[2025-11-14 06:10:09,785][accelerate.checkpointing][INFO] - Sampler state for dataloader 0 saved in /data/wxq/checkpoint/promptstereo-v6/exp14-zero/30000/sampler.bin
[2025-11-14 06:10:09,785][accelerate.checkpointing][INFO] - Sampler state for dataloader 1 saved in /data/wxq/checkpoint/promptstereo-v6/exp14-zero/30000/sampler_1.bin
[2025-11-14 06:10:09,785][accelerate.checkpointing][INFO] - Sampler state for dataloader 2 saved in /data/wxq/checkpoint/promptstereo-v6/exp14-zero/30000/sampler_2.bin
[2025-11-14 06:10:09,785][accelerate.checkpointing][INFO] - Sampler state for dataloader 3 saved in /data/wxq/checkpoint/promptstereo-v6/exp14-zero/30000/sampler_3.bin
[2025-11-14 06:10:09,785][accelerate.checkpointing][INFO] - Sampler state for dataloader 4 saved in /data/wxq/checkpoint/promptstereo-v6/exp14-zero/30000/sampler_4.bin
[2025-11-14 06:10:09,787][accelerate.checkpointing][INFO] - Random states saved in /data/wxq/checkpoint/promptstereo-v6/exp14-zero/30000/random_states_0.pkl
[2025-11-14 08:35:49,603][accelerate.accelerator][INFO] - Saving current state to /data/wxq/checkpoint/promptstereo-v6/exp14-zero/40000
[2025-11-14 08:35:51,692][accelerate.checkpointing][INFO] - Model weights saved in /data/wxq/checkpoint/promptstereo-v6/exp14-zero/40000/model.safetensors
[2025-11-14 08:35:52,340][accelerate.checkpointing][INFO] - Optimizer state saved in /data/wxq/checkpoint/promptstereo-v6/exp14-zero/40000/optimizer.bin
[2025-11-14 08:35:52,340][accelerate.checkpointing][INFO] - Scheduler state saved in /data/wxq/checkpoint/promptstereo-v6/exp14-zero/40000/scheduler.bin
[2025-11-14 08:35:52,341][accelerate.checkpointing][INFO] - Sampler state for dataloader 0 saved in /data/wxq/checkpoint/promptstereo-v6/exp14-zero/40000/sampler.bin
[2025-11-14 08:35:52,341][accelerate.checkpointing][INFO] - Sampler state for dataloader 1 saved in /data/wxq/checkpoint/promptstereo-v6/exp14-zero/40000/sampler_1.bin
[2025-11-14 08:35:52,341][accelerate.checkpointing][INFO] - Sampler state for dataloader 2 saved in /data/wxq/checkpoint/promptstereo-v6/exp14-zero/40000/sampler_2.bin
[2025-11-14 08:35:52,341][accelerate.checkpointing][INFO] - Sampler state for dataloader 3 saved in /data/wxq/checkpoint/promptstereo-v6/exp14-zero/40000/sampler_3.bin
[2025-11-14 08:35:52,341][accelerate.checkpointing][INFO] - Sampler state for dataloader 4 saved in /data/wxq/checkpoint/promptstereo-v6/exp14-zero/40000/sampler_4.bin
[2025-11-14 08:35:52,342][accelerate.checkpointing][INFO] - Random states saved in /data/wxq/checkpoint/promptstereo-v6/exp14-zero/40000/random_states_0.pkl
[2025-11-14 11:01:41,420][accelerate.accelerator][INFO] - Saving current state to /data/wxq/checkpoint/promptstereo-v6/exp14-zero/50000
[2025-11-14 11:01:43,216][accelerate.checkpointing][INFO] - Model weights saved in /data/wxq/checkpoint/promptstereo-v6/exp14-zero/50000/model.safetensors
[2025-11-14 11:01:43,755][accelerate.checkpointing][INFO] - Optimizer state saved in /data/wxq/checkpoint/promptstereo-v6/exp14-zero/50000/optimizer.bin
[2025-11-14 11:01:43,755][accelerate.checkpointing][INFO] - Scheduler state saved in /data/wxq/checkpoint/promptstereo-v6/exp14-zero/50000/scheduler.bin
[2025-11-14 11:01:43,756][accelerate.checkpointing][INFO] - Sampler state for dataloader 0 saved in /data/wxq/checkpoint/promptstereo-v6/exp14-zero/50000/sampler.bin
[2025-11-14 11:01:43,756][accelerate.checkpointing][INFO] - Sampler state for dataloader 1 saved in /data/wxq/checkpoint/promptstereo-v6/exp14-zero/50000/sampler_1.bin
[2025-11-14 11:01:43,756][accelerate.checkpointing][INFO] - Sampler state for dataloader 2 saved in /data/wxq/checkpoint/promptstereo-v6/exp14-zero/50000/sampler_2.bin
[2025-11-14 11:01:43,756][accelerate.checkpointing][INFO] - Sampler state for dataloader 3 saved in /data/wxq/checkpoint/promptstereo-v6/exp14-zero/50000/sampler_3.bin
[2025-11-14 11:01:43,756][accelerate.checkpointing][INFO] - Sampler state for dataloader 4 saved in /data/wxq/checkpoint/promptstereo-v6/exp14-zero/50000/sampler_4.bin
[2025-11-14 11:01:43,758][accelerate.checkpointing][INFO] - Random states saved in /data/wxq/checkpoint/promptstereo-v6/exp14-zero/50000/random_states_0.pkl
[2025-11-14 13:27:24,084][accelerate.accelerator][INFO] - Saving current state to /data/wxq/checkpoint/promptstereo-v6/exp14-zero/60000
[2025-11-14 13:27:25,855][accelerate.checkpointing][INFO] - Model weights saved in /data/wxq/checkpoint/promptstereo-v6/exp14-zero/60000/model.safetensors
[2025-11-14 13:27:26,404][accelerate.checkpointing][INFO] - Optimizer state saved in /data/wxq/checkpoint/promptstereo-v6/exp14-zero/60000/optimizer.bin
[2025-11-14 13:27:26,405][accelerate.checkpointing][INFO] - Scheduler state saved in /data/wxq/checkpoint/promptstereo-v6/exp14-zero/60000/scheduler.bin
[2025-11-14 13:27:26,405][accelerate.checkpointing][INFO] - Sampler state for dataloader 0 saved in /data/wxq/checkpoint/promptstereo-v6/exp14-zero/60000/sampler.bin
[2025-11-14 13:27:26,405][accelerate.checkpointing][INFO] - Sampler state for dataloader 1 saved in /data/wxq/checkpoint/promptstereo-v6/exp14-zero/60000/sampler_1.bin
[2025-11-14 13:27:26,405][accelerate.checkpointing][INFO] - Sampler state for dataloader 2 saved in /data/wxq/checkpoint/promptstereo-v6/exp14-zero/60000/sampler_2.bin
[2025-11-14 13:27:26,406][accelerate.checkpointing][INFO] - Sampler state for dataloader 3 saved in /data/wxq/checkpoint/promptstereo-v6/exp14-zero/60000/sampler_3.bin
[2025-11-14 13:27:26,406][accelerate.checkpointing][INFO] - Sampler state for dataloader 4 saved in /data/wxq/checkpoint/promptstereo-v6/exp14-zero/60000/sampler_4.bin
[2025-11-14 13:27:26,407][accelerate.checkpointing][INFO] - Random states saved in /data/wxq/checkpoint/promptstereo-v6/exp14-zero/60000/random_states_0.pkl
[2025-11-14 15:52:58,009][accelerate.accelerator][INFO] - Saving current state to /data/wxq/checkpoint/promptstereo-v6/exp14-zero/70000
[2025-11-14 15:53:00,291][accelerate.checkpointing][INFO] - Model weights saved in /data/wxq/checkpoint/promptstereo-v6/exp14-zero/70000/model.safetensors
[2025-11-14 15:53:00,860][accelerate.checkpointing][INFO] - Optimizer state saved in /data/wxq/checkpoint/promptstereo-v6/exp14-zero/70000/optimizer.bin
[2025-11-14 15:53:00,861][accelerate.checkpointing][INFO] - Scheduler state saved in /data/wxq/checkpoint/promptstereo-v6/exp14-zero/70000/scheduler.bin
[2025-11-14 15:53:00,862][accelerate.checkpointing][INFO] - Sampler state for dataloader 0 saved in /data/wxq/checkpoint/promptstereo-v6/exp14-zero/70000/sampler.bin
[2025-11-14 15:53:00,862][accelerate.checkpointing][INFO] - Sampler state for dataloader 1 saved in /data/wxq/checkpoint/promptstereo-v6/exp14-zero/70000/sampler_1.bin
[2025-11-14 15:53:00,862][accelerate.checkpointing][INFO] - Sampler state for dataloader 2 saved in /data/wxq/checkpoint/promptstereo-v6/exp14-zero/70000/sampler_2.bin
[2025-11-14 15:53:00,863][accelerate.checkpointing][INFO] - Sampler state for dataloader 3 saved in /data/wxq/checkpoint/promptstereo-v6/exp14-zero/70000/sampler_3.bin
[2025-11-14 15:53:00,863][accelerate.checkpointing][INFO] - Sampler state for dataloader 4 saved in /data/wxq/checkpoint/promptstereo-v6/exp14-zero/70000/sampler_4.bin
[2025-11-14 15:53:00,865][accelerate.checkpointing][INFO] - Random states saved in /data/wxq/checkpoint/promptstereo-v6/exp14-zero/70000/random_states_0.pkl
[2025-11-14 18:18:35,706][accelerate.accelerator][INFO] - Saving current state to /data/wxq/checkpoint/promptstereo-v6/exp14-zero/80000
[2025-11-14 18:18:37,695][accelerate.checkpointing][INFO] - Model weights saved in /data/wxq/checkpoint/promptstereo-v6/exp14-zero/80000/model.safetensors
[2025-11-14 18:18:38,269][accelerate.checkpointing][INFO] - Optimizer state saved in /data/wxq/checkpoint/promptstereo-v6/exp14-zero/80000/optimizer.bin
[2025-11-14 18:18:38,270][accelerate.checkpointing][INFO] - Scheduler state saved in /data/wxq/checkpoint/promptstereo-v6/exp14-zero/80000/scheduler.bin
[2025-11-14 18:18:38,270][accelerate.checkpointing][INFO] - Sampler state for dataloader 0 saved in /data/wxq/checkpoint/promptstereo-v6/exp14-zero/80000/sampler.bin
[2025-11-14 18:18:38,270][accelerate.checkpointing][INFO] - Sampler state for dataloader 1 saved in /data/wxq/checkpoint/promptstereo-v6/exp14-zero/80000/sampler_1.bin
[2025-11-14 18:18:38,271][accelerate.checkpointing][INFO] - Sampler state for dataloader 2 saved in /data/wxq/checkpoint/promptstereo-v6/exp14-zero/80000/sampler_2.bin
[2025-11-14 18:18:38,271][accelerate.checkpointing][INFO] - Sampler state for dataloader 3 saved in /data/wxq/checkpoint/promptstereo-v6/exp14-zero/80000/sampler_3.bin
[2025-11-14 18:18:38,271][accelerate.checkpointing][INFO] - Sampler state for dataloader 4 saved in /data/wxq/checkpoint/promptstereo-v6/exp14-zero/80000/sampler_4.bin
[2025-11-14 18:18:38,272][accelerate.checkpointing][INFO] - Random states saved in /data/wxq/checkpoint/promptstereo-v6/exp14-zero/80000/random_states_0.pkl
[2025-11-14 20:44:19,409][accelerate.accelerator][INFO] - Saving current state to /data/wxq/checkpoint/promptstereo-v6/exp14-zero/90000
[2025-11-14 20:44:21,190][accelerate.checkpointing][INFO] - Model weights saved in /data/wxq/checkpoint/promptstereo-v6/exp14-zero/90000/model.safetensors
[2025-11-14 20:44:21,728][accelerate.checkpointing][INFO] - Optimizer state saved in /data/wxq/checkpoint/promptstereo-v6/exp14-zero/90000/optimizer.bin
[2025-11-14 20:44:21,728][accelerate.checkpointing][INFO] - Scheduler state saved in /data/wxq/checkpoint/promptstereo-v6/exp14-zero/90000/scheduler.bin
[2025-11-14 20:44:21,729][accelerate.checkpointing][INFO] - Sampler state for dataloader 0 saved in /data/wxq/checkpoint/promptstereo-v6/exp14-zero/90000/sampler.bin
[2025-11-14 20:44:21,729][accelerate.checkpointing][INFO] - Sampler state for dataloader 1 saved in /data/wxq/checkpoint/promptstereo-v6/exp14-zero/90000/sampler_1.bin
[2025-11-14 20:44:21,729][accelerate.checkpointing][INFO] - Sampler state for dataloader 2 saved in /data/wxq/checkpoint/promptstereo-v6/exp14-zero/90000/sampler_2.bin
[2025-11-14 20:44:21,729][accelerate.checkpointing][INFO] - Sampler state for dataloader 3 saved in /data/wxq/checkpoint/promptstereo-v6/exp14-zero/90000/sampler_3.bin
[2025-11-14 20:44:21,729][accelerate.checkpointing][INFO] - Sampler state for dataloader 4 saved in /data/wxq/checkpoint/promptstereo-v6/exp14-zero/90000/sampler_4.bin
[2025-11-14 20:44:21,731][accelerate.checkpointing][INFO] - Random states saved in /data/wxq/checkpoint/promptstereo-v6/exp14-zero/90000/random_states_0.pkl
[2025-11-14 23:10:01,873][accelerate.accelerator][INFO] - Saving current state to /data/wxq/checkpoint/promptstereo-v6/exp14-zero/100000
[2025-11-14 23:10:03,894][accelerate.checkpointing][INFO] - Model weights saved in /data/wxq/checkpoint/promptstereo-v6/exp14-zero/100000/model.safetensors
[2025-11-14 23:10:04,499][accelerate.checkpointing][INFO] - Optimizer state saved in /data/wxq/checkpoint/promptstereo-v6/exp14-zero/100000/optimizer.bin
[2025-11-14 23:10:04,500][accelerate.checkpointing][INFO] - Scheduler state saved in /data/wxq/checkpoint/promptstereo-v6/exp14-zero/100000/scheduler.bin
[2025-11-14 23:10:04,500][accelerate.checkpointing][INFO] - Sampler state for dataloader 0 saved in /data/wxq/checkpoint/promptstereo-v6/exp14-zero/100000/sampler.bin
[2025-11-14 23:10:04,500][accelerate.checkpointing][INFO] - Sampler state for dataloader 1 saved in /data/wxq/checkpoint/promptstereo-v6/exp14-zero/100000/sampler_1.bin
[2025-11-14 23:10:04,500][accelerate.checkpointing][INFO] - Sampler state for dataloader 2 saved in /data/wxq/checkpoint/promptstereo-v6/exp14-zero/100000/sampler_2.bin
[2025-11-14 23:10:04,500][accelerate.checkpointing][INFO] - Sampler state for dataloader 3 saved in /data/wxq/checkpoint/promptstereo-v6/exp14-zero/100000/sampler_3.bin
[2025-11-14 23:10:04,500][accelerate.checkpointing][INFO] - Sampler state for dataloader 4 saved in /data/wxq/checkpoint/promptstereo-v6/exp14-zero/100000/sampler_4.bin
[2025-11-14 23:10:04,502][accelerate.checkpointing][INFO] - Random states saved in /data/wxq/checkpoint/promptstereo-v6/exp14-zero/100000/random_states_0.pkl
[2025-11-15 01:35:42,894][accelerate.accelerator][INFO] - Saving current state to /data/wxq/checkpoint/promptstereo-v6/exp14-zero/110000
[2025-11-15 01:35:44,852][accelerate.checkpointing][INFO] - Model weights saved in /data/wxq/checkpoint/promptstereo-v6/exp14-zero/110000/model.safetensors
[2025-11-15 01:35:45,441][accelerate.checkpointing][INFO] - Optimizer state saved in /data/wxq/checkpoint/promptstereo-v6/exp14-zero/110000/optimizer.bin
[2025-11-15 01:35:45,442][accelerate.checkpointing][INFO] - Scheduler state saved in /data/wxq/checkpoint/promptstereo-v6/exp14-zero/110000/scheduler.bin
[2025-11-15 01:35:45,442][accelerate.checkpointing][INFO] - Sampler state for dataloader 0 saved in /data/wxq/checkpoint/promptstereo-v6/exp14-zero/110000/sampler.bin
[2025-11-15 01:35:45,442][accelerate.checkpointing][INFO] - Sampler state for dataloader 1 saved in /data/wxq/checkpoint/promptstereo-v6/exp14-zero/110000/sampler_1.bin
[2025-11-15 01:35:45,442][accelerate.checkpointing][INFO] - Sampler state for dataloader 2 saved in /data/wxq/checkpoint/promptstereo-v6/exp14-zero/110000/sampler_2.bin
[2025-11-15 01:35:45,442][accelerate.checkpointing][INFO] - Sampler state for dataloader 3 saved in /data/wxq/checkpoint/promptstereo-v6/exp14-zero/110000/sampler_3.bin
[2025-11-15 01:35:45,443][accelerate.checkpointing][INFO] - Sampler state for dataloader 4 saved in /data/wxq/checkpoint/promptstereo-v6/exp14-zero/110000/sampler_4.bin
[2025-11-15 01:35:45,444][accelerate.checkpointing][INFO] - Random states saved in /data/wxq/checkpoint/promptstereo-v6/exp14-zero/110000/random_states_0.pkl
[2025-11-15 04:01:18,617][accelerate.accelerator][INFO] - Saving current state to /data/wxq/checkpoint/promptstereo-v6/exp14-zero/120000
[2025-11-15 04:01:20,386][accelerate.checkpointing][INFO] - Model weights saved in /data/wxq/checkpoint/promptstereo-v6/exp14-zero/120000/model.safetensors
[2025-11-15 04:01:20,931][accelerate.checkpointing][INFO] - Optimizer state saved in /data/wxq/checkpoint/promptstereo-v6/exp14-zero/120000/optimizer.bin
[2025-11-15 04:01:20,932][accelerate.checkpointing][INFO] - Scheduler state saved in /data/wxq/checkpoint/promptstereo-v6/exp14-zero/120000/scheduler.bin
[2025-11-15 04:01:20,932][accelerate.checkpointing][INFO] - Sampler state for dataloader 0 saved in /data/wxq/checkpoint/promptstereo-v6/exp14-zero/120000/sampler.bin
[2025-11-15 04:01:20,933][accelerate.checkpointing][INFO] - Sampler state for dataloader 1 saved in /data/wxq/checkpoint/promptstereo-v6/exp14-zero/120000/sampler_1.bin
[2025-11-15 04:01:20,933][accelerate.checkpointing][INFO] - Sampler state for dataloader 2 saved in /data/wxq/checkpoint/promptstereo-v6/exp14-zero/120000/sampler_2.bin
[2025-11-15 04:01:20,933][accelerate.checkpointing][INFO] - Sampler state for dataloader 3 saved in /data/wxq/checkpoint/promptstereo-v6/exp14-zero/120000/sampler_3.bin
[2025-11-15 04:01:20,933][accelerate.checkpointing][INFO] - Sampler state for dataloader 4 saved in /data/wxq/checkpoint/promptstereo-v6/exp14-zero/120000/sampler_4.bin
[2025-11-15 04:01:20,934][accelerate.checkpointing][INFO] - Random states saved in /data/wxq/checkpoint/promptstereo-v6/exp14-zero/120000/random_states_0.pkl
[2025-11-15 06:26:59,479][accelerate.accelerator][INFO] - Saving current state to /data/wxq/checkpoint/promptstereo-v6/exp14-zero/130000
[2025-11-15 06:27:01,432][accelerate.checkpointing][INFO] - Model weights saved in /data/wxq/checkpoint/promptstereo-v6/exp14-zero/130000/model.safetensors
[2025-11-15 06:27:02,027][accelerate.checkpointing][INFO] - Optimizer state saved in /data/wxq/checkpoint/promptstereo-v6/exp14-zero/130000/optimizer.bin
[2025-11-15 06:27:02,028][accelerate.checkpointing][INFO] - Scheduler state saved in /data/wxq/checkpoint/promptstereo-v6/exp14-zero/130000/scheduler.bin
[2025-11-15 06:27:02,028][accelerate.checkpointing][INFO] - Sampler state for dataloader 0 saved in /data/wxq/checkpoint/promptstereo-v6/exp14-zero/130000/sampler.bin
[2025-11-15 06:27:02,028][accelerate.checkpointing][INFO] - Sampler state for dataloader 1 saved in /data/wxq/checkpoint/promptstereo-v6/exp14-zero/130000/sampler_1.bin
[2025-11-15 06:27:02,029][accelerate.checkpointing][INFO] - Sampler state for dataloader 2 saved in /data/wxq/checkpoint/promptstereo-v6/exp14-zero/130000/sampler_2.bin
[2025-11-15 06:27:02,029][accelerate.checkpointing][INFO] - Sampler state for dataloader 3 saved in /data/wxq/checkpoint/promptstereo-v6/exp14-zero/130000/sampler_3.bin
[2025-11-15 06:27:02,029][accelerate.checkpointing][INFO] - Sampler state for dataloader 4 saved in /data/wxq/checkpoint/promptstereo-v6/exp14-zero/130000/sampler_4.bin
[2025-11-15 06:27:02,031][accelerate.checkpointing][INFO] - Random states saved in /data/wxq/checkpoint/promptstereo-v6/exp14-zero/130000/random_states_0.pkl
[2025-11-15 08:52:41,704][accelerate.accelerator][INFO] - Saving current state to /data/wxq/checkpoint/promptstereo-v6/exp14-zero/140000
[2025-11-15 08:52:43,643][accelerate.checkpointing][INFO] - Model weights saved in /data/wxq/checkpoint/promptstereo-v6/exp14-zero/140000/model.safetensors
[2025-11-15 08:52:44,238][accelerate.checkpointing][INFO] - Optimizer state saved in /data/wxq/checkpoint/promptstereo-v6/exp14-zero/140000/optimizer.bin
[2025-11-15 08:52:44,238][accelerate.checkpointing][INFO] - Scheduler state saved in /data/wxq/checkpoint/promptstereo-v6/exp14-zero/140000/scheduler.bin
[2025-11-15 08:52:44,238][accelerate.checkpointing][INFO] - Sampler state for dataloader 0 saved in /data/wxq/checkpoint/promptstereo-v6/exp14-zero/140000/sampler.bin
[2025-11-15 08:52:44,239][accelerate.checkpointing][INFO] - Sampler state for dataloader 1 saved in /data/wxq/checkpoint/promptstereo-v6/exp14-zero/140000/sampler_1.bin
[2025-11-15 08:52:44,239][accelerate.checkpointing][INFO] - Sampler state for dataloader 2 saved in /data/wxq/checkpoint/promptstereo-v6/exp14-zero/140000/sampler_2.bin
[2025-11-15 08:52:44,239][accelerate.checkpointing][INFO] - Sampler state for dataloader 3 saved in /data/wxq/checkpoint/promptstereo-v6/exp14-zero/140000/sampler_3.bin
[2025-11-15 08:52:44,239][accelerate.checkpointing][INFO] - Sampler state for dataloader 4 saved in /data/wxq/checkpoint/promptstereo-v6/exp14-zero/140000/sampler_4.bin
[2025-11-15 08:52:44,240][accelerate.checkpointing][INFO] - Random states saved in /data/wxq/checkpoint/promptstereo-v6/exp14-zero/140000/random_states_0.pkl
[2025-11-15 11:18:10,686][accelerate.accelerator][INFO] - Saving current state to /data/wxq/checkpoint/promptstereo-v6/exp14-zero/150000
[2025-11-15 11:18:12,654][accelerate.checkpointing][INFO] - Model weights saved in /data/wxq/checkpoint/promptstereo-v6/exp14-zero/150000/model.safetensors
[2025-11-15 11:18:13,240][accelerate.checkpointing][INFO] - Optimizer state saved in /data/wxq/checkpoint/promptstereo-v6/exp14-zero/150000/optimizer.bin
[2025-11-15 11:18:13,241][accelerate.checkpointing][INFO] - Scheduler state saved in /data/wxq/checkpoint/promptstereo-v6/exp14-zero/150000/scheduler.bin
[2025-11-15 11:18:13,241][accelerate.checkpointing][INFO] - Sampler state for dataloader 0 saved in /data/wxq/checkpoint/promptstereo-v6/exp14-zero/150000/sampler.bin
[2025-11-15 11:18:13,241][accelerate.checkpointing][INFO] - Sampler state for dataloader 1 saved in /data/wxq/checkpoint/promptstereo-v6/exp14-zero/150000/sampler_1.bin
[2025-11-15 11:18:13,241][accelerate.checkpointing][INFO] - Sampler state for dataloader 2 saved in /data/wxq/checkpoint/promptstereo-v6/exp14-zero/150000/sampler_2.bin
[2025-11-15 11:18:13,242][accelerate.checkpointing][INFO] - Sampler state for dataloader 3 saved in /data/wxq/checkpoint/promptstereo-v6/exp14-zero/150000/sampler_3.bin
[2025-11-15 11:18:13,242][accelerate.checkpointing][INFO] - Sampler state for dataloader 4 saved in /data/wxq/checkpoint/promptstereo-v6/exp14-zero/150000/sampler_4.bin
[2025-11-15 11:18:13,243][accelerate.checkpointing][INFO] - Random states saved in /data/wxq/checkpoint/promptstereo-v6/exp14-zero/150000/random_states_0.pkl
[2025-11-15 13:43:49,261][accelerate.accelerator][INFO] - Saving current state to /data/wxq/checkpoint/promptstereo-v6/exp14-zero/160000
[2025-11-15 13:43:51,077][accelerate.checkpointing][INFO] - Model weights saved in /data/wxq/checkpoint/promptstereo-v6/exp14-zero/160000/model.safetensors
[2025-11-15 13:43:51,629][accelerate.checkpointing][INFO] - Optimizer state saved in /data/wxq/checkpoint/promptstereo-v6/exp14-zero/160000/optimizer.bin
[2025-11-15 13:43:51,630][accelerate.checkpointing][INFO] - Scheduler state saved in /data/wxq/checkpoint/promptstereo-v6/exp14-zero/160000/scheduler.bin
[2025-11-15 13:43:51,630][accelerate.checkpointing][INFO] - Sampler state for dataloader 0 saved in /data/wxq/checkpoint/promptstereo-v6/exp14-zero/160000/sampler.bin
[2025-11-15 13:43:51,630][accelerate.checkpointing][INFO] - Sampler state for dataloader 1 saved in /data/wxq/checkpoint/promptstereo-v6/exp14-zero/160000/sampler_1.bin
[2025-11-15 13:43:51,630][accelerate.checkpointing][INFO] - Sampler state for dataloader 2 saved in /data/wxq/checkpoint/promptstereo-v6/exp14-zero/160000/sampler_2.bin
[2025-11-15 13:43:51,630][accelerate.checkpointing][INFO] - Sampler state for dataloader 3 saved in /data/wxq/checkpoint/promptstereo-v6/exp14-zero/160000/sampler_3.bin
[2025-11-15 13:43:51,630][accelerate.checkpointing][INFO] - Sampler state for dataloader 4 saved in /data/wxq/checkpoint/promptstereo-v6/exp14-zero/160000/sampler_4.bin
[2025-11-15 13:43:51,632][accelerate.checkpointing][INFO] - Random states saved in /data/wxq/checkpoint/promptstereo-v6/exp14-zero/160000/random_states_0.pkl
[2025-11-15 16:09:20,783][accelerate.accelerator][INFO] - Saving current state to /data/wxq/checkpoint/promptstereo-v6/exp14-zero/170000
