[2025-11-04 10:29:01,257][dinov2][INFO] - using MLP layer as FFN
[2025-11-04 10:29:01,308][dinov2][INFO] - using MLP layer as FFN
[2025-11-04 10:29:01,440][dinov2][INFO] - using MLP layer as FFN
[2025-11-04 10:29:07,415][__main__][INFO] - Reading 35454 samples from SceneFlow.
[2025-11-04 10:29:07,445][__main__][INFO] - Reading 4370 samples from SceneFlow.
[2025-11-04 10:29:07,448][__main__][INFO] - Reading 200 samples from KITTI.
[2025-11-04 10:29:07,450][__main__][INFO] - Reading 15 samples from Middlebury.
[2025-11-04 10:29:07,451][__main__][INFO] - Reading 27 samples from ETH3D.
[2025-11-04 10:29:07,778][dinov2][INFO] - using MLP layer as FFN
[2025-11-04 10:29:12,976][__main__][INFO] - Loading model from PromptStereo.
[2025-11-04 12:38:31,510][accelerate.accelerator][INFO] - Saving current state to /data/wxq/checkpoint/promptstereo-v6/exp14-0.5BD/10000
[2025-11-04 12:38:33,493][accelerate.checkpointing][INFO] - Model weights saved in /data/wxq/checkpoint/promptstereo-v6/exp14-0.5BD/10000/model.safetensors
[2025-11-04 12:38:34,055][accelerate.checkpointing][INFO] - Optimizer state saved in /data/wxq/checkpoint/promptstereo-v6/exp14-0.5BD/10000/optimizer.bin
[2025-11-04 12:38:34,056][accelerate.checkpointing][INFO] - Scheduler state saved in /data/wxq/checkpoint/promptstereo-v6/exp14-0.5BD/10000/scheduler.bin
[2025-11-04 12:38:34,056][accelerate.checkpointing][INFO] - Sampler state for dataloader 0 saved in /data/wxq/checkpoint/promptstereo-v6/exp14-0.5BD/10000/sampler.bin
[2025-11-04 12:38:34,056][accelerate.checkpointing][INFO] - Sampler state for dataloader 1 saved in /data/wxq/checkpoint/promptstereo-v6/exp14-0.5BD/10000/sampler_1.bin
[2025-11-04 12:38:34,057][accelerate.checkpointing][INFO] - Sampler state for dataloader 2 saved in /data/wxq/checkpoint/promptstereo-v6/exp14-0.5BD/10000/sampler_2.bin
[2025-11-04 12:38:34,057][accelerate.checkpointing][INFO] - Sampler state for dataloader 3 saved in /data/wxq/checkpoint/promptstereo-v6/exp14-0.5BD/10000/sampler_3.bin
[2025-11-04 12:38:34,057][accelerate.checkpointing][INFO] - Sampler state for dataloader 4 saved in /data/wxq/checkpoint/promptstereo-v6/exp14-0.5BD/10000/sampler_4.bin
[2025-11-04 12:38:34,058][accelerate.checkpointing][INFO] - Random states saved in /data/wxq/checkpoint/promptstereo-v6/exp14-0.5BD/10000/random_states_0.pkl
[2025-11-04 14:56:16,895][accelerate.accelerator][INFO] - Saving current state to /data/wxq/checkpoint/promptstereo-v6/exp14-0.5BD/20000
[2025-11-04 14:56:18,817][accelerate.checkpointing][INFO] - Model weights saved in /data/wxq/checkpoint/promptstereo-v6/exp14-0.5BD/20000/model.safetensors
[2025-11-04 14:56:19,386][accelerate.checkpointing][INFO] - Optimizer state saved in /data/wxq/checkpoint/promptstereo-v6/exp14-0.5BD/20000/optimizer.bin
[2025-11-04 14:56:19,387][accelerate.checkpointing][INFO] - Scheduler state saved in /data/wxq/checkpoint/promptstereo-v6/exp14-0.5BD/20000/scheduler.bin
[2025-11-04 14:56:19,387][accelerate.checkpointing][INFO] - Sampler state for dataloader 0 saved in /data/wxq/checkpoint/promptstereo-v6/exp14-0.5BD/20000/sampler.bin
[2025-11-04 14:56:19,387][accelerate.checkpointing][INFO] - Sampler state for dataloader 1 saved in /data/wxq/checkpoint/promptstereo-v6/exp14-0.5BD/20000/sampler_1.bin
[2025-11-04 14:56:19,387][accelerate.checkpointing][INFO] - Sampler state for dataloader 2 saved in /data/wxq/checkpoint/promptstereo-v6/exp14-0.5BD/20000/sampler_2.bin
[2025-11-04 14:56:19,387][accelerate.checkpointing][INFO] - Sampler state for dataloader 3 saved in /data/wxq/checkpoint/promptstereo-v6/exp14-0.5BD/20000/sampler_3.bin
[2025-11-04 14:56:19,388][accelerate.checkpointing][INFO] - Sampler state for dataloader 4 saved in /data/wxq/checkpoint/promptstereo-v6/exp14-0.5BD/20000/sampler_4.bin
[2025-11-04 14:56:19,389][accelerate.checkpointing][INFO] - Random states saved in /data/wxq/checkpoint/promptstereo-v6/exp14-0.5BD/20000/random_states_0.pkl
[2025-11-04 17:14:07,470][accelerate.accelerator][INFO] - Saving current state to /data/wxq/checkpoint/promptstereo-v6/exp14-0.5BD/30000
[2025-11-04 17:14:09,463][accelerate.checkpointing][INFO] - Model weights saved in /data/wxq/checkpoint/promptstereo-v6/exp14-0.5BD/30000/model.safetensors
[2025-11-04 17:14:10,070][accelerate.checkpointing][INFO] - Optimizer state saved in /data/wxq/checkpoint/promptstereo-v6/exp14-0.5BD/30000/optimizer.bin
[2025-11-04 17:14:10,071][accelerate.checkpointing][INFO] - Scheduler state saved in /data/wxq/checkpoint/promptstereo-v6/exp14-0.5BD/30000/scheduler.bin
[2025-11-04 17:14:10,071][accelerate.checkpointing][INFO] - Sampler state for dataloader 0 saved in /data/wxq/checkpoint/promptstereo-v6/exp14-0.5BD/30000/sampler.bin
[2025-11-04 17:14:10,071][accelerate.checkpointing][INFO] - Sampler state for dataloader 1 saved in /data/wxq/checkpoint/promptstereo-v6/exp14-0.5BD/30000/sampler_1.bin
[2025-11-04 17:14:10,071][accelerate.checkpointing][INFO] - Sampler state for dataloader 2 saved in /data/wxq/checkpoint/promptstereo-v6/exp14-0.5BD/30000/sampler_2.bin
[2025-11-04 17:14:10,071][accelerate.checkpointing][INFO] - Sampler state for dataloader 3 saved in /data/wxq/checkpoint/promptstereo-v6/exp14-0.5BD/30000/sampler_3.bin
[2025-11-04 17:14:10,071][accelerate.checkpointing][INFO] - Sampler state for dataloader 4 saved in /data/wxq/checkpoint/promptstereo-v6/exp14-0.5BD/30000/sampler_4.bin
[2025-11-04 17:14:10,073][accelerate.checkpointing][INFO] - Random states saved in /data/wxq/checkpoint/promptstereo-v6/exp14-0.5BD/30000/random_states_0.pkl
[2025-11-04 19:31:11,937][accelerate.accelerator][INFO] - Saving current state to /data/wxq/checkpoint/promptstereo-v6/exp14-0.5BD/40000
[2025-11-04 19:31:13,747][accelerate.checkpointing][INFO] - Model weights saved in /data/wxq/checkpoint/promptstereo-v6/exp14-0.5BD/40000/model.safetensors
[2025-11-04 19:31:14,287][accelerate.checkpointing][INFO] - Optimizer state saved in /data/wxq/checkpoint/promptstereo-v6/exp14-0.5BD/40000/optimizer.bin
[2025-11-04 19:31:14,288][accelerate.checkpointing][INFO] - Scheduler state saved in /data/wxq/checkpoint/promptstereo-v6/exp14-0.5BD/40000/scheduler.bin
[2025-11-04 19:31:14,288][accelerate.checkpointing][INFO] - Sampler state for dataloader 0 saved in /data/wxq/checkpoint/promptstereo-v6/exp14-0.5BD/40000/sampler.bin
[2025-11-04 19:31:14,288][accelerate.checkpointing][INFO] - Sampler state for dataloader 1 saved in /data/wxq/checkpoint/promptstereo-v6/exp14-0.5BD/40000/sampler_1.bin
[2025-11-04 19:31:14,288][accelerate.checkpointing][INFO] - Sampler state for dataloader 2 saved in /data/wxq/checkpoint/promptstereo-v6/exp14-0.5BD/40000/sampler_2.bin
[2025-11-04 19:31:14,288][accelerate.checkpointing][INFO] - Sampler state for dataloader 3 saved in /data/wxq/checkpoint/promptstereo-v6/exp14-0.5BD/40000/sampler_3.bin
[2025-11-04 19:31:14,288][accelerate.checkpointing][INFO] - Sampler state for dataloader 4 saved in /data/wxq/checkpoint/promptstereo-v6/exp14-0.5BD/40000/sampler_4.bin
[2025-11-04 19:31:14,290][accelerate.checkpointing][INFO] - Random states saved in /data/wxq/checkpoint/promptstereo-v6/exp14-0.5BD/40000/random_states_0.pkl
[2025-11-04 21:48:10,183][accelerate.accelerator][INFO] - Saving current state to /data/wxq/checkpoint/promptstereo-v6/exp14-0.5BD/50000
[2025-11-04 21:48:12,100][accelerate.checkpointing][INFO] - Model weights saved in /data/wxq/checkpoint/promptstereo-v6/exp14-0.5BD/50000/model.safetensors
[2025-11-04 21:48:12,645][accelerate.checkpointing][INFO] - Optimizer state saved in /data/wxq/checkpoint/promptstereo-v6/exp14-0.5BD/50000/optimizer.bin
[2025-11-04 21:48:12,646][accelerate.checkpointing][INFO] - Scheduler state saved in /data/wxq/checkpoint/promptstereo-v6/exp14-0.5BD/50000/scheduler.bin
[2025-11-04 21:48:12,646][accelerate.checkpointing][INFO] - Sampler state for dataloader 0 saved in /data/wxq/checkpoint/promptstereo-v6/exp14-0.5BD/50000/sampler.bin
[2025-11-04 21:48:12,647][accelerate.checkpointing][INFO] - Sampler state for dataloader 1 saved in /data/wxq/checkpoint/promptstereo-v6/exp14-0.5BD/50000/sampler_1.bin
[2025-11-04 21:48:12,647][accelerate.checkpointing][INFO] - Sampler state for dataloader 2 saved in /data/wxq/checkpoint/promptstereo-v6/exp14-0.5BD/50000/sampler_2.bin
[2025-11-04 21:48:12,647][accelerate.checkpointing][INFO] - Sampler state for dataloader 3 saved in /data/wxq/checkpoint/promptstereo-v6/exp14-0.5BD/50000/sampler_3.bin
[2025-11-04 21:48:12,648][accelerate.checkpointing][INFO] - Sampler state for dataloader 4 saved in /data/wxq/checkpoint/promptstereo-v6/exp14-0.5BD/50000/sampler_4.bin
[2025-11-04 21:48:12,649][accelerate.checkpointing][INFO] - Random states saved in /data/wxq/checkpoint/promptstereo-v6/exp14-0.5BD/50000/random_states_0.pkl
[2025-11-05 00:05:09,510][accelerate.accelerator][INFO] - Saving current state to /data/wxq/checkpoint/promptstereo-v6/exp14-0.5BD/60000
[2025-11-05 00:05:11,502][accelerate.checkpointing][INFO] - Model weights saved in /data/wxq/checkpoint/promptstereo-v6/exp14-0.5BD/60000/model.safetensors
[2025-11-05 00:05:12,095][accelerate.checkpointing][INFO] - Optimizer state saved in /data/wxq/checkpoint/promptstereo-v6/exp14-0.5BD/60000/optimizer.bin
[2025-11-05 00:05:12,095][accelerate.checkpointing][INFO] - Scheduler state saved in /data/wxq/checkpoint/promptstereo-v6/exp14-0.5BD/60000/scheduler.bin
[2025-11-05 00:05:12,095][accelerate.checkpointing][INFO] - Sampler state for dataloader 0 saved in /data/wxq/checkpoint/promptstereo-v6/exp14-0.5BD/60000/sampler.bin
[2025-11-05 00:05:12,096][accelerate.checkpointing][INFO] - Sampler state for dataloader 1 saved in /data/wxq/checkpoint/promptstereo-v6/exp14-0.5BD/60000/sampler_1.bin
[2025-11-05 00:05:12,096][accelerate.checkpointing][INFO] - Sampler state for dataloader 2 saved in /data/wxq/checkpoint/promptstereo-v6/exp14-0.5BD/60000/sampler_2.bin
[2025-11-05 00:05:12,096][accelerate.checkpointing][INFO] - Sampler state for dataloader 3 saved in /data/wxq/checkpoint/promptstereo-v6/exp14-0.5BD/60000/sampler_3.bin
[2025-11-05 00:05:12,096][accelerate.checkpointing][INFO] - Sampler state for dataloader 4 saved in /data/wxq/checkpoint/promptstereo-v6/exp14-0.5BD/60000/sampler_4.bin
[2025-11-05 00:05:12,097][accelerate.checkpointing][INFO] - Random states saved in /data/wxq/checkpoint/promptstereo-v6/exp14-0.5BD/60000/random_states_0.pkl
[2025-11-05 02:22:02,917][accelerate.accelerator][INFO] - Saving current state to /data/wxq/checkpoint/promptstereo-v6/exp14-0.5BD/70000
[2025-11-05 02:22:04,777][accelerate.checkpointing][INFO] - Model weights saved in /data/wxq/checkpoint/promptstereo-v6/exp14-0.5BD/70000/model.safetensors
[2025-11-05 02:22:05,322][accelerate.checkpointing][INFO] - Optimizer state saved in /data/wxq/checkpoint/promptstereo-v6/exp14-0.5BD/70000/optimizer.bin
[2025-11-05 02:22:05,322][accelerate.checkpointing][INFO] - Scheduler state saved in /data/wxq/checkpoint/promptstereo-v6/exp14-0.5BD/70000/scheduler.bin
[2025-11-05 02:22:05,322][accelerate.checkpointing][INFO] - Sampler state for dataloader 0 saved in /data/wxq/checkpoint/promptstereo-v6/exp14-0.5BD/70000/sampler.bin
[2025-11-05 02:22:05,323][accelerate.checkpointing][INFO] - Sampler state for dataloader 1 saved in /data/wxq/checkpoint/promptstereo-v6/exp14-0.5BD/70000/sampler_1.bin
[2025-11-05 02:22:05,323][accelerate.checkpointing][INFO] - Sampler state for dataloader 2 saved in /data/wxq/checkpoint/promptstereo-v6/exp14-0.5BD/70000/sampler_2.bin
[2025-11-05 02:22:05,323][accelerate.checkpointing][INFO] - Sampler state for dataloader 3 saved in /data/wxq/checkpoint/promptstereo-v6/exp14-0.5BD/70000/sampler_3.bin
[2025-11-05 02:22:05,323][accelerate.checkpointing][INFO] - Sampler state for dataloader 4 saved in /data/wxq/checkpoint/promptstereo-v6/exp14-0.5BD/70000/sampler_4.bin
[2025-11-05 02:22:05,324][accelerate.checkpointing][INFO] - Random states saved in /data/wxq/checkpoint/promptstereo-v6/exp14-0.5BD/70000/random_states_0.pkl
[2025-11-05 04:38:59,970][accelerate.accelerator][INFO] - Saving current state to /data/wxq/checkpoint/promptstereo-v6/exp14-0.5BD/80000
[2025-11-05 04:39:01,766][accelerate.checkpointing][INFO] - Model weights saved in /data/wxq/checkpoint/promptstereo-v6/exp14-0.5BD/80000/model.safetensors
[2025-11-05 04:39:02,359][accelerate.checkpointing][INFO] - Optimizer state saved in /data/wxq/checkpoint/promptstereo-v6/exp14-0.5BD/80000/optimizer.bin
[2025-11-05 04:39:02,360][accelerate.checkpointing][INFO] - Scheduler state saved in /data/wxq/checkpoint/promptstereo-v6/exp14-0.5BD/80000/scheduler.bin
[2025-11-05 04:39:02,360][accelerate.checkpointing][INFO] - Sampler state for dataloader 0 saved in /data/wxq/checkpoint/promptstereo-v6/exp14-0.5BD/80000/sampler.bin
[2025-11-05 04:39:02,361][accelerate.checkpointing][INFO] - Sampler state for dataloader 1 saved in /data/wxq/checkpoint/promptstereo-v6/exp14-0.5BD/80000/sampler_1.bin
[2025-11-05 04:39:02,361][accelerate.checkpointing][INFO] - Sampler state for dataloader 2 saved in /data/wxq/checkpoint/promptstereo-v6/exp14-0.5BD/80000/sampler_2.bin
[2025-11-05 04:39:02,361][accelerate.checkpointing][INFO] - Sampler state for dataloader 3 saved in /data/wxq/checkpoint/promptstereo-v6/exp14-0.5BD/80000/sampler_3.bin
[2025-11-05 04:39:02,361][accelerate.checkpointing][INFO] - Sampler state for dataloader 4 saved in /data/wxq/checkpoint/promptstereo-v6/exp14-0.5BD/80000/sampler_4.bin
[2025-11-05 04:39:02,363][accelerate.checkpointing][INFO] - Random states saved in /data/wxq/checkpoint/promptstereo-v6/exp14-0.5BD/80000/random_states_0.pkl
[2025-11-05 06:55:47,754][accelerate.accelerator][INFO] - Saving current state to /data/wxq/checkpoint/promptstereo-v6/exp14-0.5BD/90000
[2025-11-05 06:55:49,663][accelerate.checkpointing][INFO] - Model weights saved in /data/wxq/checkpoint/promptstereo-v6/exp14-0.5BD/90000/model.safetensors
[2025-11-05 06:55:50,312][accelerate.checkpointing][INFO] - Optimizer state saved in /data/wxq/checkpoint/promptstereo-v6/exp14-0.5BD/90000/optimizer.bin
[2025-11-05 06:55:50,313][accelerate.checkpointing][INFO] - Scheduler state saved in /data/wxq/checkpoint/promptstereo-v6/exp14-0.5BD/90000/scheduler.bin
[2025-11-05 06:55:50,313][accelerate.checkpointing][INFO] - Sampler state for dataloader 0 saved in /data/wxq/checkpoint/promptstereo-v6/exp14-0.5BD/90000/sampler.bin
[2025-11-05 06:55:50,313][accelerate.checkpointing][INFO] - Sampler state for dataloader 1 saved in /data/wxq/checkpoint/promptstereo-v6/exp14-0.5BD/90000/sampler_1.bin
[2025-11-05 06:55:50,314][accelerate.checkpointing][INFO] - Sampler state for dataloader 2 saved in /data/wxq/checkpoint/promptstereo-v6/exp14-0.5BD/90000/sampler_2.bin
[2025-11-05 06:55:50,314][accelerate.checkpointing][INFO] - Sampler state for dataloader 3 saved in /data/wxq/checkpoint/promptstereo-v6/exp14-0.5BD/90000/sampler_3.bin
[2025-11-05 06:55:50,314][accelerate.checkpointing][INFO] - Sampler state for dataloader 4 saved in /data/wxq/checkpoint/promptstereo-v6/exp14-0.5BD/90000/sampler_4.bin
[2025-11-05 06:55:50,316][accelerate.checkpointing][INFO] - Random states saved in /data/wxq/checkpoint/promptstereo-v6/exp14-0.5BD/90000/random_states_0.pkl
[2025-11-05 09:12:44,413][accelerate.accelerator][INFO] - Saving current state to /data/wxq/checkpoint/promptstereo-v6/exp14-0.5BD/100000
[2025-11-05 09:12:46,267][accelerate.checkpointing][INFO] - Model weights saved in /data/wxq/checkpoint/promptstereo-v6/exp14-0.5BD/100000/model.safetensors
[2025-11-05 09:12:46,807][accelerate.checkpointing][INFO] - Optimizer state saved in /data/wxq/checkpoint/promptstereo-v6/exp14-0.5BD/100000/optimizer.bin
[2025-11-05 09:12:46,807][accelerate.checkpointing][INFO] - Scheduler state saved in /data/wxq/checkpoint/promptstereo-v6/exp14-0.5BD/100000/scheduler.bin
[2025-11-05 09:12:46,808][accelerate.checkpointing][INFO] - Sampler state for dataloader 0 saved in /data/wxq/checkpoint/promptstereo-v6/exp14-0.5BD/100000/sampler.bin
[2025-11-05 09:12:46,808][accelerate.checkpointing][INFO] - Sampler state for dataloader 1 saved in /data/wxq/checkpoint/promptstereo-v6/exp14-0.5BD/100000/sampler_1.bin
[2025-11-05 09:12:46,808][accelerate.checkpointing][INFO] - Sampler state for dataloader 2 saved in /data/wxq/checkpoint/promptstereo-v6/exp14-0.5BD/100000/sampler_2.bin
[2025-11-05 09:12:46,808][accelerate.checkpointing][INFO] - Sampler state for dataloader 3 saved in /data/wxq/checkpoint/promptstereo-v6/exp14-0.5BD/100000/sampler_3.bin
[2025-11-05 09:12:46,809][accelerate.checkpointing][INFO] - Sampler state for dataloader 4 saved in /data/wxq/checkpoint/promptstereo-v6/exp14-0.5BD/100000/sampler_4.bin
[2025-11-05 09:12:46,810][accelerate.checkpointing][INFO] - Random states saved in /data/wxq/checkpoint/promptstereo-v6/exp14-0.5BD/100000/random_states_0.pkl
