[2025-11-02 19:58:25,427][dinov2][INFO] - using MLP layer as FFN
[2025-11-02 19:58:25,509][__main__][INFO] - Reading 35454 samples from SceneFlow.
[2025-11-02 19:58:25,528][__main__][INFO] - Reading 4370 samples from SceneFlow.
[2025-11-02 19:58:25,530][__main__][INFO] - Reading 200 samples from KITTI.
[2025-11-02 19:58:25,532][__main__][INFO] - Reading 15 samples from Middlebury.
[2025-11-02 19:58:25,533][__main__][INFO] - Reading 27 samples from ETH3D.
[2025-11-02 19:58:25,916][dinov2][INFO] - using MLP layer as FFN
[2025-11-02 19:58:30,459][timm.models.helpers][INFO] - Loading pretrained weights from url (https://github.com/rwightman/pytorch-image-models/releases/download/v0.1-weights/mobilenetv2_100_ra-b33bc2c4.pth)
[2025-11-02 19:58:31,013][timm.models.helpers][INFO] - Loading pretrained weights from url (https://github.com/rwightman/pytorch-image-models/releases/download/v0.1-weights/mobilenetv2_100_ra-b33bc2c4.pth)
[2025-11-02 19:58:31,244][__main__][INFO] - Loading model from PromptStereo.
[2025-11-02 21:47:53,984][accelerate.accelerator][INFO] - Saving current state to /data/wxq/checkpoint/promptstereo-v6/IGEV/10000
[2025-11-02 21:47:55,958][accelerate.checkpointing][INFO] - Model weights saved in /data/wxq/checkpoint/promptstereo-v6/IGEV/10000/model.safetensors
[2025-11-02 21:47:56,330][accelerate.checkpointing][INFO] - Optimizer state saved in /data/wxq/checkpoint/promptstereo-v6/IGEV/10000/optimizer.bin
[2025-11-02 21:47:56,331][accelerate.checkpointing][INFO] - Scheduler state saved in /data/wxq/checkpoint/promptstereo-v6/IGEV/10000/scheduler.bin
[2025-11-02 21:47:56,332][accelerate.checkpointing][INFO] - Sampler state for dataloader 0 saved in /data/wxq/checkpoint/promptstereo-v6/IGEV/10000/sampler.bin
[2025-11-02 21:47:56,332][accelerate.checkpointing][INFO] - Sampler state for dataloader 1 saved in /data/wxq/checkpoint/promptstereo-v6/IGEV/10000/sampler_1.bin
[2025-11-02 21:47:56,332][accelerate.checkpointing][INFO] - Sampler state for dataloader 2 saved in /data/wxq/checkpoint/promptstereo-v6/IGEV/10000/sampler_2.bin
[2025-11-02 21:47:56,332][accelerate.checkpointing][INFO] - Sampler state for dataloader 3 saved in /data/wxq/checkpoint/promptstereo-v6/IGEV/10000/sampler_3.bin
[2025-11-02 21:47:56,333][accelerate.checkpointing][INFO] - Sampler state for dataloader 4 saved in /data/wxq/checkpoint/promptstereo-v6/IGEV/10000/sampler_4.bin
[2025-11-02 21:47:56,334][accelerate.checkpointing][INFO] - Random states saved in /data/wxq/checkpoint/promptstereo-v6/IGEV/10000/random_states_0.pkl
[2025-11-02 23:51:10,892][accelerate.accelerator][INFO] - Saving current state to /data/wxq/checkpoint/promptstereo-v6/IGEV/20000
[2025-11-02 23:51:12,812][accelerate.checkpointing][INFO] - Model weights saved in /data/wxq/checkpoint/promptstereo-v6/IGEV/20000/model.safetensors
[2025-11-02 23:51:13,141][accelerate.checkpointing][INFO] - Optimizer state saved in /data/wxq/checkpoint/promptstereo-v6/IGEV/20000/optimizer.bin
[2025-11-02 23:51:13,142][accelerate.checkpointing][INFO] - Scheduler state saved in /data/wxq/checkpoint/promptstereo-v6/IGEV/20000/scheduler.bin
[2025-11-02 23:51:13,142][accelerate.checkpointing][INFO] - Sampler state for dataloader 0 saved in /data/wxq/checkpoint/promptstereo-v6/IGEV/20000/sampler.bin
[2025-11-02 23:51:13,142][accelerate.checkpointing][INFO] - Sampler state for dataloader 1 saved in /data/wxq/checkpoint/promptstereo-v6/IGEV/20000/sampler_1.bin
[2025-11-02 23:51:13,142][accelerate.checkpointing][INFO] - Sampler state for dataloader 2 saved in /data/wxq/checkpoint/promptstereo-v6/IGEV/20000/sampler_2.bin
[2025-11-02 23:51:13,143][accelerate.checkpointing][INFO] - Sampler state for dataloader 3 saved in /data/wxq/checkpoint/promptstereo-v6/IGEV/20000/sampler_3.bin
[2025-11-02 23:51:13,143][accelerate.checkpointing][INFO] - Sampler state for dataloader 4 saved in /data/wxq/checkpoint/promptstereo-v6/IGEV/20000/sampler_4.bin
[2025-11-02 23:51:13,144][accelerate.checkpointing][INFO] - Random states saved in /data/wxq/checkpoint/promptstereo-v6/IGEV/20000/random_states_0.pkl
[2025-11-03 01:54:00,488][accelerate.accelerator][INFO] - Saving current state to /data/wxq/checkpoint/promptstereo-v6/IGEV/30000
[2025-11-03 01:54:02,354][accelerate.checkpointing][INFO] - Model weights saved in /data/wxq/checkpoint/promptstereo-v6/IGEV/30000/model.safetensors
[2025-11-03 01:54:02,693][accelerate.checkpointing][INFO] - Optimizer state saved in /data/wxq/checkpoint/promptstereo-v6/IGEV/30000/optimizer.bin
[2025-11-03 01:54:02,694][accelerate.checkpointing][INFO] - Scheduler state saved in /data/wxq/checkpoint/promptstereo-v6/IGEV/30000/scheduler.bin
[2025-11-03 01:54:02,695][accelerate.checkpointing][INFO] - Sampler state for dataloader 0 saved in /data/wxq/checkpoint/promptstereo-v6/IGEV/30000/sampler.bin
[2025-11-03 01:54:02,695][accelerate.checkpointing][INFO] - Sampler state for dataloader 1 saved in /data/wxq/checkpoint/promptstereo-v6/IGEV/30000/sampler_1.bin
[2025-11-03 01:54:02,695][accelerate.checkpointing][INFO] - Sampler state for dataloader 2 saved in /data/wxq/checkpoint/promptstereo-v6/IGEV/30000/sampler_2.bin
[2025-11-03 01:54:02,695][accelerate.checkpointing][INFO] - Sampler state for dataloader 3 saved in /data/wxq/checkpoint/promptstereo-v6/IGEV/30000/sampler_3.bin
[2025-11-03 01:54:02,696][accelerate.checkpointing][INFO] - Sampler state for dataloader 4 saved in /data/wxq/checkpoint/promptstereo-v6/IGEV/30000/sampler_4.bin
[2025-11-03 01:54:02,697][accelerate.checkpointing][INFO] - Random states saved in /data/wxq/checkpoint/promptstereo-v6/IGEV/30000/random_states_0.pkl
[2025-11-03 03:56:45,828][accelerate.accelerator][INFO] - Saving current state to /data/wxq/checkpoint/promptstereo-v6/IGEV/40000
[2025-11-03 03:56:47,807][accelerate.checkpointing][INFO] - Model weights saved in /data/wxq/checkpoint/promptstereo-v6/IGEV/40000/model.safetensors
[2025-11-03 03:56:48,139][accelerate.checkpointing][INFO] - Optimizer state saved in /data/wxq/checkpoint/promptstereo-v6/IGEV/40000/optimizer.bin
[2025-11-03 03:56:48,140][accelerate.checkpointing][INFO] - Scheduler state saved in /data/wxq/checkpoint/promptstereo-v6/IGEV/40000/scheduler.bin
[2025-11-03 03:56:48,140][accelerate.checkpointing][INFO] - Sampler state for dataloader 0 saved in /data/wxq/checkpoint/promptstereo-v6/IGEV/40000/sampler.bin
[2025-11-03 03:56:48,140][accelerate.checkpointing][INFO] - Sampler state for dataloader 1 saved in /data/wxq/checkpoint/promptstereo-v6/IGEV/40000/sampler_1.bin
[2025-11-03 03:56:48,140][accelerate.checkpointing][INFO] - Sampler state for dataloader 2 saved in /data/wxq/checkpoint/promptstereo-v6/IGEV/40000/sampler_2.bin
[2025-11-03 03:56:48,140][accelerate.checkpointing][INFO] - Sampler state for dataloader 3 saved in /data/wxq/checkpoint/promptstereo-v6/IGEV/40000/sampler_3.bin
[2025-11-03 03:56:48,140][accelerate.checkpointing][INFO] - Sampler state for dataloader 4 saved in /data/wxq/checkpoint/promptstereo-v6/IGEV/40000/sampler_4.bin
[2025-11-03 03:56:48,142][accelerate.checkpointing][INFO] - Random states saved in /data/wxq/checkpoint/promptstereo-v6/IGEV/40000/random_states_0.pkl
[2025-11-03 05:59:34,881][accelerate.accelerator][INFO] - Saving current state to /data/wxq/checkpoint/promptstereo-v6/IGEV/50000
[2025-11-03 05:59:36,635][accelerate.checkpointing][INFO] - Model weights saved in /data/wxq/checkpoint/promptstereo-v6/IGEV/50000/model.safetensors
[2025-11-03 05:59:36,958][accelerate.checkpointing][INFO] - Optimizer state saved in /data/wxq/checkpoint/promptstereo-v6/IGEV/50000/optimizer.bin
[2025-11-03 05:59:36,958][accelerate.checkpointing][INFO] - Scheduler state saved in /data/wxq/checkpoint/promptstereo-v6/IGEV/50000/scheduler.bin
[2025-11-03 05:59:36,958][accelerate.checkpointing][INFO] - Sampler state for dataloader 0 saved in /data/wxq/checkpoint/promptstereo-v6/IGEV/50000/sampler.bin
[2025-11-03 05:59:36,959][accelerate.checkpointing][INFO] - Sampler state for dataloader 1 saved in /data/wxq/checkpoint/promptstereo-v6/IGEV/50000/sampler_1.bin
[2025-11-03 05:59:36,959][accelerate.checkpointing][INFO] - Sampler state for dataloader 2 saved in /data/wxq/checkpoint/promptstereo-v6/IGEV/50000/sampler_2.bin
[2025-11-03 05:59:36,959][accelerate.checkpointing][INFO] - Sampler state for dataloader 3 saved in /data/wxq/checkpoint/promptstereo-v6/IGEV/50000/sampler_3.bin
[2025-11-03 05:59:36,959][accelerate.checkpointing][INFO] - Sampler state for dataloader 4 saved in /data/wxq/checkpoint/promptstereo-v6/IGEV/50000/sampler_4.bin
[2025-11-03 05:59:36,960][accelerate.checkpointing][INFO] - Random states saved in /data/wxq/checkpoint/promptstereo-v6/IGEV/50000/random_states_0.pkl
[2025-11-03 08:02:22,521][accelerate.accelerator][INFO] - Saving current state to /data/wxq/checkpoint/promptstereo-v6/IGEV/60000
[2025-11-03 08:02:24,414][accelerate.checkpointing][INFO] - Model weights saved in /data/wxq/checkpoint/promptstereo-v6/IGEV/60000/model.safetensors
[2025-11-03 08:02:24,765][accelerate.checkpointing][INFO] - Optimizer state saved in /data/wxq/checkpoint/promptstereo-v6/IGEV/60000/optimizer.bin
[2025-11-03 08:02:24,765][accelerate.checkpointing][INFO] - Scheduler state saved in /data/wxq/checkpoint/promptstereo-v6/IGEV/60000/scheduler.bin
[2025-11-03 08:02:24,765][accelerate.checkpointing][INFO] - Sampler state for dataloader 0 saved in /data/wxq/checkpoint/promptstereo-v6/IGEV/60000/sampler.bin
[2025-11-03 08:02:24,766][accelerate.checkpointing][INFO] - Sampler state for dataloader 1 saved in /data/wxq/checkpoint/promptstereo-v6/IGEV/60000/sampler_1.bin
[2025-11-03 08:02:24,766][accelerate.checkpointing][INFO] - Sampler state for dataloader 2 saved in /data/wxq/checkpoint/promptstereo-v6/IGEV/60000/sampler_2.bin
[2025-11-03 08:02:24,766][accelerate.checkpointing][INFO] - Sampler state for dataloader 3 saved in /data/wxq/checkpoint/promptstereo-v6/IGEV/60000/sampler_3.bin
[2025-11-03 08:02:24,766][accelerate.checkpointing][INFO] - Sampler state for dataloader 4 saved in /data/wxq/checkpoint/promptstereo-v6/IGEV/60000/sampler_4.bin
[2025-11-03 08:02:24,767][accelerate.checkpointing][INFO] - Random states saved in /data/wxq/checkpoint/promptstereo-v6/IGEV/60000/random_states_0.pkl
[2025-11-03 10:05:08,009][accelerate.accelerator][INFO] - Saving current state to /data/wxq/checkpoint/promptstereo-v6/IGEV/70000
[2025-11-03 10:05:09,965][accelerate.checkpointing][INFO] - Model weights saved in /data/wxq/checkpoint/promptstereo-v6/IGEV/70000/model.safetensors
[2025-11-03 10:05:10,298][accelerate.checkpointing][INFO] - Optimizer state saved in /data/wxq/checkpoint/promptstereo-v6/IGEV/70000/optimizer.bin
[2025-11-03 10:05:10,299][accelerate.checkpointing][INFO] - Scheduler state saved in /data/wxq/checkpoint/promptstereo-v6/IGEV/70000/scheduler.bin
[2025-11-03 10:05:10,299][accelerate.checkpointing][INFO] - Sampler state for dataloader 0 saved in /data/wxq/checkpoint/promptstereo-v6/IGEV/70000/sampler.bin
[2025-11-03 10:05:10,299][accelerate.checkpointing][INFO] - Sampler state for dataloader 1 saved in /data/wxq/checkpoint/promptstereo-v6/IGEV/70000/sampler_1.bin
[2025-11-03 10:05:10,300][accelerate.checkpointing][INFO] - Sampler state for dataloader 2 saved in /data/wxq/checkpoint/promptstereo-v6/IGEV/70000/sampler_2.bin
[2025-11-03 10:05:10,300][accelerate.checkpointing][INFO] - Sampler state for dataloader 3 saved in /data/wxq/checkpoint/promptstereo-v6/IGEV/70000/sampler_3.bin
[2025-11-03 10:05:10,300][accelerate.checkpointing][INFO] - Sampler state for dataloader 4 saved in /data/wxq/checkpoint/promptstereo-v6/IGEV/70000/sampler_4.bin
[2025-11-03 10:05:10,301][accelerate.checkpointing][INFO] - Random states saved in /data/wxq/checkpoint/promptstereo-v6/IGEV/70000/random_states_0.pkl
